Archive member included to satisfy reference by file (symbol)

/home/yashash/ti/ccs1020/ccs/tools/compiler/gcc-arm-none-eabi-7-2017-q4-major/bin/../lib/gcc/arm-none-eabi/7.2.1/../../../../arm-none-eabi/lib/thumb/v7e-m/fpv4-sp/hard/libc.a(lib_a-exit.o)
                              /home/yashash/ti/ccs1020/ccs/tools/compiler/gcc-arm-none-eabi-7-2017-q4-major/bin/../lib/gcc/arm-none-eabi/7.2.1/../../../../arm-none-eabi/lib/thumb/v7e-m/fpv4-sp/hard/crt0.o (exit)
/home/yashash/ti/ccs1020/ccs/tools/compiler/gcc-arm-none-eabi-7-2017-q4-major/bin/../lib/gcc/arm-none-eabi/7.2.1/../../../../arm-none-eabi/lib/thumb/v7e-m/fpv4-sp/hard/libc.a(lib_a-impure.o)
                              /home/yashash/ti/ccs1020/ccs/tools/compiler/gcc-arm-none-eabi-7-2017-q4-major/bin/../lib/gcc/arm-none-eabi/7.2.1/../../../../arm-none-eabi/lib/thumb/v7e-m/fpv4-sp/hard/libc.a(lib_a-exit.o) (_global_impure_ptr)
/home/yashash/ti/ccs1020/ccs/tools/compiler/gcc-arm-none-eabi-7-2017-q4-major/bin/../lib/gcc/arm-none-eabi/7.2.1/../../../../arm-none-eabi/lib/thumb/v7e-m/fpv4-sp/hard/libc.a(lib_a-init.o)
                              /home/yashash/ti/ccs1020/ccs/tools/compiler/gcc-arm-none-eabi-7-2017-q4-major/bin/../lib/gcc/arm-none-eabi/7.2.1/../../../../arm-none-eabi/lib/thumb/v7e-m/fpv4-sp/hard/crt0.o (__libc_init_array)
/home/yashash/ti/ccs1020/ccs/tools/compiler/gcc-arm-none-eabi-7-2017-q4-major/bin/../lib/gcc/arm-none-eabi/7.2.1/../../../../arm-none-eabi/lib/thumb/v7e-m/fpv4-sp/hard/libc.a(lib_a-memset.o)
                              /home/yashash/ti/ccs1020/ccs/tools/compiler/gcc-arm-none-eabi-7-2017-q4-major/bin/../lib/gcc/arm-none-eabi/7.2.1/../../../../arm-none-eabi/lib/thumb/v7e-m/fpv4-sp/hard/crt0.o (memset)
/home/yashash/ti/ccs1020/ccs/tools/compiler/gcc-arm-none-eabi-7-2017-q4-major/bin/../lib/gcc/arm-none-eabi/7.2.1/../../../../arm-none-eabi/lib/thumb/v7e-m/fpv4-sp/hard/libc.a(lib_a-strcmp.o)
                              ./sandeep.o (strcmp)
/home/yashash/ti/ccs1020/ccs/tools/compiler/gcc-arm-none-eabi-7-2017-q4-major/bin/../lib/gcc/arm-none-eabi/7.2.1/../../../../arm-none-eabi/lib/thumb/v7e-m/fpv4-sp/hard/libc.a(lib_a-strlen.o)
                              ./sandeep.o (strlen)
/home/yashash/ti/ccs1020/ccs/tools/compiler/gcc-arm-none-eabi-7-2017-q4-major/bin/../lib/gcc/arm-none-eabi/7.2.1/../../../../arm-none-eabi/lib/thumb/v7e-m/fpv4-sp/hard/libc.a(lib_a-__call_atexit.o)
                              /home/yashash/ti/ccs1020/ccs/tools/compiler/gcc-arm-none-eabi-7-2017-q4-major/bin/../lib/gcc/arm-none-eabi/7.2.1/../../../../arm-none-eabi/lib/thumb/v7e-m/fpv4-sp/hard/libc.a(lib_a-exit.o) (__call_exitprocs)
/home/yashash/ti/ccs1020/ccs/tools/compiler/gcc-arm-none-eabi-7-2017-q4-major/bin/../lib/gcc/arm-none-eabi/7.2.1/../../../../arm-none-eabi/lib/thumb/v7e-m/fpv4-sp/hard/libc.a(lib_a-atexit.o)
                              /home/yashash/ti/ccs1020/ccs/tools/compiler/gcc-arm-none-eabi-7-2017-q4-major/bin/../lib/gcc/arm-none-eabi/7.2.1/../../../../arm-none-eabi/lib/thumb/v7e-m/fpv4-sp/hard/libc.a(lib_a-__call_atexit.o) (atexit)
/home/yashash/ti/ccs1020/ccs/tools/compiler/gcc-arm-none-eabi-7-2017-q4-major/bin/../lib/gcc/arm-none-eabi/7.2.1/../../../../arm-none-eabi/lib/thumb/v7e-m/fpv4-sp/hard/libc.a(lib_a-fini.o)
                              /home/yashash/ti/ccs1020/ccs/tools/compiler/gcc-arm-none-eabi-7-2017-q4-major/bin/../lib/gcc/arm-none-eabi/7.2.1/../../../../arm-none-eabi/lib/thumb/v7e-m/fpv4-sp/hard/libc.a(lib_a-__call_atexit.o) (__libc_fini_array)
/home/yashash/ti/ccs1020/ccs/tools/compiler/gcc-arm-none-eabi-7-2017-q4-major/bin/../lib/gcc/arm-none-eabi/7.2.1/../../../../arm-none-eabi/lib/thumb/v7e-m/fpv4-sp/hard/libc.a(lib_a-lock.o)
                              /home/yashash/ti/ccs1020/ccs/tools/compiler/gcc-arm-none-eabi-7-2017-q4-major/bin/../lib/gcc/arm-none-eabi/7.2.1/../../../../arm-none-eabi/lib/thumb/v7e-m/fpv4-sp/hard/libc.a(lib_a-__call_atexit.o) (__retarget_lock_acquire_recursive)
/home/yashash/ti/ccs1020/ccs/tools/compiler/gcc-arm-none-eabi-7-2017-q4-major/bin/../lib/gcc/arm-none-eabi/7.2.1/../../../../arm-none-eabi/lib/thumb/v7e-m/fpv4-sp/hard/libc.a(lib_a-__atexit.o)
                              /home/yashash/ti/ccs1020/ccs/tools/compiler/gcc-arm-none-eabi-7-2017-q4-major/bin/../lib/gcc/arm-none-eabi/7.2.1/../../../../arm-none-eabi/lib/thumb/v7e-m/fpv4-sp/hard/libc.a(lib_a-atexit.o) (__register_exitproc)
/home/yashash/ti/TivaWare_C_Series-2.1.4.178/driverlib/gcc/libdriver.a(gpio.o)
                              ./sandeep.o (GPIOPinTypeUART)
/home/yashash/ti/TivaWare_C_Series-2.1.4.178/driverlib/gcc/libdriver.a(interrupt.o)
                              /home/yashash/ti/TivaWare_C_Series-2.1.4.178/driverlib/gcc/libdriver.a(gpio.o) (IntRegister)
/home/yashash/ti/TivaWare_C_Series-2.1.4.178/driverlib/gcc/libdriver.a(sysctl.o)
                              ./sandeep.o (SysCtlPeripheralEnable)
/home/yashash/ti/TivaWare_C_Series-2.1.4.178/driverlib/gcc/libdriver.a(uart.o)
[...]
Memory Configuration

Name             Origin             Length             Attributes
FLASH            0x0000000000000000 0x0000000000040000 xr
SRAM             0x0000000020000000 0x0000000000008000 xw
*default*        0x0000000000000000 0xffffffffffffffff

Linker script and memory map

LOAD /home/yashash/ti/ccs1020/ccs/tools/compiler/gcc-arm-none-eabi-7-2017-q4-major/bin/../lib/gcc/arm-none-eabi/7.2.1/thumb/v7e-m/fpv4-sp/hard/crti.o
LOAD /home/yashash/ti/ccs1020/ccs/tools/compiler/gcc-arm-none-eabi-7-2017-q4-major/bin/../lib/gcc/arm-none-eabi/7.2.1/thumb/v7e-m/fpv4-sp/hard/crtbegin.o
LOAD /home/yashash/ti/ccs1020/ccs/tools/compiler/gcc-arm-none-eabi-7-2017-q4-major/bin/../lib/gcc/arm-none-eabi/7.2.1/../../../../arm-none-eabi/lib/thumb/v7e-m/fpv4-sp/hard/crt0.o
LOAD ./ADC.o
LOAD ./main.o
LOAD ./pwm_motor.o
LOAD ./sandeep.o
LOAD ./tm4c123gh6pm_startup_ccs_gcc.o
                0x0000000000000000                PROVIDE (_intvecs_base_address, 0x0)

.intvecs        0x0000000000000000      0x26c
 *(.intvecs)
 .intvecs       0x0000000000000000      0x26c ./tm4c123gh6pm_startup_ccs_gcc.o
                0x0000000000000000                g_pfnVectors
                0x0000000020000000                PROVIDE (_vtable_base_address, 0x20000000)

.vtable
 *(.vtable)

.text           0x0000000000000280     0x3f0c
 CREATE_OBJECT_SYMBOLS
 *(.text)
 .text          0x0000000000000280        0x0 /home/yashash/ti/ccs1020/ccs/tools/compiler/gcc-arm-none-eabi-7-2017-q4-major/bin/../lib/gcc/arm-none-eabi/7.2.1/thumb/v7e-m/fpv4-sp/hard/crti.o
 .text          0x0000000000000280       0x40 /home/yashash/ti/ccs1020/ccs/tools/compiler/gcc-arm-none-eabi-7-2017-q4-major/bin/../lib/gcc/arm-none-eabi/7.2.1/thumb/v7e-m/fpv4-sp/hard/crtbegin.o
 .text          0x00000000000002c0       0x74 /home/yashash/ti/ccs1020/ccs/tools/compiler/gcc-arm-none-eabi-7-2017-q4-major/bin/../lib/gcc/arm-none-eabi/7.2.1/../../../../arm-none-eabi/lib/thumb/v7e-m/fpv4-sp/hard/crt0.o
                0x00000000000002c0                _mainCRTStartup
                0x00000000000002c0                _start
 .text          0x0000000000000334        0x0 ./ADC.o
 .text          0x0000000000000334        0x0 ./main.o
 .text          0x0000000000000334        0x0 ./pwm_motor.o
 .text          0x0000000000000334        0x0 ./sandeep.o
 .text          0x0000000000000334        0x0 ./tm4c123gh6pm_startup_ccs_gcc.o
 .text          0x0000000000000334        0x0 /home/yashash/ti/ccs1020/ccs/tools/compiler/gcc-arm-none-eabi-7-2017-q4-major/bin/../lib/gcc/arm-none-eabi/7.2.1/../../../../arm-none-eabi/lib/thumb/v7e-m/fpv4-sp/hard/libc.a(lib_a-exit.o)
 .text          0x0000000000000334        0x0 /home/yashash/ti/ccs1020/ccs/tools/compiler/gcc-arm-none-eabi-7-2017-q4-major/bin/../lib/gcc/arm-none-eabi/7.2.1/../../../../arm-none-eabi/lib/thumb/v7e-m/fpv4-sp/hard/libc.a(lib_a-impure.o)
 .text          0x0000000000000334        0x0 /home/yashash/ti/ccs1020/ccs/tools/compiler/gcc-arm-none-eabi-7-2017-q4-major/bin/../lib/gcc/arm-none-eabi/7.2.1/../../../../arm-none-eabi/lib/thumb/v7e-m/fpv4-sp/hard/libc.a(lib_a-init.o)
 .text          0x0000000000000334        0x0 /home/yashash/ti/ccs1020/ccs/tools/compiler/gcc-arm-none-eabi-7-2017-q4-major/bin/../lib/gcc/arm-none-eabi/7.2.1/../../../../arm-none-eabi/lib/thumb/v7e-m/fpv4-sp/hard/libc.a(lib_a-memset.o)
 *fill*         0x0000000000000334        0xc 
 .text          0x0000000000000340      0x2dc /home/yashash/ti/ccs1020/ccs/tools/compiler/gcc-arm-none-eabi-7-2017-q4-major/bin/../lib/gcc/arm-none-eabi/7.2.1/../../../../arm-none-eabi/lib/thumb/v7e-m/fpv4-sp/hard/libc.a(lib_a-strcmp.o)
                0x0000000000000348                strcmp
 *fill*         0x000000000000061c       0x24 
 .text          0x0000000000000640       0xdc /home/yashash/ti/ccs1020/ccs/tools/compiler/gcc-arm-none-eabi-7-2017-q4-major/bin/../lib/gcc/arm-none-eabi/7.2.1/../../../../arm-none-eabi/lib/thumb/v7e-m/fpv4-sp/hard/libc.a(lib_a-strlen.o)
                0x0000000000000640                strlen
 .text          0x000000000000071c        0x0 /home/yashash/ti/ccs1020/ccs/tools/compiler/gcc-arm-none-eabi-7-2017-q4-major/bin/../lib/gcc/arm-none-eabi/7.2.1/../../../../arm-none-eabi/lib/thumb/v7e-m/fpv4-sp/hard/libc.a(lib_a-__call_atexit.o)
 .text          0x000000000000071c        0x0 /home/yashash/ti/ccs1020/ccs/tools/compiler/gcc-arm-none-eabi-7-2017-q4-major/bin/../lib/gcc/arm-none-eabi/7.2.1/../../../../arm-none-eabi/lib/thumb/v7e-m/fpv4-sp/hard/libc.a(lib_a-atexit.o)
 .text          0x000000000000071c        0x0 /home/yashash/ti/ccs1020/ccs/tools/compiler/gcc-arm-none-eabi-7-2017-q4-major/bin/../lib/gcc/arm-none-eabi/7.2.1/../../../../arm-none-eabi/lib/thumb/v7e-m/fpv4-sp/hard/libc.a(lib_a-fini.o)
 .text          0x000000000000071c        0x0 /home/yashash/ti/ccs1020/ccs/tools/compiler/gcc-arm-none-eabi-7-2017-q4-major/bin/../lib/gcc/arm-none-eabi/7.2.1/../../../../arm-none-eabi/lib/thumb/v7e-m/fpv4-sp/hard/libc.a(lib_a-lock.o)
 .text          0x000000000000071c        0x0 /home/yashash/ti/ccs1020/ccs/tools/compiler/gcc-arm-none-eabi-7-2017-q4-major/bin/../lib/gcc/arm-none-eabi/7.2.1/../../../../arm-none-eabi/lib/thumb/v7e-m/fpv4-sp/hard/libc.a(lib_a-__atexit.o)
 .text          0x000000000000071c        0x0 /home/yashash/ti/TivaWare_C_Series-2.1.4.178/driverlib/gcc/libdriver.a(gpio.o)
 .text          0x000000000000071c        0x0 /home/yashash/ti/TivaWare_C_Series-2.1.4.178/driverlib/gcc/libdriver.a(interrupt.o)
 .text          0x000000000000071c        0x0 /home/yashash/ti/TivaWare_C_Series-2.1.4.178/driverlib/gcc/libdriver.a(sysctl.o)
 .text          0x000000000000071c        0x0 /home/yashash/ti/TivaWare_C_Series-2.1.4.178/driverlib/gcc/libdriver.a(uart.o)
 .text          0x000000000000071c        0x0 /home/yashash/ti/TivaWare_C_Series-2.1.4.178/driverlib/gcc/libdriver.a(cpu.o)
 .text          0x000000000000071c      0x378 /home/yashash/ti/ccs1020/ccs/tools/compiler/gcc-arm-none-eabi-7-2017-q4-major/bin/../lib/gcc/arm-none-eabi/7.2.1/thumb/v7e-m/fpv4-sp/hard/libgcc.a(_arm_addsubdf3.o)
                0x000000000000071c                __aeabi_drsub
                0x0000000000000724                __aeabi_dsub
                0x0000000000000724                __subdf3
                0x0000000000000728                __adddf3
                0x0000000000000728                __aeabi_dadd
                0x00000000000009a0                __aeabi_ui2d
                0x00000000000009a0                __floatunsidf
                0x00000000000009c0                __floatsidf
                0x00000000000009c0                __aeabi_i2d
                0x00000000000009e4                __extendsfdf2
                0x00000000000009e4                __aeabi_f2d
                0x0000000000000a28                __aeabi_ul2d
                0x0000000000000a28                __floatundidf
                0x0000000000000a38                __floatdidf
                0x0000000000000a38                __aeabi_l2d
 .text          0x0000000000000a94      0x424 /home/yashash/ti/ccs1020/ccs/tools/compiler/gcc-arm-none-eabi-7-2017-q4-major/bin/../lib/gcc/arm-none-eabi/7.2.1/thumb/v7e-m/fpv4-sp/hard/libgcc.a(_arm_muldivdf3.o)
                0x0000000000000a94                __aeabi_dmul
                0x0000000000000a94                __muldf3
                0x0000000000000ce8                __aeabi_ddiv
                0x0000000000000ce8                __divdf3
 .text          0x0000000000000eb8       0xa0 /home/yashash/ti/ccs1020/ccs/tools/compiler/gcc-arm-none-eabi-7-2017-q4-major/bin/../lib/gcc/arm-none-eabi/7.2.1/thumb/v7e-m/fpv4-sp/hard/libgcc.a(_arm_truncdfsf2.o)
                0x0000000000000eb8                __aeabi_d2f
                0x0000000000000eb8                __truncdfsf2
 .text          0x0000000000000f58        0x0 /home/yashash/ti/ccs1020/ccs/tools/compiler/gcc-arm-none-eabi-7-2017-q4-major/bin/../lib/gcc/arm-none-eabi/7.2.1/../../../../arm-none-eabi/lib/thumb/v7e-m/fpv4-sp/hard/libnosys.a(_exit.o)
 .text          0x0000000000000f58        0x0 /home/yashash/ti/ccs1020/ccs/tools/compiler/gcc-arm-none-eabi-7-2017-q4-major/bin/../lib/gcc/arm-none-eabi/7.2.1/thumb/v7e-m/fpv4-sp/hard/crtend.o
 .text          0x0000000000000f58        0x0 /home/yashash/ti/ccs1020/ccs/tools/compiler/gcc-arm-none-eabi-7-2017-q4-major/bin/../lib/gcc/arm-none-eabi/7.2.1/thumb/v7e-m/fpv4-sp/hard/crtn.o
 *(.text.*)
 .text.ADC0_Init
                0x0000000000000f58       0xa4 ./ADC.o
                0x0000000000000f58                ADC0_Init
 .text.PORTB_Init
                0x0000000000000ffc       0x64 ./ADC.o
                0x0000000000000ffc                PORTB_Init
 .text.PORTA_Init
                0x0000000000001060       0x50 ./ADC.o
                0x0000000000001060                PORTA_Init
 .text.delayMs  0x00000000000010b0       0x3e ./ADC.o
                0x00000000000010b0                delayMs
 *fill*         0x00000000000010ee        0x2 
 .text.main     0x00000000000010f0      0x1dc ./main.o
                0x00000000000010f0                main
 .text.PWM_Init
                0x00000000000012cc       0xb0 ./pwm_motor.o
                0x00000000000012cc                PWM_Init
 .text.SysTickDelay
                0x000000000000137c       0x58 ./sandeep.o
                0x000000000000137c                SysTickDelay
 .text.main     0x00000000000013d4      0xa30 ./sandeep.o
 .text.GPIOPortF_Handler
                0x0000000000001e04       0x98 ./sandeep.o
                0x0000000000001e04                GPIOPortF_Handler
 .text.fsuspend
                0x0000000000001e9c       0xdc ./sandeep.o
                0x0000000000001e9c                fsuspend
 .text.LCDConfig
                0x0000000000001f78       0x44 ./sandeep.o
                0x0000000000001f78                LCDConfig
 .text.LCDInit  0x0000000000001fbc       0x7c ./sandeep.o
                0x0000000000001fbc                LCDInit
 .text.InstrEnablePulse
                0x0000000000002038       0x20 ./sandeep.o
                0x0000000000002038                InstrEnablePulse
 .text.DataEnablePulse
                0x0000000000002058       0x24 ./sandeep.o
                0x0000000000002058                DataEnablePulse
 .text.ClearLCD
                0x000000000000207c       0x18 ./sandeep.o
                0x000000000000207c                ClearLCD
 .text.FirstLine
                0x0000000000002094       0x18 ./sandeep.o
                0x0000000000002094                FirstLine
 .text.SecondLine
                0x00000000000020ac       0x18 ./sandeep.o
                0x00000000000020ac                SecondLine
 .text.CursorBlink
                0x00000000000020c4       0x18 ./sandeep.o
                0x00000000000020c4                CursorBlink
 .text.writeStringLCD
                0x00000000000020dc       0x40 ./sandeep.o
                0x00000000000020dc                writeStringLCD
 .text.SetUart  0x000000000000211c       0x54 ./sandeep.o
                0x000000000000211c                SetUart
 .text.GPIOPortF_Init
                0x0000000000002170       0xd8 ./sandeep.o
                0x0000000000002170                GPIOPortF_Init
 .text.intToHex
                0x0000000000002248       0x8c ./sandeep.o
                0x0000000000002248                intToHex
 .text.writeData
                0x00000000000022d4       0xe8 ./sandeep.o
                0x00000000000022d4                writeData
 .text.delayMs  0x00000000000023bc       0x3e ./sandeep.o
 *fill*         0x00000000000023fa        0x2 
 .text.greenblink
                0x00000000000023fc       0x24 ./sandeep.o
                0x00000000000023fc                greenblink
 .text.keypad_init
                0x0000000000002420       0x8c ./sandeep.o
                0x0000000000002420                keypad_init
 .text.keypad_kbhit
                0x00000000000024ac      0x10c ./sandeep.o
                0x00000000000024ac                keypad_kbhit
 .text.setPWM   0x00000000000025b8       0xb0 ./sandeep.o
                0x00000000000025b8                setPWM
 .text.ResetISR
                0x0000000000002668       0x6c ./tm4c123gh6pm_startup_ccs_gcc.o
                0x0000000000002668                ResetISR
 .text.NmiSR    0x00000000000026d4        0x6 ./tm4c123gh6pm_startup_ccs_gcc.o
 .text.FaultISR
                0x00000000000026da        0x6 ./tm4c123gh6pm_startup_ccs_gcc.o
 .text.IntDefaultHandler
                0x00000000000026e0        0x6 ./tm4c123gh6pm_startup_ccs_gcc.o
 *fill*         0x00000000000026e6        0x2 
 .text.exit     0x00000000000026e8       0x20 /home/yashash/ti/ccs1020/ccs/tools/compiler/gcc-arm-none-eabi-7-2017-q4-major/bin/../lib/gcc/arm-none-eabi/7.2.1/../../../../arm-none-eabi/lib/thumb/v7e-m/fpv4-sp/hard/libc.a(lib_a-exit.o)
                0x00000000000026e8                exit
 .text.__libc_init_array
                0x0000000000002708       0x48 /home/yashash/ti/ccs1020/ccs/tools/compiler/gcc-arm-none-eabi-7-2017-q4-major/bin/../lib/gcc/arm-none-eabi/7.2.1/../../../../arm-none-eabi/lib/thumb/v7e-m/fpv4-sp/hard/libc.a(lib_a-init.o)
                0x0000000000002708                __libc_init_array
 .text.memset   0x0000000000002750       0x94 /home/yashash/ti/ccs1020/ccs/tools/compiler/gcc-arm-none-eabi-7-2017-q4-major/bin/../lib/gcc/arm-none-eabi/7.2.1/../../../../arm-none-eabi/lib/thumb/v7e-m/fpv4-sp/hard/libc.a(lib_a-memset.o)
                0x0000000000002750                memset
 .text.startup.register_fini
                0x00000000000027e4       0x14 /home/yashash/ti/ccs1020/ccs/tools/compiler/gcc-arm-none-eabi-7-2017-q4-major/bin/../lib/gcc/arm-none-eabi/7.2.1/../../../../arm-none-eabi/lib/thumb/v7e-m/fpv4-sp/hard/libc.a(lib_a-__call_atexit.o)
 .text.__call_exitprocs
                0x00000000000027f8       0xe8 /home/yashash/ti/ccs1020/ccs/tools/compiler/gcc-arm-none-eabi-7-2017-q4-major/bin/../lib/gcc/arm-none-eabi/7.2.1/../../../../arm-none-eabi/lib/thumb/v7e-m/fpv4-sp/hard/libc.a(lib_a-__call_atexit.o)
                0x00000000000027f8                __call_exitprocs
 .text.atexit   0x00000000000028e0        0xc /home/yashash/ti/ccs1020/ccs/tools/compiler/gcc-arm-none-eabi-7-2017-q4-major/bin/../lib/gcc/arm-none-eabi/7.2.1/../../../../arm-none-eabi/lib/thumb/v7e-m/fpv4-sp/hard/libc.a(lib_a-atexit.o)
                0x00000000000028e0                atexit
 .text.__libc_fini_array
                0x00000000000028ec       0x34 /home/yashash/ti/ccs1020/ccs/tools/compiler/gcc-arm-none-eabi-7-2017-q4-major/bin/../lib/gcc/arm-none-eabi/7.2.1/../../../../arm-none-eabi/lib/thumb/v7e-m/fpv4-sp/hard/libc.a(lib_a-fini.o)
                0x00000000000028ec                __libc_fini_array
 .text.__retarget_lock_init
                0x0000000000002920        0x4 /home/yashash/ti/ccs1020/ccs/tools/compiler/gcc-arm-none-eabi-7-2017-q4-major/bin/../lib/gcc/arm-none-eabi/7.2.1/../../../../arm-none-eabi/lib/thumb/v7e-m/fpv4-sp/hard/libc.a(lib_a-lock.o)
                0x0000000000002920                __retarget_lock_init
 .text.__retarget_lock_init_recursive
                0x0000000000002924        0x4 /home/yashash/ti/ccs1020/ccs/tools/compiler/gcc-arm-none-eabi-7-2017-q4-major/bin/../lib/gcc/arm-none-eabi/7.2.1/../../../../arm-none-eabi/lib/thumb/v7e-m/fpv4-sp/hard/libc.a(lib_a-lock.o)
                0x0000000000002924                __retarget_lock_init_recursive
 .text.__retarget_lock_close
                0x0000000000002928        0x4 /home/yashash/ti/ccs1020/ccs/tools/compiler/gcc-arm-none-eabi-7-2017-q4-major/bin/../lib/gcc/arm-none-eabi/7.2.1/../../../../arm-none-eabi/lib/thumb/v7e-m/fpv4-sp/hard/libc.a(lib_a-lock.o)
                0x0000000000002928                __retarget_lock_close
 .text.__retarget_lock_close_recursive
                0x000000000000292c        0x4 /home/yashash/ti/ccs1020/ccs/tools/compiler/gcc-arm-none-eabi-7-2017-q4-major/bin/../lib/gcc/arm-none-eabi/7.2.1/../../../../arm-none-eabi/lib/thumb/v7e-m/fpv4-sp/hard/libc.a(lib_a-lock.o)
                0x000000000000292c                __retarget_lock_close_recursive
 .text.__retarget_lock_acquire
                0x0000000000002930        0x4 /home/yashash/ti/ccs1020/ccs/tools/compiler/gcc-arm-none-eabi-7-2017-q4-major/bin/../lib/gcc/arm-none-eabi/7.2.1/../../../../arm-none-eabi/lib/thumb/v7e-m/fpv4-sp/hard/libc.a(lib_a-lock.o)
                0x0000000000002930                __retarget_lock_acquire
 .text.__retarget_lock_acquire_recursive
                0x0000000000002934        0x4 /home/yashash/ti/ccs1020/ccs/tools/compiler/gcc-arm-none-eabi-7-2017-q4-major/bin/../lib/gcc/arm-none-eabi/7.2.1/../../../../arm-none-eabi/lib/thumb/v7e-m/fpv4-sp/hard/libc.a(lib_a-lock.o)
                0x0000000000002934                __retarget_lock_acquire_recursive
 .text.__retarget_lock_try_acquire
                0x0000000000002938        0x4 /home/yashash/ti/ccs1020/ccs/tools/compiler/gcc-arm-none-eabi-7-2017-q4-major/bin/../lib/gcc/arm-none-eabi/7.2.1/../../../../arm-none-eabi/lib/thumb/v7e-m/fpv4-sp/hard/libc.a(lib_a-lock.o)
                0x0000000000002938                __retarget_lock_try_acquire
 .text.__retarget_lock_try_acquire_recursive
                0x000000000000293c        0x4 /home/yashash/ti/ccs1020/ccs/tools/compiler/gcc-arm-none-eabi-7-2017-q4-major/bin/../lib/gcc/arm-none-eabi/7.2.1/../../../../arm-none-eabi/lib/thumb/v7e-m/fpv4-sp/hard/libc.a(lib_a-lock.o)
                0x000000000000293c                __retarget_lock_try_acquire_recursive
 .text.__retarget_lock_release
                0x0000000000002940        0x4 /home/yashash/ti/ccs1020/ccs/tools/compiler/gcc-arm-none-eabi-7-2017-q4-major/bin/../lib/gcc/arm-none-eabi/7.2.1/../../../../arm-none-eabi/lib/thumb/v7e-m/fpv4-sp/hard/libc.a(lib_a-lock.o)
                0x0000000000002940                __retarget_lock_release
 .text.__retarget_lock_release_recursive
                0x0000000000002944        0x4 /home/yashash/ti/ccs1020/ccs/tools/compiler/gcc-arm-none-eabi-7-2017-q4-major/bin/../lib/gcc/arm-none-eabi/7.2.1/../../../../arm-none-eabi/lib/thumb/v7e-m/fpv4-sp/hard/libc.a(lib_a-lock.o)
                0x0000000000002944                __retarget_lock_release_recursive
 .text.__register_exitproc
                0x0000000000002948       0xc0 /home/yashash/ti/ccs1020/ccs/tools/compiler/gcc-arm-none-eabi-7-2017-q4-major/bin/../lib/gcc/arm-none-eabi/7.2.1/../../../../arm-none-eabi/lib/thumb/v7e-m/fpv4-sp/hard/libc.a(lib_a-__atexit.o)
                0x0000000000002948                __register_exitproc
 .text._GPIOIntNumberGet
                0x0000000000002a08       0x48 /home/yashash/ti/TivaWare_C_Series-2.1.4.178/driverlib/gcc/libdriver.a(gpio.o)
 .text.GPIODirModeSet
                0x0000000000002a50       0x2e /home/yashash/ti/TivaWare_C_Series-2.1.4.178/driverlib/gcc/libdriver.a(gpio.o)
                0x0000000000002a50                GPIODirModeSet
 .text.GPIODirModeGet
                0x0000000000002a7e       0x24 /home/yashash/ti/TivaWare_C_Series-2.1.4.178/driverlib/gcc/libdriver.a(gpio.o)
                0x0000000000002a7e                GPIODirModeGet
 .text.GPIOIntTypeSet
                0x0000000000002aa2       0x5a /home/yashash/ti/TivaWare_C_Series-2.1.4.178/driverlib/gcc/libdriver.a(gpio.o)
                0x0000000000002aa2                GPIOIntTypeSet
 .text.GPIOIntTypeGet
                0x0000000000002afc       0x4a /home/yashash/ti/TivaWare_C_Series-2.1.4.178/driverlib/gcc/libdriver.a(gpio.o)
                0x0000000000002afc                GPIOIntTypeGet
 .text.GPIOPadConfigSet
                0x0000000000002b46      0x130 /home/yashash/ti/TivaWare_C_Series-2.1.4.178/driverlib/gcc/libdriver.a(gpio.o)
                0x0000000000002b46                GPIOPadConfigSet
 .text.GPIOPadConfigGet
                0x0000000000002c76       0xc4 /home/yashash/ti/TivaWare_C_Series-2.1.4.178/driverlib/gcc/libdriver.a(gpio.o)
                0x0000000000002c76                GPIOPadConfigGet
 .text.GPIOIntEnable
                0x0000000000002d3a        0xc /home/yashash/ti/TivaWare_C_Series-2.1.4.178/driverlib/gcc/libdriver.a(gpio.o)
                0x0000000000002d3a                GPIOIntEnable
 .text.GPIOIntDisable
                0x0000000000002d46        0xe /home/yashash/ti/TivaWare_C_Series-2.1.4.178/driverlib/gcc/libdriver.a(gpio.o)
                0x0000000000002d46                GPIOIntDisable
 .text.GPIOIntStatus
                0x0000000000002d54        0xe /home/yashash/ti/TivaWare_C_Series-2.1.4.178/driverlib/gcc/libdriver.a(gpio.o)
                0x0000000000002d54                GPIOIntStatus
 .text.GPIOIntClear
                0x0000000000002d62        0x6 /home/yashash/ti/TivaWare_C_Series-2.1.4.178/driverlib/gcc/libdriver.a(gpio.o)
                0x0000000000002d62                GPIOIntClear
 .text.GPIOIntRegister
                0x0000000000002d68       0x1a /home/yashash/ti/TivaWare_C_Series-2.1.4.178/driverlib/gcc/libdriver.a(gpio.o)
                0x0000000000002d68                GPIOIntRegister
 .text.GPIOIntUnregister
                0x0000000000002d82       0x16 /home/yashash/ti/TivaWare_C_Series-2.1.4.178/driverlib/gcc/libdriver.a(gpio.o)
                0x0000000000002d82                GPIOIntUnregister
 .text.GPIOIntRegisterPin
                0x0000000000002d98       0x1e /home/yashash/ti/TivaWare_C_Series-2.1.4.178/driverlib/gcc/libdriver.a(gpio.o)
                0x0000000000002d98                GPIOIntRegisterPin
 .text.GPIOIntUnregisterPin
                0x0000000000002db6       0x1a /home/yashash/ti/TivaWare_C_Series-2.1.4.178/driverlib/gcc/libdriver.a(gpio.o)
                0x0000000000002db6                GPIOIntUnregisterPin
 .text.GPIOPinRead
                0x0000000000002dd0        0x6 /home/yashash/ti/TivaWare_C_Series-2.1.4.178/driverlib/gcc/libdriver.a(gpio.o)
                0x0000000000002dd0                GPIOPinRead
 .text.GPIOPinWrite
                0x0000000000002dd6        0x6 /home/yashash/ti/TivaWare_C_Series-2.1.4.178/driverlib/gcc/libdriver.a(gpio.o)
                0x0000000000002dd6                GPIOPinWrite
 .text.GPIOPinTypeADC
                0x0000000000002ddc       0x1c /home/yashash/ti/TivaWare_C_Series-2.1.4.178/driverlib/gcc/libdriver.a(gpio.o)
                0x0000000000002ddc                GPIOPinTypeADC
 .text.GPIOPinTypeCAN
                0x0000000000002df8       0x1c /home/yashash/ti/TivaWare_C_Series-2.1.4.178/driverlib/gcc/libdriver.a(gpio.o)
                0x0000000000002df8                GPIOPinTypeCAN
 .text.GPIOPinTypeComparator
                0x0000000000002e14       0x1c /home/yashash/ti/TivaWare_C_Series-2.1.4.178/driverlib/gcc/libdriver.a(gpio.o)
                0x0000000000002e14                GPIOPinTypeComparator
 .text.GPIOPinTypeComparatorOutput
                0x0000000000002e30       0x1c /home/yashash/ti/TivaWare_C_Series-2.1.4.178/driverlib/gcc/libdriver.a(gpio.o)
                0x0000000000002e30                GPIOPinTypeComparatorOutput
 .text.GPIOPinTypeDIVSCLK
                0x0000000000002e4c       0x1c /home/yashash/ti/TivaWare_C_Series-2.1.4.178/driverlib/gcc/libdriver.a(gpio.o)
                0x0000000000002e4c                GPIOPinTypeDIVSCLK
 .text.GPIOPinTypeEPI
                0x0000000000002e68       0x1c /home/yashash/ti/TivaWare_C_Series-2.1.4.178/driverlib/gcc/libdriver.a(gpio.o)
                0x0000000000002e68                GPIOPinTypeEPI
 .text.GPIOPinTypeEthernetLED
                0x0000000000002e84       0x1c /home/yashash/ti/TivaWare_C_Series-2.1.4.178/driverlib/gcc/libdriver.a(gpio.o)
                0x0000000000002e84                GPIOPinTypeEthernetLED
 .text.GPIOPinTypeEthernetMII
                0x0000000000002ea0       0x1c /home/yashash/ti/TivaWare_C_Series-2.1.4.178/driverlib/gcc/libdriver.a(gpio.o)
                0x0000000000002ea0                GPIOPinTypeEthernetMII
 .text.GPIOPinTypeGPIOInput
                0x0000000000002ebc       0x1c /home/yashash/ti/TivaWare_C_Series-2.1.4.178/driverlib/gcc/libdriver.a(gpio.o)
                0x0000000000002ebc                GPIOPinTypeGPIOInput
 .text.GPIOPinTypeGPIOOutput
                0x0000000000002ed8       0x1c /home/yashash/ti/TivaWare_C_Series-2.1.4.178/driverlib/gcc/libdriver.a(gpio.o)
                0x0000000000002ed8                GPIOPinTypeGPIOOutput
 .text.GPIOPinTypeGPIOOutputOD
                0x0000000000002ef4       0x1c /home/yashash/ti/TivaWare_C_Series-2.1.4.178/driverlib/gcc/libdriver.a(gpio.o)
                0x0000000000002ef4                GPIOPinTypeGPIOOutputOD
 .text.GPIOPinTypeHibernateRTCCLK
                0x0000000000002f10       0x1c /home/yashash/ti/TivaWare_C_Series-2.1.4.178/driverlib/gcc/libdriver.a(gpio.o)
                0x0000000000002f10                GPIOPinTypeHibernateRTCCLK
 .text.GPIOPinTypeI2C
                0x0000000000002f2c       0x1c /home/yashash/ti/TivaWare_C_Series-2.1.4.178/driverlib/gcc/libdriver.a(gpio.o)
                0x0000000000002f2c                GPIOPinTypeI2C
 .text.GPIOPinTypeI2CSCL
                0x0000000000002f48       0x1c /home/yashash/ti/TivaWare_C_Series-2.1.4.178/driverlib/gcc/libdriver.a(gpio.o)
                0x0000000000002f48                GPIOPinTypeI2CSCL
 .text.GPIOPinTypeLCD
                0x0000000000002f64       0x1c /home/yashash/ti/TivaWare_C_Series-2.1.4.178/driverlib/gcc/libdriver.a(gpio.o)
                0x0000000000002f64                GPIOPinTypeLCD
 .text.GPIOPinTypeOneWire
                0x0000000000002f80       0x1c /home/yashash/ti/TivaWare_C_Series-2.1.4.178/driverlib/gcc/libdriver.a(gpio.o)
                0x0000000000002f80                GPIOPinTypeOneWire
 .text.GPIOPinTypePWM
                0x0000000000002f9c       0x1c /home/yashash/ti/TivaWare_C_Series-2.1.4.178/driverlib/gcc/libdriver.a(gpio.o)
                0x0000000000002f9c                GPIOPinTypePWM
 .text.GPIOPinTypeQEI
                0x0000000000002fb8       0x1c /home/yashash/ti/TivaWare_C_Series-2.1.4.178/driverlib/gcc/libdriver.a(gpio.o)
                0x0000000000002fb8                GPIOPinTypeQEI
 .text.GPIOPinTypeSSI
                0x0000000000002fd4       0x1c /home/yashash/ti/TivaWare_C_Series-2.1.4.178/driverlib/gcc/libdriver.a(gpio.o)
                0x0000000000002fd4                GPIOPinTypeSSI
 .text.GPIOPinTypeTimer
                0x0000000000002ff0       0x1c /home/yashash/ti/TivaWare_C_Series-2.1.4.178/driverlib/gcc/libdriver.a(gpio.o)
                0x0000000000002ff0                GPIOPinTypeTimer
 .text.GPIOPinTypeTrace
                0x000000000000300c       0x1c /home/yashash/ti/TivaWare_C_Series-2.1.4.178/driverlib/gcc/libdriver.a(gpio.o)
                0x000000000000300c                GPIOPinTypeTrace
 .text.GPIOPinTypeUART
                0x0000000000003028       0x1c /home/yashash/ti/TivaWare_C_Series-2.1.4.178/driverlib/gcc/libdriver.a(gpio.o)
                0x0000000000003028                GPIOPinTypeUART
 .text.GPIOPinTypeUSBAnalog
                0x0000000000003044       0x1c /home/yashash/ti/TivaWare_C_Series-2.1.4.178/driverlib/gcc/libdriver.a(gpio.o)
                0x0000000000003044                GPIOPinTypeUSBAnalog
 .text.GPIOPinTypeUSBDigital
                0x0000000000003060       0x1c /home/yashash/ti/TivaWare_C_Series-2.1.4.178/driverlib/gcc/libdriver.a(gpio.o)
                0x0000000000003060                GPIOPinTypeUSBDigital
 .text.GPIOPinTypeWakeHigh
                0x000000000000307c       0x1e /home/yashash/ti/TivaWare_C_Series-2.1.4.178/driverlib/gcc/libdriver.a(gpio.o)
                0x000000000000307c                GPIOPinTypeWakeHigh
 .text.GPIOPinTypeWakeLow
                0x000000000000309a       0x1e /home/yashash/ti/TivaWare_C_Series-2.1.4.178/driverlib/gcc/libdriver.a(gpio.o)
                0x000000000000309a                GPIOPinTypeWakeLow
 .text.GPIOPinWakeStatus
                0x00000000000030b8        0x6 /home/yashash/ti/TivaWare_C_Series-2.1.4.178/driverlib/gcc/libdriver.a(gpio.o)
                0x00000000000030b8                GPIOPinWakeStatus
 *fill*         0x00000000000030be        0x2 
 .text.GPIOPinConfigure
                0x00000000000030c0       0x4c /home/yashash/ti/TivaWare_C_Series-2.1.4.178/driverlib/gcc/libdriver.a(gpio.o)
                0x00000000000030c0                GPIOPinConfigure
 .text.GPIODMATriggerEnable
                0x000000000000310c        0xc /home/yashash/ti/TivaWare_C_Series-2.1.4.178/driverlib/gcc/libdriver.a(gpio.o)
                0x000000000000310c                GPIODMATriggerEnable
 .text.GPIODMATriggerDisable
                0x0000000000003118        0xe /home/yashash/ti/TivaWare_C_Series-2.1.4.178/driverlib/gcc/libdriver.a(gpio.o)
                0x0000000000003118                GPIODMATriggerDisable
 .text.GPIOADCTriggerEnable
                0x0000000000003126        0xc /home/yashash/ti/TivaWare_C_Series-2.1.4.178/driverlib/gcc/libdriver.a(gpio.o)
                0x0000000000003126                GPIOADCTriggerEnable
 .text.GPIOADCTriggerDisable
                0x0000000000003132        0xe /home/yashash/ti/TivaWare_C_Series-2.1.4.178/driverlib/gcc/libdriver.a(gpio.o)
                0x0000000000003132                GPIOADCTriggerDisable
 .text._IntDefaultHandler
                0x0000000000003140        0x2 /home/yashash/ti/TivaWare_C_Series-2.1.4.178/driverlib/gcc/libdriver.a(interrupt.o)
 .text.IntMasterEnable
                0x0000000000003142        0xe /home/yashash/ti/TivaWare_C_Series-2.1.4.178/driverlib/gcc/libdriver.a(interrupt.o)
                0x0000000000003142                IntMasterEnable
 .text.IntMasterDisable
                0x0000000000003150        0xe /home/yashash/ti/TivaWare_C_Series-2.1.4.178/driverlib/gcc/libdriver.a(interrupt.o)
                0x0000000000003150                IntMasterDisable
 *fill*         0x000000000000315e        0x2 
 .text.IntRegister
                0x0000000000003160       0x34 /home/yashash/ti/TivaWare_C_Series-2.1.4.178/driverlib/gcc/libdriver.a(interrupt.o)
                0x0000000000003160                IntRegister
 .text.IntUnregister
                0x0000000000003194       0x14 /home/yashash/ti/TivaWare_C_Series-2.1.4.178/driverlib/gcc/libdriver.a(interrupt.o)
                0x0000000000003194                IntUnregister
 .text.IntPriorityGroupingSet
                0x00000000000031a8       0x1c /home/yashash/ti/TivaWare_C_Series-2.1.4.178/driverlib/gcc/libdriver.a(interrupt.o)
                0x00000000000031a8                IntPriorityGroupingSet
 .text.IntPriorityGroupingGet
                0x00000000000031c4       0x24 /home/yashash/ti/TivaWare_C_Series-2.1.4.178/driverlib/gcc/libdriver.a(interrupt.o)
                0x00000000000031c4                IntPriorityGroupingGet
 .text.IntPrioritySet
                0x00000000000031e8       0x2c /home/yashash/ti/TivaWare_C_Series-2.1.4.178/driverlib/gcc/libdriver.a(interrupt.o)
                0x00000000000031e8                IntPrioritySet
 .text.IntPriorityGet
                0x0000000000003214       0x1c /home/yashash/ti/TivaWare_C_Series-2.1.4.178/driverlib/gcc/libdriver.a(interrupt.o)
                0x0000000000003214                IntPriorityGet
 .text.IntEnable
                0x0000000000003230       0x60 /home/yashash/ti/TivaWare_C_Series-2.1.4.178/driverlib/gcc/libdriver.a(interrupt.o)
                0x0000000000003230                IntEnable
 .text.IntDisable
                0x0000000000003290       0x60 /home/yashash/ti/TivaWare_C_Series-2.1.4.178/driverlib/gcc/libdriver.a(interrupt.o)
                0x0000000000003290                IntDisable
 .text.IntIsEnabled
                0x00000000000032f0       0x64 /home/yashash/ti/TivaWare_C_Series-2.1.4.178/driverlib/gcc/libdriver.a(interrupt.o)
                0x00000000000032f0                IntIsEnabled
 .text.IntPendSet
                0x0000000000003354       0x50 /home/yashash/ti/TivaWare_C_Series-2.1.4.178/driverlib/gcc/libdriver.a(interrupt.o)
                0x0000000000003354                IntPendSet
 .text.IntPendClear
                0x00000000000033a4       0x40 /home/yashash/ti/TivaWare_C_Series-2.1.4.178/driverlib/gcc/libdriver.a(interrupt.o)
                0x00000000000033a4                IntPendClear
 .text.IntPriorityMaskSet
                0x00000000000033e4        0x4 /home/yashash/ti/TivaWare_C_Series-2.1.4.178/driverlib/gcc/libdriver.a(interrupt.o)
                0x00000000000033e4                IntPriorityMaskSet
 .text.IntPriorityMaskGet
                0x00000000000033e8        0x4 /home/yashash/ti/TivaWare_C_Series-2.1.4.178/driverlib/gcc/libdriver.a(interrupt.o)
                0x00000000000033e8                IntPriorityMaskGet
 .text.IntTrigger
                0x00000000000033ec        0xc /home/yashash/ti/TivaWare_C_Series-2.1.4.178/driverlib/gcc/libdriver.a(interrupt.o)
                0x00000000000033ec                IntTrigger
 .text._SysCtlMemTimingGet
                0x00000000000033f8       0x24 /home/yashash/ti/TivaWare_C_Series-2.1.4.178/driverlib/gcc/libdriver.a(sysctl.o)
 .text.SysCtlSRAMSizeGet
                0x000000000000341c       0x10 /home/yashash/ti/TivaWare_C_Series-2.1.4.178/driverlib/gcc/libdriver.a(sysctl.o)
                0x000000000000341c                SysCtlSRAMSizeGet
 .text.SysCtlFlashSizeGet
                0x000000000000342c       0x3c /home/yashash/ti/TivaWare_C_Series-2.1.4.178/driverlib/gcc/libdriver.a(sysctl.o)
                0x000000000000342c                SysCtlFlashSizeGet
 .text.SysCtlFlashSectorSizeGet
                0x0000000000003468       0x38 /home/yashash/ti/TivaWare_C_Series-2.1.4.178/driverlib/gcc/libdriver.a(sysctl.o)
                0x0000000000003468                SysCtlFlashSectorSizeGet
 .text.SysCtlPeripheralPresent
                0x00000000000034a0       0x26 /home/yashash/ti/TivaWare_C_Series-2.1.4.178/driverlib/gcc/libdriver.a(sysctl.o)
                0x00000000000034a0                SysCtlPeripheralPresent
 .text.SysCtlPeripheralReady
                0x00000000000034c6       0x26 /home/yashash/ti/TivaWare_C_Series-2.1.4.178/driverlib/gcc/libdriver.a(sysctl.o)
                0x00000000000034c6                SysCtlPeripheralReady
 .text.SysCtlPeripheralPowerOn
                0x00000000000034ec       0x22 /home/yashash/ti/TivaWare_C_Series-2.1.4.178/driverlib/gcc/libdriver.a(sysctl.o)
                0x00000000000034ec                SysCtlPeripheralPowerOn
 .text.SysCtlPeripheralPowerOff
                0x000000000000350e       0x22 /home/yashash/ti/TivaWare_C_Series-2.1.4.178/driverlib/gcc/libdriver.a(sysctl.o)
                0x000000000000350e                SysCtlPeripheralPowerOff
 .text.SysCtlPeripheralReset
                0x0000000000003530       0x3a /home/yashash/ti/TivaWare_C_Series-2.1.4.178/driverlib/gcc/libdriver.a(sysctl.o)
                0x0000000000003530                SysCtlPeripheralReset
 .text.SysCtlPeripheralEnable
                0x000000000000356a       0x22 /home/yashash/ti/TivaWare_C_Series-2.1.4.178/driverlib/gcc/libdriver.a(sysctl.o)
                0x000000000000356a                SysCtlPeripheralEnable
 .text.SysCtlPeripheralDisable
                0x000000000000358c       0x22 /home/yashash/ti/TivaWare_C_Series-2.1.4.178/driverlib/gcc/libdriver.a(sysctl.o)
                0x000000000000358c                SysCtlPeripheralDisable
 .text.SysCtlPeripheralSleepEnable
                0x00000000000035ae       0x22 /home/yashash/ti/TivaWare_C_Series-2.1.4.178/driverlib/gcc/libdriver.a(sysctl.o)
                0x00000000000035ae                SysCtlPeripheralSleepEnable
 .text.SysCtlPeripheralSleepDisable
                0x00000000000035d0       0x22 /home/yashash/ti/TivaWare_C_Series-2.1.4.178/driverlib/gcc/libdriver.a(sysctl.o)
                0x00000000000035d0                SysCtlPeripheralSleepDisable
 .text.SysCtlPeripheralDeepSleepEnable
                0x00000000000035f2       0x22 /home/yashash/ti/TivaWare_C_Series-2.1.4.178/driverlib/gcc/libdriver.a(sysctl.o)
                0x00000000000035f2                SysCtlPeripheralDeepSleepEnable
 .text.SysCtlPeripheralDeepSleepDisable
                0x0000000000003614       0x22 /home/yashash/ti/TivaWare_C_Series-2.1.4.178/driverlib/gcc/libdriver.a(sysctl.o)
                0x0000000000003614                SysCtlPeripheralDeepSleepDisable
 *fill*         0x0000000000003636        0x2 
 .text.SysCtlPeripheralClockGating
                0x0000000000003638       0x48 /home/yashash/ti/TivaWare_C_Series-2.1.4.178/driverlib/gcc/libdriver.a(sysctl.o)
                0x0000000000003638                SysCtlPeripheralClockGating
 .text.SysCtlIntRegister
                0x0000000000003680       0x14 /home/yashash/ti/TivaWare_C_Series-2.1.4.178/driverlib/gcc/libdriver.a(sysctl.o)
                0x0000000000003680                SysCtlIntRegister
 .text.SysCtlIntUnregister
                0x0000000000003694       0x12 /home/yashash/ti/TivaWare_C_Series-2.1.4.178/driverlib/gcc/libdriver.a(sysctl.o)
                0x0000000000003694                SysCtlIntUnregister
 *fill*         0x00000000000036a6        0x2 
 .text.SysCtlIntEnable
                0x00000000000036a8       0x10 /home/yashash/ti/TivaWare_C_Series-2.1.4.178/driverlib/gcc/libdriver.a(sysctl.o)
                0x00000000000036a8                SysCtlIntEnable
 .text.SysCtlIntDisable
                0x00000000000036b8       0x10 /home/yashash/ti/TivaWare_C_Series-2.1.4.178/driverlib/gcc/libdriver.a(sysctl.o)
                0x00000000000036b8                SysCtlIntDisable
 .text.SysCtlIntClear
                0x00000000000036c8        0xc /home/yashash/ti/TivaWare_C_Series-2.1.4.178/driverlib/gcc/libdriver.a(sysctl.o)
                0x00000000000036c8                SysCtlIntClear
 .text.SysCtlIntStatus
                0x00000000000036d4       0x14 /home/yashash/ti/TivaWare_C_Series-2.1.4.178/driverlib/gcc/libdriver.a(sysctl.o)
                0x00000000000036d4                SysCtlIntStatus
 .text.SysCtlLDOSleepSet
                0x00000000000036e8        0xc /home/yashash/ti/TivaWare_C_Series-2.1.4.178/driverlib/gcc/libdriver.a(sysctl.o)
                0x00000000000036e8                SysCtlLDOSleepSet
 .text.SysCtlLDOSleepGet
                0x00000000000036f4        0xc /home/yashash/ti/TivaWare_C_Series-2.1.4.178/driverlib/gcc/libdriver.a(sysctl.o)
                0x00000000000036f4                SysCtlLDOSleepGet
 .text.SysCtlLDODeepSleepSet
                0x0000000000003700        0xc /home/yashash/ti/TivaWare_C_Series-2.1.4.178/driverlib/gcc/libdriver.a(sysctl.o)
                0x0000000000003700                SysCtlLDODeepSleepSet
 .text.SysCtlLDODeepSleepGet
                0x000000000000370c        0xc /home/yashash/ti/TivaWare_C_Series-2.1.4.178/driverlib/gcc/libdriver.a(sysctl.o)
                0x000000000000370c                SysCtlLDODeepSleepGet
 .text.SysCtlSleepPowerSet
                0x0000000000003718        0xc /home/yashash/ti/TivaWare_C_Series-2.1.4.178/driverlib/gcc/libdriver.a(sysctl.o)
                0x0000000000003718                SysCtlSleepPowerSet
 .text.SysCtlDeepSleepPowerSet
                0x0000000000003724        0xc /home/yashash/ti/TivaWare_C_Series-2.1.4.178/driverlib/gcc/libdriver.a(sysctl.o)
                0x0000000000003724                SysCtlDeepSleepPowerSet
 .text.SysCtlReset
                0x0000000000003730       0x10 /home/yashash/ti/TivaWare_C_Series-2.1.4.178/driverlib/gcc/libdriver.a(sysctl.o)
                0x0000000000003730                SysCtlReset
 .text.SysCtlSleep
                0x0000000000003740        0x4 /home/yashash/ti/TivaWare_C_Series-2.1.4.178/driverlib/gcc/libdriver.a(sysctl.o)
                0x0000000000003740                SysCtlSleep
 .text.SysCtlDeepSleep
                0x0000000000003744       0x20 /home/yashash/ti/TivaWare_C_Series-2.1.4.178/driverlib/gcc/libdriver.a(sysctl.o)
                0x0000000000003744                SysCtlDeepSleep
 .text.SysCtlResetCauseGet
                0x0000000000003764        0xc /home/yashash/ti/TivaWare_C_Series-2.1.4.178/driverlib/gcc/libdriver.a(sysctl.o)
                0x0000000000003764                SysCtlResetCauseGet
 .text.SysCtlResetCauseClear
                0x0000000000003770       0x10 /home/yashash/ti/TivaWare_C_Series-2.1.4.178/driverlib/gcc/libdriver.a(sysctl.o)
                0x0000000000003770                SysCtlResetCauseClear
 .text.SysCtlDelay
                0x0000000000003780        0x8 /home/yashash/ti/TivaWare_C_Series-2.1.4.178/driverlib/gcc/libdriver.a(sysctl.o)
                0x0000000000003780                SysCtlDelay
 .text.SysCtlMOSCConfigSet
                0x0000000000003788        0xc /home/yashash/ti/TivaWare_C_Series-2.1.4.178/driverlib/gcc/libdriver.a(sysctl.o)
                0x0000000000003788                SysCtlMOSCConfigSet
 .text.SysCtlPIOSCCalibrate
                0x0000000000003794       0x48 /home/yashash/ti/TivaWare_C_Series-2.1.4.178/driverlib/gcc/libdriver.a(sysctl.o)
                0x0000000000003794                SysCtlPIOSCCalibrate
 .text.SysCtlResetBehaviorSet
                0x00000000000037dc        0xc /home/yashash/ti/TivaWare_C_Series-2.1.4.178/driverlib/gcc/libdriver.a(sysctl.o)
                0x00000000000037dc                SysCtlResetBehaviorSet
 .text.SysCtlResetBehaviorGet
                0x00000000000037e8        0xc /home/yashash/ti/TivaWare_C_Series-2.1.4.178/driverlib/gcc/libdriver.a(sysctl.o)
                0x00000000000037e8                SysCtlResetBehaviorGet
 .text.SysCtlClockFreqSet
                0x00000000000037f4      0x248 /home/yashash/ti/TivaWare_C_Series-2.1.4.178/driverlib/gcc/libdriver.a(sysctl.o)
                0x00000000000037f4                SysCtlClockFreqSet
 .text.SysCtlClockSet
                0x0000000000003a3c      0x11c /home/yashash/ti/TivaWare_C_Series-2.1.4.178/driverlib/gcc/libdriver.a(sysctl.o)
                0x0000000000003a3c                SysCtlClockSet
 .text.SysCtlClockGet
                0x0000000000003b58      0x12c /home/yashash/ti/TivaWare_C_Series-2.1.4.178/driverlib/gcc/libdriver.a(sysctl.o)
                0x0000000000003b58                SysCtlClockGet
 .text.SysCtlDeepSleepClockSet
                0x0000000000003c84        0xc /home/yashash/ti/TivaWare_C_Series-2.1.4.178/driverlib/gcc/libdriver.a(sysctl.o)
                0x0000000000003c84                SysCtlDeepSleepClockSet
 .text.SysCtlDeepSleepClockConfigSet
                0x0000000000003c90       0x60 /home/yashash/ti/TivaWare_C_Series-2.1.4.178/driverlib/gcc/libdriver.a(sysctl.o)
                0x0000000000003c90                SysCtlDeepSleepClockConfigSet
 .text.SysCtlPWMClockSet
                0x0000000000003cf0       0x14 /home/yashash/ti/TivaWare_C_Series-2.1.4.178/driverlib/gcc/libdriver.a(sysctl.o)
                0x0000000000003cf0                SysCtlPWMClockSet
 .text.SysCtlPWMClockGet
                0x0000000000003d04       0x18 /home/yashash/ti/TivaWare_C_Series-2.1.4.178/driverlib/gcc/libdriver.a(sysctl.o)
                0x0000000000003d04                SysCtlPWMClockGet
 .text.SysCtlGPIOAHBEnable
                0x0000000000003d1c       0x18 /home/yashash/ti/TivaWare_C_Series-2.1.4.178/driverlib/gcc/libdriver.a(sysctl.o)
                0x0000000000003d1c                SysCtlGPIOAHBEnable
 .text.SysCtlGPIOAHBDisable
                0x0000000000003d34       0x1c /home/yashash/ti/TivaWare_C_Series-2.1.4.178/driverlib/gcc/libdriver.a(sysctl.o)
                0x0000000000003d34                SysCtlGPIOAHBDisable
 .text.SysCtlUSBPLLEnable
                0x0000000000003d50       0x10 /home/yashash/ti/TivaWare_C_Series-2.1.4.178/driverlib/gcc/libdriver.a(sysctl.o)
                0x0000000000003d50                SysCtlUSBPLLEnable
 .text.SysCtlUSBPLLDisable
                0x0000000000003d60       0x10 /home/yashash/ti/TivaWare_C_Series-2.1.4.178/driverlib/gcc/libdriver.a(sysctl.o)
                0x0000000000003d60                SysCtlUSBPLLDisable
 .text.SysCtlVoltageEventConfig
                0x0000000000003d70        0xc /home/yashash/ti/TivaWare_C_Series-2.1.4.178/driverlib/gcc/libdriver.a(sysctl.o)
                0x0000000000003d70                SysCtlVoltageEventConfig
 .text.SysCtlVoltageEventStatus
                0x0000000000003d7c        0xc /home/yashash/ti/TivaWare_C_Series-2.1.4.178/driverlib/gcc/libdriver.a(sysctl.o)
                0x0000000000003d7c                SysCtlVoltageEventStatus
 .text.SysCtlVoltageEventClear
                0x0000000000003d88       0x10 /home/yashash/ti/TivaWare_C_Series-2.1.4.178/driverlib/gcc/libdriver.a(sysctl.o)
                0x0000000000003d88                SysCtlVoltageEventClear
 .text.SysCtlVCOGet
                0x0000000000003d98       0x78 /home/yashash/ti/TivaWare_C_Series-2.1.4.178/driverlib/gcc/libdriver.a(sysctl.o)
                0x0000000000003d98                SysCtlVCOGet
 .text.SysCtlNMIStatus
                0x0000000000003e10        0xc /home/yashash/ti/TivaWare_C_Series-2.1.4.178/driverlib/gcc/libdriver.a(sysctl.o)
                0x0000000000003e10                SysCtlNMIStatus
 .text.SysCtlNMIClear
                0x0000000000003e1c       0x10 /home/yashash/ti/TivaWare_C_Series-2.1.4.178/driverlib/gcc/libdriver.a(sysctl.o)
                0x0000000000003e1c                SysCtlNMIClear
 .text.SysCtlClockOutConfig
                0x0000000000003e2c       0x10 /home/yashash/ti/TivaWare_C_Series-2.1.4.178/driverlib/gcc/libdriver.a(sysctl.o)
                0x0000000000003e2c                SysCtlClockOutConfig
 .text.SysCtlAltClkConfig
                0x0000000000003e3c        0xc /home/yashash/ti/TivaWare_C_Series-2.1.4.178/driverlib/gcc/libdriver.a(sysctl.o)
                0x0000000000003e3c                SysCtlAltClkConfig
 .text._UARTIntNumberGet
                0x0000000000003e48       0x44 /home/yashash/ti/TivaWare_C_Series-2.1.4.178/driverlib/gcc/libdriver.a(uart.o)
 .text.UARTParityModeSet
                0x0000000000003e8c        0xc /home/yashash/ti/TivaWare_C_Series-2.1.4.178/driverlib/gcc/libdriver.a(uart.o)
                0x0000000000003e8c                UARTParityModeSet
 .text.UARTParityModeGet
                0x0000000000003e98        0x8 /home/yashash/ti/TivaWare_C_Series-2.1.4.178/driverlib/gcc/libdriver.a(uart.o)
                0x0000000000003e98                UARTParityModeGet
 .text.UARTFIFOLevelSet
                0x0000000000003ea0        0x6 /home/yashash/ti/TivaWare_C_Series-2.1.4.178/driverlib/gcc/libdriver.a(uart.o)
                0x0000000000003ea0                UARTFIFOLevelSet
 .text.UARTFIFOLevelGet
                0x0000000000003ea6       0x10 /home/yashash/ti/TivaWare_C_Series-2.1.4.178/driverlib/gcc/libdriver.a(uart.o)
                0x0000000000003ea6                UARTFIFOLevelGet
 .text.UARTConfigGetExpClk
                0x0000000000003eb6       0x28 /home/yashash/ti/TivaWare_C_Series-2.1.4.178/driverlib/gcc/libdriver.a(uart.o)
                0x0000000000003eb6                UARTConfigGetExpClk
 .text.UARTEnable
                0x0000000000003ede       0x16 /home/yashash/ti/TivaWare_C_Series-2.1.4.178/driverlib/gcc/libdriver.a(uart.o)
                0x0000000000003ede                UARTEnable
 .text.UARTDisable
                0x0000000000003ef4       0x1c /home/yashash/ti/TivaWare_C_Series-2.1.4.178/driverlib/gcc/libdriver.a(uart.o)
                0x0000000000003ef4                UARTDisable
 .text.UARTConfigSetExpClk
                0x0000000000003f10       0x48 /home/yashash/ti/TivaWare_C_Series-2.1.4.178/driverlib/gcc/libdriver.a(uart.o)
                0x0000000000003f10                UARTConfigSetExpClk
 .text.UARTFIFOEnable
                0x0000000000003f58        0xa /home/yashash/ti/TivaWare_C_Series-2.1.4.178/driverlib/gcc/libdriver.a(uart.o)
                0x0000000000003f58                UARTFIFOEnable
 .text.UARTFIFODisable
                0x0000000000003f62        0xa /home/yashash/ti/TivaWare_C_Series-2.1.4.178/driverlib/gcc/libdriver.a(uart.o)
                0x0000000000003f62                UARTFIFODisable
 .text.UARTEnableSIR
                0x0000000000003f6c       0x12 /home/yashash/ti/TivaWare_C_Series-2.1.4.178/driverlib/gcc/libdriver.a(uart.o)
                0x0000000000003f6c                UARTEnableSIR
 .text.UARTDisableSIR
                0x0000000000003f7e        0xa /home/yashash/ti/TivaWare_C_Series-2.1.4.178/driverlib/gcc/libdriver.a(uart.o)
                0x0000000000003f7e                UARTDisableSIR
 .text.UARTSmartCardEnable
                0x0000000000003f88       0x16 /home/yashash/ti/TivaWare_C_Series-2.1.4.178/driverlib/gcc/libdriver.a(uart.o)
                0x0000000000003f88                UARTSmartCardEnable
 .text.UARTSmartCardDisable
                0x0000000000003f9e        0xa /home/yashash/ti/TivaWare_C_Series-2.1.4.178/driverlib/gcc/libdriver.a(uart.o)
                0x0000000000003f9e                UARTSmartCardDisable
 .text.UARTModemControlSet
                0x0000000000003fa8        0xc /home/yashash/ti/TivaWare_C_Series-2.1.4.178/driverlib/gcc/libdriver.a(uart.o)
                0x0000000000003fa8                UARTModemControlSet
 .text.UARTModemControlClear
                0x0000000000003fb4        0xe /home/yashash/ti/TivaWare_C_Series-2.1.4.178/driverlib/gcc/libdriver.a(uart.o)
                0x0000000000003fb4                UARTModemControlClear
 .text.UARTModemControlGet
                0x0000000000003fc2        0x8 /home/yashash/ti/TivaWare_C_Series-2.1.4.178/driverlib/gcc/libdriver.a(uart.o)
                0x0000000000003fc2                UARTModemControlGet
 .text.UARTModemStatusGet
                0x0000000000003fca        0xa /home/yashash/ti/TivaWare_C_Series-2.1.4.178/driverlib/gcc/libdriver.a(uart.o)
                0x0000000000003fca                UARTModemStatusGet
 .text.UARTFlowControlSet
                0x0000000000003fd4        0xc /home/yashash/ti/TivaWare_C_Series-2.1.4.178/driverlib/gcc/libdriver.a(uart.o)
                0x0000000000003fd4                UARTFlowControlSet
 .text.UARTFlowControlGet
                0x0000000000003fe0        0x8 /home/yashash/ti/TivaWare_C_Series-2.1.4.178/driverlib/gcc/libdriver.a(uart.o)
                0x0000000000003fe0                UARTFlowControlGet
 .text.UARTTxIntModeSet
                0x0000000000003fe8        0xc /home/yashash/ti/TivaWare_C_Series-2.1.4.178/driverlib/gcc/libdriver.a(uart.o)
                0x0000000000003fe8                UARTTxIntModeSet
 .text.UARTTxIntModeGet
                0x0000000000003ff4        0x8 /home/yashash/ti/TivaWare_C_Series-2.1.4.178/driverlib/gcc/libdriver.a(uart.o)
                0x0000000000003ff4                UARTTxIntModeGet
 .text.UARTCharsAvail
                0x0000000000003ffc        0xc /home/yashash/ti/TivaWare_C_Series-2.1.4.178/driverlib/gcc/libdriver.a(uart.o)
                0x0000000000003ffc                UARTCharsAvail
 .text.UARTSpaceAvail
                0x0000000000004008        0xc /home/yashash/ti/TivaWare_C_Series-2.1.4.178/driverlib/gcc/libdriver.a(uart.o)
                0x0000000000004008                UARTSpaceAvail
 .text.UARTCharGetNonBlocking
                0x0000000000004014        0xe /home/yashash/ti/TivaWare_C_Series-2.1.4.178/driverlib/gcc/libdriver.a(uart.o)
                0x0000000000004014                UARTCharGetNonBlocking
 .text.UARTCharGet
                0x0000000000004022        0xa /home/yashash/ti/TivaWare_C_Series-2.1.4.178/driverlib/gcc/libdriver.a(uart.o)
                0x0000000000004022                UARTCharGet
 .text.UARTCharPutNonBlocking
                0x000000000000402c       0x10 /home/yashash/ti/TivaWare_C_Series-2.1.4.178/driverlib/gcc/libdriver.a(uart.o)
                0x000000000000402c                UARTCharPutNonBlocking
 .text.UARTCharPut
                0x000000000000403c        0xa /home/yashash/ti/TivaWare_C_Series-2.1.4.178/driverlib/gcc/libdriver.a(uart.o)
                0x000000000000403c                UARTCharPut
 .text.UARTBreakCtl
                0x0000000000004046       0x16 /home/yashash/ti/TivaWare_C_Series-2.1.4.178/driverlib/gcc/libdriver.a(uart.o)
                0x0000000000004046                UARTBreakCtl
 .text.UARTBusy
                0x000000000000405c        0x8 /home/yashash/ti/TivaWare_C_Series-2.1.4.178/driverlib/gcc/libdriver.a(uart.o)
                0x000000000000405c                UARTBusy
 .text.UARTIntRegister
                0x0000000000004064       0x1a /home/yashash/ti/TivaWare_C_Series-2.1.4.178/driverlib/gcc/libdriver.a(uart.o)
                0x0000000000004064                UARTIntRegister
 .text.UARTIntUnregister
                0x000000000000407e       0x16 /home/yashash/ti/TivaWare_C_Series-2.1.4.178/driverlib/gcc/libdriver.a(uart.o)
                0x000000000000407e                UARTIntUnregister
 .text.UARTIntEnable
                0x0000000000004094        0x8 /home/yashash/ti/TivaWare_C_Series-2.1.4.178/driverlib/gcc/libdriver.a(uart.o)
                0x0000000000004094                UARTIntEnable
 .text.UARTIntDisable
                0x000000000000409c        0xa /home/yashash/ti/TivaWare_C_Series-2.1.4.178/driverlib/gcc/libdriver.a(uart.o)
                0x000000000000409c                UARTIntDisable
 .text.UARTIntStatus
                0x00000000000040a6        0xa /home/yashash/ti/TivaWare_C_Series-2.1.4.178/driverlib/gcc/libdriver.a(uart.o)
                0x00000000000040a6                UARTIntStatus
 .text.UARTIntClear
                0x00000000000040b0        0x4 /home/yashash/ti/TivaWare_C_Series-2.1.4.178/driverlib/gcc/libdriver.a(uart.o)
                0x00000000000040b0                UARTIntClear
 .text.UARTDMAEnable
                0x00000000000040b4        0x8 /home/yashash/ti/TivaWare_C_Series-2.1.4.178/driverlib/gcc/libdriver.a(uart.o)
                0x00000000000040b4                UARTDMAEnable
 .text.UARTDMADisable
                0x00000000000040bc        0xa /home/yashash/ti/TivaWare_C_Series-2.1.4.178/driverlib/gcc/libdriver.a(uart.o)
                0x00000000000040bc                UARTDMADisable
 .text.UARTRxErrorGet
                0x00000000000040c6        0x8 /home/yashash/ti/TivaWare_C_Series-2.1.4.178/driverlib/gcc/libdriver.a(uart.o)
                0x00000000000040c6                UARTRxErrorGet
 .text.UARTRxErrorClear
                0x00000000000040ce        0x6 /home/yashash/ti/TivaWare_C_Series-2.1.4.178/driverlib/gcc/libdriver.a(uart.o)
                0x00000000000040ce                UARTRxErrorClear
 .text.UARTClockSourceSet
                0x00000000000040d4        0x6 /home/yashash/ti/TivaWare_C_Series-2.1.4.178/driverlib/gcc/libdriver.a(uart.o)
                0x00000000000040d4                UARTClockSourceSet
 .text.UARTClockSourceGet
                0x00000000000040da        0x6 /home/yashash/ti/TivaWare_C_Series-2.1.4.178/driverlib/gcc/libdriver.a(uart.o)
                0x00000000000040da                UARTClockSourceGet
 .text.UART9BitEnable
                0x00000000000040e0        0xe /home/yashash/ti/TivaWare_C_Series-2.1.4.178/driverlib/gcc/libdriver.a(uart.o)
                0x00000000000040e0                UART9BitEnable
 .text.UART9BitDisable
                0x00000000000040ee        0xe /home/yashash/ti/TivaWare_C_Series-2.1.4.178/driverlib/gcc/libdriver.a(uart.o)
                0x00000000000040ee                UART9BitDisable
 .text.UART9BitAddrSet
                0x00000000000040fc        0xa /home/yashash/ti/TivaWare_C_Series-2.1.4.178/driverlib/gcc/libdriver.a(uart.o)
                0x00000000000040fc                UART9BitAddrSet
 .text.UART9BitAddrSend
                0x0000000000004106       0x2c /home/yashash/ti/TivaWare_C_Series-2.1.4.178/driverlib/gcc/libdriver.a(uart.o)
                0x0000000000004106                UART9BitAddrSend
 .text.UARTLoopbackEnable
                0x0000000000004132        0xa /home/yashash/ti/TivaWare_C_Series-2.1.4.178/driverlib/gcc/libdriver.a(uart.o)
                0x0000000000004132                UARTLoopbackEnable
 .text.CPUcpsid
                0x000000000000413c        0x8 /home/yashash/ti/TivaWare_C_Series-2.1.4.178/driverlib/gcc/libdriver.a(cpu.o)
                0x000000000000413c                CPUcpsid
 .text.CPUprimask
                0x0000000000004144        0x6 /home/yashash/ti/TivaWare_C_Series-2.1.4.178/driverlib/gcc/libdriver.a(cpu.o)
                0x0000000000004144                CPUprimask
 .text.CPUcpsie
                0x000000000000414a        0x8 /home/yashash/ti/TivaWare_C_Series-2.1.4.178/driverlib/gcc/libdriver.a(cpu.o)
                0x000000000000414a                CPUcpsie
 .text.CPUwfi   0x0000000000004152        0x4 /home/yashash/ti/TivaWare_C_Series-2.1.4.178/driverlib/gcc/libdriver.a(cpu.o)
                0x0000000000004152                CPUwfi
 .text.CPUbasepriSet
                0x0000000000004156        0x6 /home/yashash/ti/TivaWare_C_Series-2.1.4.178/driverlib/gcc/libdriver.a(cpu.o)
                0x0000000000004156                CPUbasepriSet
 .text.CPUbasepriGet
                0x000000000000415c        0x6 /home/yashash/ti/TivaWare_C_Series-2.1.4.178/driverlib/gcc/libdriver.a(cpu.o)
                0x000000000000415c                CPUbasepriGet
 *fill*         0x0000000000004162        0x2 
 .text._exit    0x0000000000004164        0x4 /home/yashash/ti/ccs1020/ccs/tools/compiler/gcc-arm-none-eabi-7-2017-q4-major/bin/../lib/gcc/arm-none-eabi/7.2.1/../../../../arm-none-eabi/lib/thumb/v7e-m/fpv4-sp/hard/libnosys.a(_exit.o)
                0x0000000000004164                _exit
                0x0000000000004168                . = ALIGN (0x4)
 *(.ctors)
                0x0000000000004168                . = ALIGN (0x4)
 *(.dtors)
                0x0000000000004168                . = ALIGN (0x4)
                0x0000000000004168                __init_array_start = .
 *(.init_array*)
 .init_array    0x0000000000004168        0x4 /home/yashash/ti/ccs1020/ccs/tools/compiler/gcc-arm-none-eabi-7-2017-q4-major/bin/../lib/gcc/arm-none-eabi/7.2.1/thumb/v7e-m/fpv4-sp/hard/crtbegin.o
 .init_array.00000
                0x000000000000416c        0x4 /home/yashash/ti/ccs1020/ccs/tools/compiler/gcc-arm-none-eabi-7-2017-q4-major/bin/../lib/gcc/arm-none-eabi/7.2.1/../../../../arm-none-eabi/lib/thumb/v7e-m/fpv4-sp/hard/libc.a(lib_a-__call_atexit.o)
                0x0000000000004170                __init_array_end = .
 *(.init)
 .init          0x0000000000004170        0x4 /home/yashash/ti/ccs1020/ccs/tools/compiler/gcc-arm-none-eabi-7-2017-q4-major/bin/../lib/gcc/arm-none-eabi/7.2.1/thumb/v7e-m/fpv4-sp/hard/crti.o
                0x0000000000004170                _init
 .init          0x0000000000004174        0x8 /home/yashash/ti/ccs1020/ccs/tools/compiler/gcc-arm-none-eabi-7-2017-q4-major/bin/../lib/gcc/arm-none-eabi/7.2.1/thumb/v7e-m/fpv4-sp/hard/crtn.o
 *(.fini*)
 .fini          0x000000000000417c        0x4 /home/yashash/ti/ccs1020/ccs/tools/compiler/gcc-arm-none-eabi-7-2017-q4-major/bin/../lib/gcc/arm-none-eabi/7.2.1/thumb/v7e-m/fpv4-sp/hard/crti.o
                0x000000000000417c                _fini
 .fini_array    0x0000000000004180        0x4 /home/yashash/ti/ccs1020/ccs/tools/compiler/gcc-arm-none-eabi-7-2017-q4-major/bin/../lib/gcc/arm-none-eabi/7.2.1/thumb/v7e-m/fpv4-sp/hard/crtbegin.o
 .fini          0x0000000000004184        0x8 /home/yashash/ti/ccs1020/ccs/tools/compiler/gcc-arm-none-eabi-7-2017-q4-major/bin/../lib/gcc/arm-none-eabi/7.2.1/thumb/v7e-m/fpv4-sp/hard/crtn.o
                [!provide]                        PROVIDE (__etext, .)
                [!provide]                        PROVIDE (_etext, .)
                [!provide]                        PROVIDE (etext, .)

.glue_7         0x000000000000418c        0x0
 .glue_7        0x000000000000418c        0x0 linker stubs

.glue_7t        0x000000000000418c        0x0
 .glue_7t       0x000000000000418c        0x0 linker stubs

.vfp11_veneer   0x000000000000418c        0x0
 .vfp11_veneer  0x000000000000418c        0x0 linker stubs

.v4_bx          0x000000000000418c        0x0
 .v4_bx         0x000000000000418c        0x0 linker stubs

.iplt           0x000000000000418c        0x0
 .iplt          0x000000000000418c        0x0 /home/yashash/ti/ccs1020/ccs/tools/compiler/gcc-arm-none-eabi-7-2017-q4-major/bin/../lib/gcc/arm-none-eabi/7.2.1/thumb/v7e-m/fpv4-sp/hard/crtbegin.o

.rodata         0x000000000000418c      0x7a8
 *(.rodata)
 .rodata        0x000000000000418c      0x19c ./sandeep.o
 *(.rodata*)
 .rodata._global_impure_ptr
                0x0000000000004328        0x4 /home/yashash/ti/ccs1020/ccs/tools/compiler/gcc-arm-none-eabi-7-2017-q4-major/bin/../lib/gcc/arm-none-eabi/7.2.1/../../../../arm-none-eabi/lib/thumb/v7e-m/fpv4-sp/hard/libc.a(lib_a-impure.o)
                0x0000000000004328                _global_impure_ptr
 .rodata.g_ppui32GPIOIntMapSnowflake
                0x000000000000432c       0xd8 /home/yashash/ti/TivaWare_C_Series-2.1.4.178/driverlib/gcc/libdriver.a(gpio.o)
 .rodata.g_pui32GPIOBaseAddrs
                0x0000000000004404       0x90 /home/yashash/ti/TivaWare_C_Series-2.1.4.178/driverlib/gcc/libdriver.a(gpio.o)
 .rodata.g_ppui32GPIOIntMapBlizzard
                0x0000000000004494       0xc0 /home/yashash/ti/TivaWare_C_Series-2.1.4.178/driverlib/gcc/libdriver.a(gpio.o)
 .rodata.g_pui32Priority
                0x0000000000004554       0x20 /home/yashash/ti/TivaWare_C_Series-2.1.4.178/driverlib/gcc/libdriver.a(interrupt.o)
 .rodata.g_pui32Dii16Regs
                0x0000000000004574       0x14 /home/yashash/ti/TivaWare_C_Series-2.1.4.178/driverlib/gcc/libdriver.a(interrupt.o)
 .rodata.g_pui32PendRegs
                0x0000000000004588       0x14 /home/yashash/ti/TivaWare_C_Series-2.1.4.178/driverlib/gcc/libdriver.a(interrupt.o)
 .rodata.g_pui32Regs
                0x000000000000459c       0x9c /home/yashash/ti/TivaWare_C_Series-2.1.4.178/driverlib/gcc/libdriver.a(interrupt.o)
 .rodata.g_pui32EnRegs
                0x0000000000004638       0x14 /home/yashash/ti/TivaWare_C_Series-2.1.4.178/driverlib/gcc/libdriver.a(interrupt.o)
 .rodata.g_pui32UnpendRegs
                0x000000000000464c       0x14 /home/yashash/ti/TivaWare_C_Series-2.1.4.178/driverlib/gcc/libdriver.a(interrupt.o)
 .rodata.g_pppui32XTALtoVCO
                0x0000000000004660      0x1b0 /home/yashash/ti/TivaWare_C_Series-2.1.4.178/driverlib/gcc/libdriver.a(sysctl.o)
 .rodata.g_pui32VCOFrequencies
                0x0000000000004810        0x8 /home/yashash/ti/TivaWare_C_Series-2.1.4.178/driverlib/gcc/libdriver.a(sysctl.o)
 .rodata.g_sXTALtoMEMTIM
                0x0000000000004818       0x30 /home/yashash/ti/TivaWare_C_Series-2.1.4.178/driverlib/gcc/libdriver.a(sysctl.o)
 .rodata.g_pui32Xtals
                0x0000000000004848       0x6c /home/yashash/ti/TivaWare_C_Series-2.1.4.178/driverlib/gcc/libdriver.a(sysctl.o)
 .rodata.g_ppui32UARTIntMap
                0x00000000000048b4       0x40 /home/yashash/ti/TivaWare_C_Series-2.1.4.178/driverlib/gcc/libdriver.a(uart.o)
 .rodata.g_ppui32UARTIntMapSnowflake
                0x00000000000048f4       0x40 /home/yashash/ti/TivaWare_C_Series-2.1.4.178/driverlib/gcc/libdriver.a(uart.o)

.eh_frame       0x0000000000004934        0x4
 .eh_frame      0x0000000000004934        0x0 /home/yashash/ti/ccs1020/ccs/tools/compiler/gcc-arm-none-eabi-7-2017-q4-major/bin/../lib/gcc/arm-none-eabi/7.2.1/thumb/v7e-m/fpv4-sp/hard/crtbegin.o
 .eh_frame      0x0000000000004934        0x4 /home/yashash/ti/ccs1020/ccs/tools/compiler/gcc-arm-none-eabi-7-2017-q4-major/bin/../lib/gcc/arm-none-eabi/7.2.1/thumb/v7e-m/fpv4-sp/hard/crtend.o

.data           0x0000000020000000      0x44c load address 0x0000000000004938
                0x0000000000004938                __data_load__ = LOADADDR (.data)
                0x0000000020000000                __data_start__ = .
 *(.data)
 .data          0x0000000020000000        0x0 /home/yashash/ti/ccs1020/ccs/tools/compiler/gcc-arm-none-eabi-7-2017-q4-major/bin/../lib/gcc/arm-none-eabi/7.2.1/thumb/v7e-m/fpv4-sp/hard/crti.o
 .data          0x0000000020000000        0x4 /home/yashash/ti/ccs1020/ccs/tools/compiler/gcc-arm-none-eabi-7-2017-q4-major/bin/../lib/gcc/arm-none-eabi/7.2.1/thumb/v7e-m/fpv4-sp/hard/crtbegin.o
                0x0000000020000000                __dso_handle
 .data          0x0000000020000004        0x0 /home/yashash/ti/ccs1020/ccs/tools/compiler/gcc-arm-none-eabi-7-2017-q4-major/bin/../lib/gcc/arm-none-eabi/7.2.1/../../../../arm-none-eabi/lib/thumb/v7e-m/fpv4-sp/hard/crt0.o
 .data          0x0000000020000004        0x0 ./ADC.o
 .data          0x0000000020000004        0x0 ./main.o
 .data          0x0000000020000004        0x0 ./pwm_motor.o
 .data          0x0000000020000004        0x0 ./sandeep.o
 .data          0x0000000020000004        0x0 ./tm4c123gh6pm_startup_ccs_gcc.o
 .data          0x0000000020000004        0x0 /home/yashash/ti/ccs1020/ccs/tools/compiler/gcc-arm-none-eabi-7-2017-q4-major/bin/../lib/gcc/arm-none-eabi/7.2.1/../../../../arm-none-eabi/lib/thumb/v7e-m/fpv4-sp/hard/libc.a(lib_a-exit.o)
 .data          0x0000000020000004        0x0 /home/yashash/ti/ccs1020/ccs/tools/compiler/gcc-arm-none-eabi-7-2017-q4-major/bin/../lib/gcc/arm-none-eabi/7.2.1/../../../../arm-none-eabi/lib/thumb/v7e-m/fpv4-sp/hard/libc.a(lib_a-impure.o)
 .data          0x0000000020000004        0x0 /home/yashash/ti/ccs1020/ccs/tools/compiler/gcc-arm-none-eabi-7-2017-q4-major/bin/../lib/gcc/arm-none-eabi/7.2.1/../../../../arm-none-eabi/lib/thumb/v7e-m/fpv4-sp/hard/libc.a(lib_a-init.o)
 .data          0x0000000020000004        0x0 /home/yashash/ti/ccs1020/ccs/tools/compiler/gcc-arm-none-eabi-7-2017-q4-major/bin/../lib/gcc/arm-none-eabi/7.2.1/../../../../arm-none-eabi/lib/thumb/v7e-m/fpv4-sp/hard/libc.a(lib_a-memset.o)
 .data          0x0000000020000004        0x0 /home/yashash/ti/ccs1020/ccs/tools/compiler/gcc-arm-none-eabi-7-2017-q4-major/bin/../lib/gcc/arm-none-eabi/7.2.1/../../../../arm-none-eabi/lib/thumb/v7e-m/fpv4-sp/hard/libc.a(lib_a-strcmp.o)
 .data          0x0000000020000004        0x0 /home/yashash/ti/ccs1020/ccs/tools/compiler/gcc-arm-none-eabi-7-2017-q4-major/bin/../lib/gcc/arm-none-eabi/7.2.1/../../../../arm-none-eabi/lib/thumb/v7e-m/fpv4-sp/hard/libc.a(lib_a-strlen.o)
 .data          0x0000000020000004        0x0 /home/yashash/ti/ccs1020/ccs/tools/compiler/gcc-arm-none-eabi-7-2017-q4-major/bin/../lib/gcc/arm-none-eabi/7.2.1/../../../../arm-none-eabi/lib/thumb/v7e-m/fpv4-sp/hard/libc.a(lib_a-__call_atexit.o)
 .data          0x0000000020000004        0x0 /home/yashash/ti/ccs1020/ccs/tools/compiler/gcc-arm-none-eabi-7-2017-q4-major/bin/../lib/gcc/arm-none-eabi/7.2.1/../../../../arm-none-eabi/lib/thumb/v7e-m/fpv4-sp/hard/libc.a(lib_a-atexit.o)
 .data          0x0000000020000004        0x0 /home/yashash/ti/ccs1020/ccs/tools/compiler/gcc-arm-none-eabi-7-2017-q4-major/bin/../lib/gcc/arm-none-eabi/7.2.1/../../../../arm-none-eabi/lib/thumb/v7e-m/fpv4-sp/hard/libc.a(lib_a-fini.o)
 .data          0x0000000020000004        0x0 /home/yashash/ti/ccs1020/ccs/tools/compiler/gcc-arm-none-eabi-7-2017-q4-major/bin/../lib/gcc/arm-none-eabi/7.2.1/../../../../arm-none-eabi/lib/thumb/v7e-m/fpv4-sp/hard/libc.a(lib_a-lock.o)
 .data          0x0000000020000004        0x0 /home/yashash/ti/ccs1020/ccs/tools/compiler/gcc-arm-none-eabi-7-2017-q4-major/bin/../lib/gcc/arm-none-eabi/7.2.1/../../../../arm-none-eabi/lib/thumb/v7e-m/fpv4-sp/hard/libc.a(lib_a-__atexit.o)
 .data          0x0000000020000004        0x0 /home/yashash/ti/TivaWare_C_Series-2.1.4.178/driverlib/gcc/libdriver.a(gpio.o)
 .data          0x0000000020000004        0x0 /home/yashash/ti/TivaWare_C_Series-2.1.4.178/driverlib/gcc/libdriver.a(interrupt.o)
 .data          0x0000000020000004        0x0 /home/yashash/ti/TivaWare_C_Series-2.1.4.178/driverlib/gcc/libdriver.a(sysctl.o)
 .data          0x0000000020000004        0x0 /home/yashash/ti/TivaWare_C_Series-2.1.4.178/driverlib/gcc/libdriver.a(uart.o)
 .data          0x0000000020000004        0x0 /home/yashash/ti/TivaWare_C_Series-2.1.4.178/driverlib/gcc/libdriver.a(cpu.o)
 .data          0x0000000020000004        0x0 /home/yashash/ti/ccs1020/ccs/tools/compiler/gcc-arm-none-eabi-7-2017-q4-major/bin/../lib/gcc/arm-none-eabi/7.2.1/thumb/v7e-m/fpv4-sp/hard/libgcc.a(_arm_addsubdf3.o)
 .data          0x0000000020000004        0x0 /home/yashash/ti/ccs1020/ccs/tools/compiler/gcc-arm-none-eabi-7-2017-q4-major/bin/../lib/gcc/arm-none-eabi/7.2.1/thumb/v7e-m/fpv4-sp/hard/libgcc.a(_arm_muldivdf3.o)
 .data          0x0000000020000004        0x0 /home/yashash/ti/ccs1020/ccs/tools/compiler/gcc-arm-none-eabi-7-2017-q4-major/bin/../lib/gcc/arm-none-eabi/7.2.1/thumb/v7e-m/fpv4-sp/hard/libgcc.a(_arm_truncdfsf2.o)
 .data          0x0000000020000004        0x0 /home/yashash/ti/ccs1020/ccs/tools/compiler/gcc-arm-none-eabi-7-2017-q4-major/bin/../lib/gcc/arm-none-eabi/7.2.1/../../../../arm-none-eabi/lib/thumb/v7e-m/fpv4-sp/hard/libnosys.a(_exit.o)
 .data          0x0000000020000004        0x0 /home/yashash/ti/ccs1020/ccs/tools/compiler/gcc-arm-none-eabi-7-2017-q4-major/bin/../lib/gcc/arm-none-eabi/7.2.1/thumb/v7e-m/fpv4-sp/hard/crtend.o
 .data          0x0000000020000004        0x0 /home/yashash/ti/ccs1020/ccs/tools/compiler/gcc-arm-none-eabi-7-2017-q4-major/bin/../lib/gcc/arm-none-eabi/7.2.1/thumb/v7e-m/fpv4-sp/hard/crtn.o
 *(.data*)
 .data.digitPattern
                0x0000000020000004        0xa ./main.o
                0x0000000020000004                digitPattern
 *fill*         0x000000002000000e        0x2 
 .data.digitPattern1
                0x0000000020000010        0xa ./main.o
                0x0000000020000010                digitPattern1
 *fill*         0x000000002000001a        0x2 
 .data._impure_ptr
                0x000000002000001c        0x4 /home/yashash/ti/ccs1020/ccs/tools/compiler/gcc-arm-none-eabi-7-2017-q4-major/bin/../lib/gcc/arm-none-eabi/7.2.1/../../../../arm-none-eabi/lib/thumb/v7e-m/fpv4-sp/hard/libc.a(lib_a-impure.o)
                0x000000002000001c                _impure_ptr
 .data.impure_data
                0x0000000020000020      0x428 /home/yashash/ti/ccs1020/ccs/tools/compiler/gcc-arm-none-eabi-7-2017-q4-major/bin/../lib/gcc/arm-none-eabi/7.2.1/../../../../arm-none-eabi/lib/thumb/v7e-m/fpv4-sp/hard/libc.a(lib_a-impure.o)
 .data.__atexit_recursive_mutex
                0x0000000020000448        0x4 /home/yashash/ti/ccs1020/ccs/tools/compiler/gcc-arm-none-eabi-7-2017-q4-major/bin/../lib/gcc/arm-none-eabi/7.2.1/../../../../arm-none-eabi/lib/thumb/v7e-m/fpv4-sp/hard/libc.a(lib_a-__call_atexit.o)
                0x0000000020000448                __atexit_recursive_mutex
                0x000000002000044c                . = ALIGN (0x4)
                0x000000002000044c                __data_end__ = .

.igot.plt       0x000000002000044c        0x0 load address 0x0000000000004d84
 .igot.plt      0x000000002000044c        0x0 /home/yashash/ti/ccs1020/ccs/tools/compiler/gcc-arm-none-eabi-7-2017-q4-major/bin/../lib/gcc/arm-none-eabi/7.2.1/thumb/v7e-m/fpv4-sp/hard/crtbegin.o

vtable          0x0000000020000800      0x400 load address 0x0000000000004d84
 vtable         0x0000000020000800      0x400 /home/yashash/ti/TivaWare_C_Series-2.1.4.178/driverlib/gcc/libdriver.a(interrupt.o)

.ARM.exidx      0x0000000000005184        0x8
                0x0000000000005184                __exidx_start = .
 *(.ARM.exidx* .gnu.linkonce.armexidx.*)
 .ARM.exidx     0x0000000000005184        0x8 /home/yashash/ti/ccs1020/ccs/tools/compiler/gcc-arm-none-eabi-7-2017-q4-major/bin/../lib/gcc/arm-none-eabi/7.2.1/../../../../arm-none-eabi/lib/thumb/v7e-m/fpv4-sp/hard/crt0.o
                0x000000000000518c                __exidx_end = .

.ARM.extab      0x000000000000518c        0x0
 *(.ARM.extab* .gnu.linkonce.armextab.*)
 .ARM.extab     0x000000000000518c        0x0 /home/yashash/ti/ccs1020/ccs/tools/compiler/gcc-arm-none-eabi-7-2017-q4-major/bin/../lib/gcc/arm-none-eabi/7.2.1/../../../../arm-none-eabi/lib/thumb/v7e-m/fpv4-sp/hard/crt0.o

.rel.dyn        0x000000000000518c        0x0
 .rel.iplt      0x000000000000518c        0x0 /home/yashash/ti/ccs1020/ccs/tools/compiler/gcc-arm-none-eabi-7-2017-q4-major/bin/../lib/gcc/arm-none-eabi/7.2.1/thumb/v7e-m/fpv4-sp/hard/crtbegin.o

.bss            0x0000000020000c00      0x2b8
                0x0000000020000c00                __bss_start__ = .
 *(.shbss)
 *(.bss)
 .bss           0x0000000020000c00        0x0 /home/yashash/ti/ccs1020/ccs/tools/compiler/gcc-arm-none-eabi-7-2017-q4-major/bin/../lib/gcc/arm-none-eabi/7.2.1/thumb/v7e-m/fpv4-sp/hard/crti.o
 .bss           0x0000000020000c00       0x1c /home/yashash/ti/ccs1020/ccs/tools/compiler/gcc-arm-none-eabi-7-2017-q4-major/bin/../lib/gcc/arm-none-eabi/7.2.1/thumb/v7e-m/fpv4-sp/hard/crtbegin.o
 .bss           0x0000000020000c1c        0x0 /home/yashash/ti/ccs1020/ccs/tools/compiler/gcc-arm-none-eabi-7-2017-q4-major/bin/../lib/gcc/arm-none-eabi/7.2.1/../../../../arm-none-eabi/lib/thumb/v7e-m/fpv4-sp/hard/crt0.o
 .bss           0x0000000020000c1c        0x0 ./ADC.o
 .bss           0x0000000020000c1c        0x0 ./main.o
 .bss           0x0000000020000c1c        0x0 ./pwm_motor.o
 .bss           0x0000000020000c1c        0x0 ./sandeep.o
 .bss           0x0000000020000c1c        0x0 ./tm4c123gh6pm_startup_ccs_gcc.o
 .bss           0x0000000020000c1c        0x0 /home/yashash/ti/ccs1020/ccs/tools/compiler/gcc-arm-none-eabi-7-2017-q4-major/bin/../lib/gcc/arm-none-eabi/7.2.1/../../../../arm-none-eabi/lib/thumb/v7e-m/fpv4-sp/hard/libc.a(lib_a-exit.o)
 .bss           0x0000000020000c1c        0x0 /home/yashash/ti/ccs1020/ccs/tools/compiler/gcc-arm-none-eabi-7-2017-q4-major/bin/../lib/gcc/arm-none-eabi/7.2.1/../../../../arm-none-eabi/lib/thumb/v7e-m/fpv4-sp/hard/libc.a(lib_a-impure.o)
 .bss           0x0000000020000c1c        0x0 /home/yashash/ti/ccs1020/ccs/tools/compiler/gcc-arm-none-eabi-7-2017-q4-major/bin/../lib/gcc/arm-none-eabi/7.2.1/../../../../arm-none-eabi/lib/thumb/v7e-m/fpv4-sp/hard/libc.a(lib_a-init.o)
 .bss           0x0000000020000c1c        0x0 /home/yashash/ti/ccs1020/ccs/tools/compiler/gcc-arm-none-eabi-7-2017-q4-major/bin/../lib/gcc/arm-none-eabi/7.2.1/../../../../arm-none-eabi/lib/thumb/v7e-m/fpv4-sp/hard/libc.a(lib_a-memset.o)
 .bss           0x0000000020000c1c        0x0 /home/yashash/ti/ccs1020/ccs/tools/compiler/gcc-arm-none-eabi-7-2017-q4-major/bin/../lib/gcc/arm-none-eabi/7.2.1/../../../../arm-none-eabi/lib/thumb/v7e-m/fpv4-sp/hard/libc.a(lib_a-strcmp.o)
 .bss           0x0000000020000c1c        0x0 /home/yashash/ti/ccs1020/ccs/tools/compiler/gcc-arm-none-eabi-7-2017-q4-major/bin/../lib/gcc/arm-none-eabi/7.2.1/../../../../arm-none-eabi/lib/thumb/v7e-m/fpv4-sp/hard/libc.a(lib_a-strlen.o)
 .bss           0x0000000020000c1c        0x0 /home/yashash/ti/ccs1020/ccs/tools/compiler/gcc-arm-none-eabi-7-2017-q4-major/bin/../lib/gcc/arm-none-eabi/7.2.1/../../../../arm-none-eabi/lib/thumb/v7e-m/fpv4-sp/hard/libc.a(lib_a-__call_atexit.o)
 .bss           0x0000000020000c1c        0x0 /home/yashash/ti/ccs1020/ccs/tools/compiler/gcc-arm-none-eabi-7-2017-q4-major/bin/../lib/gcc/arm-none-eabi/7.2.1/../../../../arm-none-eabi/lib/thumb/v7e-m/fpv4-sp/hard/libc.a(lib_a-atexit.o)
 .bss           0x0000000020000c1c        0x0 /home/yashash/ti/ccs1020/ccs/tools/compiler/gcc-arm-none-eabi-7-2017-q4-major/bin/../lib/gcc/arm-none-eabi/7.2.1/../../../../arm-none-eabi/lib/thumb/v7e-m/fpv4-sp/hard/libc.a(lib_a-fini.o)
 .bss           0x0000000020000c1c        0x0 /home/yashash/ti/ccs1020/ccs/tools/compiler/gcc-arm-none-eabi-7-2017-q4-major/bin/../lib/gcc/arm-none-eabi/7.2.1/../../../../arm-none-eabi/lib/thumb/v7e-m/fpv4-sp/hard/libc.a(lib_a-lock.o)
 .bss           0x0000000020000c1c        0x0 /home/yashash/ti/ccs1020/ccs/tools/compiler/gcc-arm-none-eabi-7-2017-q4-major/bin/../lib/gcc/arm-none-eabi/7.2.1/../../../../arm-none-eabi/lib/thumb/v7e-m/fpv4-sp/hard/libc.a(lib_a-__atexit.o)
 .bss           0x0000000020000c1c        0x0 /home/yashash/ti/TivaWare_C_Series-2.1.4.178/driverlib/gcc/libdriver.a(gpio.o)
 .bss           0x0000000020000c1c        0x0 /home/yashash/ti/TivaWare_C_Series-2.1.4.178/driverlib/gcc/libdriver.a(interrupt.o)
 .bss           0x0000000020000c1c        0x0 /home/yashash/ti/TivaWare_C_Series-2.1.4.178/driverlib/gcc/libdriver.a(sysctl.o)
 .bss           0x0000000020000c1c        0x0 /home/yashash/ti/TivaWare_C_Series-2.1.4.178/driverlib/gcc/libdriver.a(uart.o)
 .bss           0x0000000020000c1c        0x0 /home/yashash/ti/TivaWare_C_Series-2.1.4.178/driverlib/gcc/libdriver.a(cpu.o)
 .bss           0x0000000020000c1c        0x0 /home/yashash/ti/ccs1020/ccs/tools/compiler/gcc-arm-none-eabi-7-2017-q4-major/bin/../lib/gcc/arm-none-eabi/7.2.1/thumb/v7e-m/fpv4-sp/hard/libgcc.a(_arm_addsubdf3.o)
 .bss           0x0000000020000c1c        0x0 /home/yashash/ti/ccs1020/ccs/tools/compiler/gcc-arm-none-eabi-7-2017-q4-major/bin/../lib/gcc/arm-none-eabi/7.2.1/thumb/v7e-m/fpv4-sp/hard/libgcc.a(_arm_muldivdf3.o)
 .bss           0x0000000020000c1c        0x0 /home/yashash/ti/ccs1020/ccs/tools/compiler/gcc-arm-none-eabi-7-2017-q4-major/bin/../lib/gcc/arm-none-eabi/7.2.1/thumb/v7e-m/fpv4-sp/hard/libgcc.a(_arm_truncdfsf2.o)
 .bss           0x0000000020000c1c        0x0 /home/yashash/ti/ccs1020/ccs/tools/compiler/gcc-arm-none-eabi-7-2017-q4-major/bin/../lib/gcc/arm-none-eabi/7.2.1/../../../../arm-none-eabi/lib/thumb/v7e-m/fpv4-sp/hard/libnosys.a(_exit.o)
 .bss           0x0000000020000c1c        0x0 /home/yashash/ti/ccs1020/ccs/tools/compiler/gcc-arm-none-eabi-7-2017-q4-major/bin/../lib/gcc/arm-none-eabi/7.2.1/thumb/v7e-m/fpv4-sp/hard/crtend.o
 .bss           0x0000000020000c1c        0x0 /home/yashash/ti/ccs1020/ccs/tools/compiler/gcc-arm-none-eabi-7-2017-q4-major/bin/../lib/gcc/arm-none-eabi/7.2.1/thumb/v7e-m/fpv4-sp/hard/crtn.o
 *(.bss.*)
 .bss.pui32Stack
                0x0000000020000c1c      0x200 ./tm4c123gh6pm_startup_ccs_gcc.o
 *(COMMON)
 COMMON         0x0000000020000e1c       0x78 ./sandeep.o
                0x0000000020000e1c                j
                0x0000000020000e20                prewash
                0x0000000020000e24                suspend
                0x0000000020000e28                dtdone
                0x0000000020000e2c                done
                0x0000000020000e30                door_count
                0x0000000020000e34                hit_count
                0x0000000020000e38                loop_spin
                0x0000000020000e3c                i
                0x0000000020000e40                loop_wash
                0x0000000020000e44                val
                0x0000000020000e48                BUFFER
                0x0000000020000e58                resume
                0x0000000020000e5c                fix
                0x0000000020000e60                spin
                0x0000000020000e64                hit
                0x0000000020000e68                count
                0x0000000020000e6c                wash
                0x0000000020000e70                result
                0x0000000020000e74                door
                0x0000000020000e78                error
                0x0000000020000e7c                confirm
                0x0000000020000e80                start
                0x0000000020000e84                freeze
                0x0000000020000e88                stop
                0x0000000020000e8c                door_lock
                0x0000000020000e90                loop_prewash
 COMMON         0x0000000020000e94       0x21 /home/yashash/ti/ccs1020/ccs/tools/compiler/gcc-arm-none-eabi-7-2017-q4-major/bin/../lib/gcc/arm-none-eabi/7.2.1/../../../../arm-none-eabi/lib/thumb/v7e-m/fpv4-sp/hard/libc.a(lib_a-lock.o)
                0x0000000020000e94                __lock___atexit_recursive_mutex
                0x0000000020000e98                __lock___arc4random_mutex
                0x0000000020000e9c                __lock___env_recursive_mutex
                0x0000000020000ea0                __lock___sinit_recursive_mutex
                0x0000000020000ea4                __lock___malloc_recursive_mutex
                0x0000000020000ea8                __lock___at_quick_exit_mutex
                0x0000000020000eac                __lock___dd_hash_mutex
                0x0000000020000eb0                __lock___tz_mutex
                0x0000000020000eb4                __lock___sfp_recursive_mutex
                0x0000000020000eb8                . = ALIGN (0x4)
 *fill*         0x0000000020000eb5        0x3 
                0x0000000020000eb8                __bss_end__ = .

.heap           0x0000000020000eb8        0x0
                0x0000000020000eb8                __heap_start__ = .
                0x0000000020000eb8                end = __heap_start__
                0x0000000020000eb8                _end = end
                0x0000000020000eb8                __end = end
 *(.heap)
                0x0000000020000eb8                __heap_end__ = .
                0x0000000020000eb8                __HeapLimit = __heap_end__

.stack          0x0000000020000eb8        0x0
                0x0000000020000eb8                _stack = .
                0x0000000020000eb8                __stack = .
 *(.stack)
START GROUP
LOAD /home/yashash/ti/ccs1020/ccs/tools/compiler/gcc-arm-none-eabi-7-2017-q4-major/bin/../lib/gcc/arm-none-eabi/7.2.1/../../../../arm-none-eabi/lib/thumb/v7e-m/fpv4-sp/hard/libc.a
LOAD /home/yashash/ti/TivaWare_C_Series-2.1.4.178/driverlib/gcc/libdriver.a
END GROUP
START GROUP
LOAD /home/yashash/ti/ccs1020/ccs/tools/compiler/gcc-arm-none-eabi-7-2017-q4-major/bin/../lib/gcc/arm-none-eabi/7.2.1/thumb/v7e-m/fpv4-sp/hard/libgcc.a
LOAD /home/yashash/ti/ccs1020/ccs/tools/compiler/gcc-arm-none-eabi-7-2017-q4-major/bin/../lib/gcc/arm-none-eabi/7.2.1/../../../../arm-none-eabi/lib/thumb/v7e-m/fpv4-sp/hard/libg.a
LOAD /home/yashash/ti/ccs1020/ccs/tools/compiler/gcc-arm-none-eabi-7-2017-q4-major/bin/../lib/gcc/arm-none-eabi/7.2.1/../../../../arm-none-eabi/lib/thumb/v7e-m/fpv4-sp/hard/libc.a
END GROUP
START GROUP
LOAD /home/yashash/ti/ccs1020/ccs/tools/compiler/gcc-arm-none-eabi-7-2017-q4-major/bin/../lib/gcc/arm-none-eabi/7.2.1/thumb/v7e-m/fpv4-sp/hard/libgcc.a
LOAD /home/yashash/ti/ccs1020/ccs/tools/compiler/gcc-arm-none-eabi-7-2017-q4-major/bin/../lib/gcc/arm-none-eabi/7.2.1/../../../../arm-none-eabi/lib/thumb/v7e-m/fpv4-sp/hard/libc.a
LOAD /home/yashash/ti/ccs1020/ccs/tools/compiler/gcc-arm-none-eabi-7-2017-q4-major/bin/../lib/gcc/arm-none-eabi/7.2.1/../../../../arm-none-eabi/lib/thumb/v7e-m/fpv4-sp/hard/libnosys.a
END GROUP
LOAD /home/yashash/ti/ccs1020/ccs/tools/compiler/gcc-arm-none-eabi-7-2017-q4-major/bin/../lib/gcc/arm-none-eabi/7.2.1/thumb/v7e-m/fpv4-sp/hard/crtend.o
LOAD /home/yashash/ti/ccs1020/ccs/tools/compiler/gcc-arm-none-eabi-7-2017-q4-major/bin/../lib/gcc/arm-none-eabi/7.2.1/thumb/v7e-m/fpv4-sp/hard/crtn.o
OUTPUT(yash_lab7_PWM_Motor_Controller.out elf32-littlearm)

.ARM.attributes
                0x0000000000000000       0x30
 .ARM.attributes
                0x0000000000000000       0x22 /home/yashash/ti/ccs1020/ccs/tools/compiler/gcc-arm-none-eabi-7-2017-q4-major/bin/../lib/gcc/arm-none-eabi/7.2.1/thumb/v7e-m/fpv4-sp/hard/crti.o
 .ARM.attributes
                0x0000000000000022       0x34 /home/yashash/ti/ccs1020/ccs/tools/compiler/gcc-arm-none-eabi-7-2017-q4-major/bin/../lib/gcc/arm-none-eabi/7.2.1/thumb/v7e-m/fpv4-sp/hard/crtbegin.o
 .ARM.attributes
                0x0000000000000056       0x20 /home/yashash/ti/ccs1020/ccs/tools/compiler/gcc-arm-none-eabi-7-2017-q4-major/bin/../lib/gcc/arm-none-eabi/7.2.1/../../../../arm-none-eabi/lib/thumb/v7e-m/fpv4-sp/hard/crt0.o
 .ARM.attributes
                0x0000000000000076       0x39 ./ADC.o
 .ARM.attributes
                0x00000000000000af       0x39 ./main.o
 .ARM.attributes
                0x00000000000000e8       0x39 ./pwm_motor.o
 .ARM.attributes
                0x0000000000000121       0x39 ./sandeep.o
 .ARM.attributes
                0x000000000000015a       0x39 ./tm4c123gh6pm_startup_ccs_gcc.o
 .ARM.attributes
                0x0000000000000193       0x34 /home/yashash/ti/ccs1020/ccs/tools/compiler/gcc-arm-none-eabi-7-2017-q4-major/bin/../lib/gcc/arm-none-eabi/7.2.1/../../../../arm-none-eabi/lib/thumb/v7e-m/fpv4-sp/hard/libc.a(lib_a-exit.o)
 .ARM.attributes
                0x00000000000001c7       0x34 /home/yashash/ti/ccs1020/ccs/tools/compiler/gcc-arm-none-eabi-7-2017-q4-major/bin/../lib/gcc/arm-none-eabi/7.2.1/../../../../arm-none-eabi/lib/thumb/v7e-m/fpv4-sp/hard/libc.a(lib_a-impure.o)
 .ARM.attributes
                0x00000000000001fb       0x34 /home/yashash/ti/ccs1020/ccs/tools/compiler/gcc-arm-none-eabi-7-2017-q4-major/bin/../lib/gcc/arm-none-eabi/7.2.1/../../../../arm-none-eabi/lib/thumb/v7e-m/fpv4-sp/hard/libc.a(lib_a-init.o)
 .ARM.attributes
                0x000000000000022f       0x34 /home/yashash/ti/ccs1020/ccs/tools/compiler/gcc-arm-none-eabi-7-2017-q4-major/bin/../lib/gcc/arm-none-eabi/7.2.1/../../../../arm-none-eabi/lib/thumb/v7e-m/fpv4-sp/hard/libc.a(lib_a-memset.o)
 .ARM.attributes
                0x0000000000000263       0x20 /home/yashash/ti/ccs1020/ccs/tools/compiler/gcc-arm-none-eabi-7-2017-q4-major/bin/../lib/gcc/arm-none-eabi/7.2.1/../../../../arm-none-eabi/lib/thumb/v7e-m/fpv4-sp/hard/libc.a(lib_a-strcmp.o)
 .ARM.attributes
                0x0000000000000283       0x20 /home/yashash/ti/ccs1020/ccs/tools/compiler/gcc-arm-none-eabi-7-2017-q4-major/bin/../lib/gcc/arm-none-eabi/7.2.1/../../../../arm-none-eabi/lib/thumb/v7e-m/fpv4-sp/hard/libc.a(lib_a-strlen.o)
 .ARM.attributes
                0x00000000000002a3       0x34 /home/yashash/ti/ccs1020/ccs/tools/compiler/gcc-arm-none-eabi-7-2017-q4-major/bin/../lib/gcc/arm-none-eabi/7.2.1/../../../../arm-none-eabi/lib/thumb/v7e-m/fpv4-sp/hard/libc.a(lib_a-__call_atexit.o)
 .ARM.attributes
                0x00000000000002d7       0x34 /home/yashash/ti/ccs1020/ccs/tools/compiler/gcc-arm-none-eabi-7-2017-q4-major/bin/../lib/gcc/arm-none-eabi/7.2.1/../../../../arm-none-eabi/lib/thumb/v7e-m/fpv4-sp/hard/libc.a(lib_a-atexit.o)
 .ARM.attributes
                0x000000000000030b       0x34 /home/yashash/ti/ccs1020/ccs/tools/compiler/gcc-arm-none-eabi-7-2017-q4-major/bin/../lib/gcc/arm-none-eabi/7.2.1/../../../../arm-none-eabi/lib/thumb/v7e-m/fpv4-sp/hard/libc.a(lib_a-fini.o)
 .ARM.attributes
                0x000000000000033f       0x34 /home/yashash/ti/ccs1020/ccs/tools/compiler/gcc-arm-none-eabi-7-2017-q4-major/bin/../lib/gcc/arm-none-eabi/7.2.1/../../../../arm-none-eabi/lib/thumb/v7e-m/fpv4-sp/hard/libc.a(lib_a-lock.o)
 .ARM.attributes
                0x0000000000000373       0x34 /home/yashash/ti/ccs1020/ccs/tools/compiler/gcc-arm-none-eabi-7-2017-q4-major/bin/../lib/gcc/arm-none-eabi/7.2.1/../../../../arm-none-eabi/lib/thumb/v7e-m/fpv4-sp/hard/libc.a(lib_a-__atexit.o)
 .ARM.attributes
                0x00000000000003a7       0x3b /home/yashash/ti/TivaWare_C_Series-2.1.4.178/driverlib/gcc/libdriver.a(gpio.o)
 .ARM.attributes
                0x00000000000003e2       0x3b /home/yashash/ti/TivaWare_C_Series-2.1.4.178/driverlib/gcc/libdriver.a(interrupt.o)
 .ARM.attributes
                0x000000000000041d       0x3b /home/yashash/ti/TivaWare_C_Series-2.1.4.178/driverlib/gcc/libdriver.a(sysctl.o)
 .ARM.attributes
                0x0000000000000458       0x3b /home/yashash/ti/TivaWare_C_Series-2.1.4.178/driverlib/gcc/libdriver.a(uart.o)
 .ARM.attributes
                0x0000000000000493       0x3b /home/yashash/ti/TivaWare_C_Series-2.1.4.178/driverlib/gcc/libdriver.a(cpu.o)
 .ARM.attributes
                0x00000000000004ce       0x22 /home/yashash/ti/ccs1020/ccs/tools/compiler/gcc-arm-none-eabi-7-2017-q4-major/bin/../lib/gcc/arm-none-eabi/7.2.1/thumb/v7e-m/fpv4-sp/hard/libgcc.a(_arm_addsubdf3.o)
 .ARM.attributes
                0x00000000000004f0       0x22 /home/yashash/ti/ccs1020/ccs/tools/compiler/gcc-arm-none-eabi-7-2017-q4-major/bin/../lib/gcc/arm-none-eabi/7.2.1/thumb/v7e-m/fpv4-sp/hard/libgcc.a(_arm_muldivdf3.o)
 .ARM.attributes
                0x0000000000000512       0x22 /home/yashash/ti/ccs1020/ccs/tools/compiler/gcc-arm-none-eabi-7-2017-q4-major/bin/../lib/gcc/arm-none-eabi/7.2.1/thumb/v7e-m/fpv4-sp/hard/libgcc.a(_arm_truncdfsf2.o)
 .ARM.attributes
                0x0000000000000534       0x34 /home/yashash/ti/ccs1020/ccs/tools/compiler/gcc-arm-none-eabi-7-2017-q4-major/bin/../lib/gcc/arm-none-eabi/7.2.1/../../../../arm-none-eabi/lib/thumb/v7e-m/fpv4-sp/hard/libnosys.a(_exit.o)
 .ARM.attributes
                0x0000000000000568       0x34 /home/yashash/ti/ccs1020/ccs/tools/compiler/gcc-arm-none-eabi-7-2017-q4-major/bin/../lib/gcc/arm-none-eabi/7.2.1/thumb/v7e-m/fpv4-sp/hard/crtend.o
 .ARM.attributes
                0x000000000000059c       0x22 /home/yashash/ti/ccs1020/ccs/tools/compiler/gcc-arm-none-eabi-7-2017-q4-major/bin/../lib/gcc/arm-none-eabi/7.2.1/thumb/v7e-m/fpv4-sp/hard/crtn.o

.comment        0x0000000000000000       0xee
 .comment       0x0000000000000000       0x7e ./ADC.o
                                         0x7f (size before relaxing)
 .comment       0x000000000000007e       0x7f ./main.o
 .comment       0x000000000000007e       0x7f ./pwm_motor.o
 .comment       0x000000000000007e       0x7f ./sandeep.o
 .comment       0x000000000000007e       0x7f ./tm4c123gh6pm_startup_ccs_gcc.o
 .comment       0x000000000000007e       0x70 /home/yashash/ti/TivaWare_C_Series-2.1.4.178/driverlib/gcc/libdriver.a(gpio.o)
                                         0x71 (size before relaxing)
 .comment       0x00000000000000ee       0x71 /home/yashash/ti/TivaWare_C_Series-2.1.4.178/driverlib/gcc/libdriver.a(interrupt.o)
 .comment       0x00000000000000ee       0x71 /home/yashash/ti/TivaWare_C_Series-2.1.4.178/driverlib/gcc/libdriver.a(sysctl.o)
 .comment       0x00000000000000ee       0x71 /home/yashash/ti/TivaWare_C_Series-2.1.4.178/driverlib/gcc/libdriver.a(uart.o)
 .comment       0x00000000000000ee       0x71 /home/yashash/ti/TivaWare_C_Series-2.1.4.178/driverlib/gcc/libdriver.a(cpu.o)

.debug_info     0x0000000000000000     0x2bd0
 .debug_info    0x0000000000000000      0x980 ./ADC.o
 .debug_info    0x0000000000000980      0x9f9 ./main.o
 .debug_info    0x0000000000001379      0x8d7 ./pwm_motor.o
 .debug_info    0x0000000000001c50      0xdf3 ./sandeep.o
 .debug_info    0x0000000000002a43      0x18d ./tm4c123gh6pm_startup_ccs_gcc.o

.debug_abbrev   0x0000000000000000      0x8d1
 .debug_abbrev  0x0000000000000000      0x1fc ./ADC.o
 .debug_abbrev  0x00000000000001fc      0x1f7 ./main.o
 .debug_abbrev  0x00000000000003f3      0x1a2 ./pwm_motor.o
 .debug_abbrev  0x0000000000000595      0x272 ./sandeep.o
 .debug_abbrev  0x0000000000000807       0xca ./tm4c123gh6pm_startup_ccs_gcc.o

.debug_aranges  0x0000000000000000      0x178
 .debug_aranges
                0x0000000000000000       0x38 ./ADC.o
 .debug_aranges
                0x0000000000000038       0x20 ./main.o
 .debug_aranges
                0x0000000000000058       0x20 ./pwm_motor.o
 .debug_aranges
                0x0000000000000078       0xc8 ./sandeep.o
 .debug_aranges
                0x0000000000000140       0x38 ./tm4c123gh6pm_startup_ccs_gcc.o

.debug_ranges   0x0000000000000000      0x128
 .debug_ranges  0x0000000000000000       0x28 ./ADC.o
 .debug_ranges  0x0000000000000028       0x10 ./main.o
 .debug_ranges  0x0000000000000038       0x10 ./pwm_motor.o
 .debug_ranges  0x0000000000000048       0xb8 ./sandeep.o
 .debug_ranges  0x0000000000000100       0x28 ./tm4c123gh6pm_startup_ccs_gcc.o

.debug_line     0x0000000000000000      0xedc
 .debug_line    0x0000000000000000      0x296 ./ADC.o
 .debug_line    0x0000000000000296      0x269 ./main.o
 .debug_line    0x00000000000004ff      0x250 ./pwm_motor.o
 .debug_line    0x000000000000074f      0x60a ./sandeep.o
 .debug_line    0x0000000000000d59      0x183 ./tm4c123gh6pm_startup_ccs_gcc.o

.debug_str      0x0000000000000000      0x862
 .debug_str     0x0000000000000000      0x5d9 ./ADC.o
                                        0x641 (size before relaxing)
 .debug_str     0x00000000000005d9       0x35 ./main.o
                                        0x642 (size before relaxing)
 .debug_str     0x000000000000060e       0x18 ./pwm_motor.o
                                        0x5c0 (size before relaxing)
 .debug_str     0x0000000000000626      0x181 ./sandeep.o
                                        0x767 (size before relaxing)
 .debug_str     0x00000000000007a7       0xbb ./tm4c123gh6pm_startup_ccs_gcc.o
                                        0x26c (size before relaxing)

.debug_frame    0x0000000000000000      0x80c
 .debug_frame   0x0000000000000000       0x98 ./ADC.o
 .debug_frame   0x0000000000000098       0x30 ./main.o
 .debug_frame   0x00000000000000c8       0x30 ./pwm_motor.o
 .debug_frame   0x00000000000000f8      0x2d0 ./sandeep.o
 .debug_frame   0x00000000000003c8       0x7c ./tm4c123gh6pm_startup_ccs_gcc.o
 .debug_frame   0x0000000000000444       0x28 /home/yashash/ti/ccs1020/ccs/tools/compiler/gcc-arm-none-eabi-7-2017-q4-major/bin/../lib/gcc/arm-none-eabi/7.2.1/../../../../arm-none-eabi/lib/thumb/v7e-m/fpv4-sp/hard/libc.a(lib_a-exit.o)
 .debug_frame   0x000000000000046c       0x2c /home/yashash/ti/ccs1020/ccs/tools/compiler/gcc-arm-none-eabi-7-2017-q4-major/bin/../lib/gcc/arm-none-eabi/7.2.1/../../../../arm-none-eabi/lib/thumb/v7e-m/fpv4-sp/hard/libc.a(lib_a-init.o)
 .debug_frame   0x0000000000000498       0x38 /home/yashash/ti/ccs1020/ccs/tools/compiler/gcc-arm-none-eabi-7-2017-q4-major/bin/../lib/gcc/arm-none-eabi/7.2.1/../../../../arm-none-eabi/lib/thumb/v7e-m/fpv4-sp/hard/libc.a(lib_a-memset.o)
 .debug_frame   0x00000000000004d0       0x68 /home/yashash/ti/ccs1020/ccs/tools/compiler/gcc-arm-none-eabi-7-2017-q4-major/bin/../lib/gcc/arm-none-eabi/7.2.1/../../../../arm-none-eabi/lib/thumb/v7e-m/fpv4-sp/hard/libc.a(lib_a-strcmp.o)
 .debug_frame   0x0000000000000538       0x5c /home/yashash/ti/ccs1020/ccs/tools/compiler/gcc-arm-none-eabi-7-2017-q4-major/bin/../lib/gcc/arm-none-eabi/7.2.1/../../../../arm-none-eabi/lib/thumb/v7e-m/fpv4-sp/hard/libc.a(lib_a-__call_atexit.o)
 .debug_frame   0x0000000000000594       0x20 /home/yashash/ti/ccs1020/ccs/tools/compiler/gcc-arm-none-eabi-7-2017-q4-major/bin/../lib/gcc/arm-none-eabi/7.2.1/../../../../arm-none-eabi/lib/thumb/v7e-m/fpv4-sp/hard/libc.a(lib_a-atexit.o)
 .debug_frame   0x00000000000005b4       0x34 /home/yashash/ti/ccs1020/ccs/tools/compiler/gcc-arm-none-eabi-7-2017-q4-major/bin/../lib/gcc/arm-none-eabi/7.2.1/../../../../arm-none-eabi/lib/thumb/v7e-m/fpv4-sp/hard/libc.a(lib_a-fini.o)
 .debug_frame   0x00000000000005e8       0xb0 /home/yashash/ti/ccs1020/ccs/tools/compiler/gcc-arm-none-eabi-7-2017-q4-major/bin/../lib/gcc/arm-none-eabi/7.2.1/../../../../arm-none-eabi/lib/thumb/v7e-m/fpv4-sp/hard/libc.a(lib_a-lock.o)