Archive member included to satisfy reference by file (symbol)

/home/yashash/ti/TivaWare_C_Series-2.1.4.178/driverlib/gcc/libdriver.a(gpio.o)
                              ./switch_blink.o (GPIOPinTypeUART)
/home/yashash/ti/TivaWare_C_Series-2.1.4.178/driverlib/gcc/libdriver.a(interrupt.o)
                              /home/yashash/ti/TivaWare_C_Series-2.1.4.178/driverlib/gcc/libdriver.a(gpio.o) (IntRegister)
/home/yashash/ti/TivaWare_C_Series-2.1.4.178/driverlib/gcc/libdriver.a(sysctl.o)
                              ./switch_blink.o (SysCtlPeripheralEnable)
/home/yashash/ti/TivaWare_C_Series-2.1.4.178/driverlib/gcc/libdriver.a(uart.o)
                              ./switch_blink.o (UARTConfigSetExpClk)
/home/yashash/ti/TivaWare_C_Series-2.1.4.178/driverlib/gcc/libdriver.a(cpu.o)
                              /home/yashash/ti/TivaWare_C_Series-2.1.4.178/driverlib/gcc/libdriver.a(interrupt.o) (CPUcpsid)
/home/yashash/ti/ccs1020/ccs/tools/compiler/gcc-arm-none-eabi-7-2017-q4-major/bin/../lib/gcc/arm-none-eabi/7.2.1/../../../../arm-none-eabi/lib/thumb/v7e-m/fpv4-sp/hard/libg.a(lib_a-atoi.o)
                              ./switch_blink.o (atoi)
/home/yashash/ti/ccs1020/ccs/tools/compiler/gcc-arm-none-eabi-7-2017-q4-major/bin/../lib/gcc/arm-none-eabi/7.2.1/../../../../arm-none-eabi/lib/thumb/v7e-m/fpv4-sp/hard/libg.a(lib_a-exit.o)
                              /home/yashash/ti/ccs1020/ccs/tools/compiler/gcc-arm-none-eabi-7-2017-q4-major/bin/../lib/gcc/arm-none-eabi/7.2.1/../../../../arm-none-eabi/lib/thumb/v7e-m/fpv4-sp/hard/crt0.o (exit)
/home/yashash/ti/ccs1020/ccs/tools/compiler/gcc-arm-none-eabi-7-2017-q4-major/bin/../lib/gcc/arm-none-eabi/7.2.1/../../../../arm-none-eabi/lib/thumb/v7e-m/fpv4-sp/hard/libg.a(lib_a-impure.o)
                              /home/yashash/ti/ccs1020/ccs/tools/compiler/gcc-arm-none-eabi-7-2017-q4-major/bin/../lib/gcc/arm-none-eabi/7.2.1/../../../../arm-none-eabi/lib/thumb/v7e-m/fpv4-sp/hard/libg.a(lib_a-exit.o) (_global_impure_ptr)
/home/yashash/ti/ccs1020/ccs/tools/compiler/gcc-arm-none-eabi-7-2017-q4-major/bin/../lib/gcc/arm-none-eabi/7.2.1/../../../../arm-none-eabi/lib/thumb/v7e-m/fpv4-sp/hard/libg.a(lib_a-init.o)
                              /home/yashash/ti/ccs1020/ccs/tools/compiler/gcc-arm-none-eabi-7-2017-q4-major/bin/../lib/gcc/arm-none-eabi/7.2.1/../../../../arm-none-eabi/lib/thumb/v7e-m/fpv4-sp/hard/crt0.o (__libc_init_array)
/home/yashash/ti/ccs1020/ccs/tools/compiler/gcc-arm-none-eabi-7-2017-q4-major/bin/../lib/gcc/arm-none-eabi/7.2.1/../../../../arm-none-eabi/lib/thumb/v7e-m/fpv4-sp/hard/libg.a(lib_a-memset.o)
                              /home/yashash/ti/ccs1020/ccs/tools/compiler/gcc-arm-none-eabi-7-2017-q4-major/bin/../lib/gcc/arm-none-eabi/7.2.1/../../../../arm-none-eabi/lib/thumb/v7e-m/fpv4-sp/hard/crt0.o (memset)
/home/yashash/ti/ccs1020/ccs/tools/compiler/gcc-arm-none-eabi-7-2017-q4-major/bin/../lib/gcc/arm-none-eabi/7.2.1/../../../../arm-none-eabi/lib/thumb/v7e-m/fpv4-sp/hard/libg.a(lib_a-strcpy.o)
                              ./switch_blink.o (strcpy)
/home/yashash/ti/ccs1020/ccs/tools/compiler/gcc-arm-none-eabi-7-2017-q4-major/bin/../lib/gcc/arm-none-eabi/7.2.1/../../../../arm-none-eabi/lib/thumb/v7e-m/fpv4-sp/hard/libg.a(lib_a-strstr.o)
                              ./switch_blink.o (strstr)
/home/yashash/ti/ccs1020/ccs/tools/compiler/gcc-arm-none-eabi-7-2017-q4-major/bin/../lib/gcc/arm-none-eabi/7.2.1/../../../../arm-none-eabi/lib/thumb/v7e-m/fpv4-sp/hard/libg.a(lib_a-strtok.o)
                              ./switch_blink.o (strtok)
/home/yashash/ti/ccs1020/ccs/tools/compiler/gcc-arm-none-eabi-7-2017-q4-major/bin/../lib/gcc/arm-none-eabi/7.2.1/../../../../arm-none-eabi/lib/thumb/v7e-m/fpv4-sp/hard/libg.a(lib_a-strtok_r.o)
                              /home/yashash/ti/ccs1020/ccs/tools/compiler/gcc-arm-none-eabi-7-2017-q4-major/bin/../lib/gcc/arm-none-eabi/7.2.1/../../../../arm-none-eabi/lib/thumb/v7e-m/fpv4-sp/hard/libg.a(lib_a-strtok.o) (__strtok_r)
/home/yashash/ti/ccs1020/ccs/tools/compiler/gcc-arm-none-eabi-7-2017-q4-major/bin/../lib/gcc/arm-none-eabi/7.2.1/../../../../arm-none-eabi/lib/thumb/v7e-m/fpv4-sp/hard/libg.a(lib_a-strtol.o)
                              /home/yashash/ti/ccs1020/ccs/tools/compiler/gcc-arm-none-eabi-7-2017-q4-major/bin/../lib/gcc/arm-none-eabi/7.2.1/../../../../arm-none-eabi/lib/thumb/v7e-m/fpv4-sp/hard/libg.a(lib_a-atoi.o) (_strtol_r)
/home/yashash/ti/ccs1020/ccs/tools/compiler/gcc-arm-none-eabi-7-2017-q4-major/bin/../lib/gcc/arm-none-eabi/7.2.1/../../../../arm-none-eabi/lib/thumb/v7e-m/fpv4-sp/hard/libg.a(lib_a-__call_atexit.o)
                              /home/yashash/ti/ccs1020/ccs/tools/compiler/gcc-arm-none-eabi-7-2017-q4-major/bin/../lib/gcc/arm-none-eabi/7.2.1/../../../../arm-none-eabi/lib/thumb/v7e-m/fpv4-sp/hard/libg.a(lib_a-exit.o) (__call_exitprocs)
[...]
Memory Configuration

Name             Origin             Length             Attributes
FLASH            0x0000000000000000 0x0000000000040000 xr
SRAM             0x0000000020000000 0x0000000000008000 xw
*default*        0x0000000000000000 0xffffffffffffffff

Linker script and memory map

LOAD /home/yashash/ti/ccs1020/ccs/tools/compiler/gcc-arm-none-eabi-7-2017-q4-major/bin/../lib/gcc/arm-none-eabi/7.2.1/thumb/v7e-m/fpv4-sp/hard/crti.o
LOAD /home/yashash/ti/ccs1020/ccs/tools/compiler/gcc-arm-none-eabi-7-2017-q4-major/bin/../lib/gcc/arm-none-eabi/7.2.1/thumb/v7e-m/fpv4-sp/hard/crtbegin.o
LOAD /home/yashash/ti/ccs1020/ccs/tools/compiler/gcc-arm-none-eabi-7-2017-q4-major/bin/../lib/gcc/arm-none-eabi/7.2.1/../../../../arm-none-eabi/lib/thumb/v7e-m/fpv4-sp/hard/crt0.o
LOAD ./switch_blink.o
LOAD ./tm4c123gh6pm_startup_ccs_gcc.o
                0x0000000000000000                PROVIDE (_intvecs_base_address, 0x0)

.intvecs        0x0000000000000000      0x26c
 *(.intvecs)
 .intvecs       0x0000000000000000      0x26c ./tm4c123gh6pm_startup_ccs_gcc.o
                0x0000000000000000                g_pfnVectors
                0x0000000020000000                PROVIDE (_vtable_base_address, 0x20000000)

.vtable
 *(.vtable)

.text           0x0000000000000280     0x2e30
 CREATE_OBJECT_SYMBOLS
 *(.text)
 .text          0x0000000000000280        0x0 /home/yashash/ti/ccs1020/ccs/tools/compiler/gcc-arm-none-eabi-7-2017-q4-major/bin/../lib/gcc/arm-none-eabi/7.2.1/thumb/v7e-m/fpv4-sp/hard/crti.o
 .text          0x0000000000000280       0x40 /home/yashash/ti/ccs1020/ccs/tools/compiler/gcc-arm-none-eabi-7-2017-q4-major/bin/../lib/gcc/arm-none-eabi/7.2.1/thumb/v7e-m/fpv4-sp/hard/crtbegin.o
 .text          0x00000000000002c0       0x74 /home/yashash/ti/ccs1020/ccs/tools/compiler/gcc-arm-none-eabi-7-2017-q4-major/bin/../lib/gcc/arm-none-eabi/7.2.1/../../../../arm-none-eabi/lib/thumb/v7e-m/fpv4-sp/hard/crt0.o
                0x00000000000002c0                _mainCRTStartup
                0x00000000000002c0                _start
 .text          0x0000000000000334        0x0 ./switch_blink.o
 .text          0x0000000000000334        0x0 ./tm4c123gh6pm_startup_ccs_gcc.o
 .text          0x0000000000000334        0x0 /home/yashash/ti/TivaWare_C_Series-2.1.4.178/driverlib/gcc/libdriver.a(gpio.o)
 .text          0x0000000000000334        0x0 /home/yashash/ti/TivaWare_C_Series-2.1.4.178/driverlib/gcc/libdriver.a(interrupt.o)
 .text          0x0000000000000334        0x0 /home/yashash/ti/TivaWare_C_Series-2.1.4.178/driverlib/gcc/libdriver.a(sysctl.o)
 .text          0x0000000000000334        0x0 /home/yashash/ti/TivaWare_C_Series-2.1.4.178/driverlib/gcc/libdriver.a(uart.o)
 .text          0x0000000000000334        0x0 /home/yashash/ti/TivaWare_C_Series-2.1.4.178/driverlib/gcc/libdriver.a(cpu.o)
 .text          0x0000000000000334        0x0 /home/yashash/ti/ccs1020/ccs/tools/compiler/gcc-arm-none-eabi-7-2017-q4-major/bin/../lib/gcc/arm-none-eabi/7.2.1/../../../../arm-none-eabi/lib/thumb/v7e-m/fpv4-sp/hard/libg.a(lib_a-atoi.o)
 .text          0x0000000000000334        0x0 /home/yashash/ti/ccs1020/ccs/tools/compiler/gcc-arm-none-eabi-7-2017-q4-major/bin/../lib/gcc/arm-none-eabi/7.2.1/../../../../arm-none-eabi/lib/thumb/v7e-m/fpv4-sp/hard/libg.a(lib_a-exit.o)
 .text          0x0000000000000334        0x0 /home/yashash/ti/ccs1020/ccs/tools/compiler/gcc-arm-none-eabi-7-2017-q4-major/bin/../lib/gcc/arm-none-eabi/7.2.1/../../../../arm-none-eabi/lib/thumb/v7e-m/fpv4-sp/hard/libg.a(lib_a-impure.o)
 .text          0x0000000000000334        0x0 /home/yashash/ti/ccs1020/ccs/tools/compiler/gcc-arm-none-eabi-7-2017-q4-major/bin/../lib/gcc/arm-none-eabi/7.2.1/../../../../arm-none-eabi/lib/thumb/v7e-m/fpv4-sp/hard/libg.a(lib_a-init.o)
 .text          0x0000000000000334        0x0 /home/yashash/ti/ccs1020/ccs/tools/compiler/gcc-arm-none-eabi-7-2017-q4-major/bin/../lib/gcc/arm-none-eabi/7.2.1/../../../../arm-none-eabi/lib/thumb/v7e-m/fpv4-sp/hard/libg.a(lib_a-memset.o)
 .text          0x0000000000000334        0x0 /home/yashash/ti/ccs1020/ccs/tools/compiler/gcc-arm-none-eabi-7-2017-q4-major/bin/../lib/gcc/arm-none-eabi/7.2.1/../../../../arm-none-eabi/lib/thumb/v7e-m/fpv4-sp/hard/libg.a(lib_a-strcpy.o)
 .text          0x0000000000000334        0x0 /home/yashash/ti/ccs1020/ccs/tools/compiler/gcc-arm-none-eabi-7-2017-q4-major/bin/../lib/gcc/arm-none-eabi/7.2.1/../../../../arm-none-eabi/lib/thumb/v7e-m/fpv4-sp/hard/libg.a(lib_a-strstr.o)
 .text          0x0000000000000334        0x0 /home/yashash/ti/ccs1020/ccs/tools/compiler/gcc-arm-none-eabi-7-2017-q4-major/bin/../lib/gcc/arm-none-eabi/7.2.1/../../../../arm-none-eabi/lib/thumb/v7e-m/fpv4-sp/hard/libg.a(lib_a-strtok.o)
 .text          0x0000000000000334        0x0 /home/yashash/ti/ccs1020/ccs/tools/compiler/gcc-arm-none-eabi-7-2017-q4-major/bin/../lib/gcc/arm-none-eabi/7.2.1/../../../../arm-none-eabi/lib/thumb/v7e-m/fpv4-sp/hard/libg.a(lib_a-strtok_r.o)
 .text          0x0000000000000334        0x0 /home/yashash/ti/ccs1020/ccs/tools/compiler/gcc-arm-none-eabi-7-2017-q4-major/bin/../lib/gcc/arm-none-eabi/7.2.1/../../../../arm-none-eabi/lib/thumb/v7e-m/fpv4-sp/hard/libg.a(lib_a-strtol.o)
 .text          0x0000000000000334        0x0 /home/yashash/ti/ccs1020/ccs/tools/compiler/gcc-arm-none-eabi-7-2017-q4-major/bin/../lib/gcc/arm-none-eabi/7.2.1/../../../../arm-none-eabi/lib/thumb/v7e-m/fpv4-sp/hard/libg.a(lib_a-__call_atexit.o)
 .text          0x0000000000000334        0x0 /home/yashash/ti/ccs1020/ccs/tools/compiler/gcc-arm-none-eabi-7-2017-q4-major/bin/../lib/gcc/arm-none-eabi/7.2.1/../../../../arm-none-eabi/lib/thumb/v7e-m/fpv4-sp/hard/libg.a(lib_a-atexit.o)
 .text          0x0000000000000334        0x0 /home/yashash/ti/ccs1020/ccs/tools/compiler/gcc-arm-none-eabi-7-2017-q4-major/bin/../lib/gcc/arm-none-eabi/7.2.1/../../../../arm-none-eabi/lib/thumb/v7e-m/fpv4-sp/hard/libg.a(lib_a-fini.o)
 .text          0x0000000000000334        0x0 /home/yashash/ti/ccs1020/ccs/tools/compiler/gcc-arm-none-eabi-7-2017-q4-major/bin/../lib/gcc/arm-none-eabi/7.2.1/../../../../arm-none-eabi/lib/thumb/v7e-m/fpv4-sp/hard/libg.a(lib_a-locale.o)
 .text          0x0000000000000334        0x0 /home/yashash/ti/ccs1020/ccs/tools/compiler/gcc-arm-none-eabi-7-2017-q4-major/bin/../lib/gcc/arm-none-eabi/7.2.1/../../../../arm-none-eabi/lib/thumb/v7e-m/fpv4-sp/hard/libg.a(lib_a-lock.o)
 .text          0x0000000000000334        0x0 /home/yashash/ti/ccs1020/ccs/tools/compiler/gcc-arm-none-eabi-7-2017-q4-major/bin/../lib/gcc/arm-none-eabi/7.2.1/../../../../arm-none-eabi/lib/thumb/v7e-m/fpv4-sp/hard/libg.a(lib_a-mbtowc_r.o)
 *fill*         0x0000000000000334        0xc 
 .text          0x0000000000000340       0xa0 /home/yashash/ti/ccs1020/ccs/tools/compiler/gcc-arm-none-eabi-7-2017-q4-major/bin/../lib/gcc/arm-none-eabi/7.2.1/../../../../arm-none-eabi/lib/thumb/v7e-m/fpv4-sp/hard/libg.a(lib_a-memchr.o)
                0x0000000000000340                memchr
 .text          0x00000000000003e0        0x0 /home/yashash/ti/ccs1020/ccs/tools/compiler/gcc-arm-none-eabi-7-2017-q4-major/bin/../lib/gcc/arm-none-eabi/7.2.1/../../../../arm-none-eabi/lib/thumb/v7e-m/fpv4-sp/hard/libg.a(lib_a-memcmp.o)
 .text          0x00000000000003e0        0x0 /home/yashash/ti/ccs1020/ccs/tools/compiler/gcc-arm-none-eabi-7-2017-q4-major/bin/../lib/gcc/arm-none-eabi/7.2.1/../../../../arm-none-eabi/lib/thumb/v7e-m/fpv4-sp/hard/libg.a(lib_a-strchr.o)
 .text          0x00000000000003e0      0x2dc /home/yashash/ti/ccs1020/ccs/tools/compiler/gcc-arm-none-eabi-7-2017-q4-major/bin/../lib/gcc/arm-none-eabi/7.2.1/../../../../arm-none-eabi/lib/thumb/v7e-m/fpv4-sp/hard/libg.a(lib_a-strcmp.o)
                0x00000000000003e8                strcmp
 .text          0x00000000000006bc        0x0 /home/yashash/ti/ccs1020/ccs/tools/compiler/gcc-arm-none-eabi-7-2017-q4-major/bin/../lib/gcc/arm-none-eabi/7.2.1/../../../../arm-none-eabi/lib/thumb/v7e-m/fpv4-sp/hard/libg.a(lib_a-wctomb_r.o)
 .text          0x00000000000006bc        0x0 /home/yashash/ti/ccs1020/ccs/tools/compiler/gcc-arm-none-eabi-7-2017-q4-major/bin/../lib/gcc/arm-none-eabi/7.2.1/../../../../arm-none-eabi/lib/thumb/v7e-m/fpv4-sp/hard/libg.a(lib_a-__atexit.o)
 .text          0x00000000000006bc        0x0 /home/yashash/ti/ccs1020/ccs/tools/compiler/gcc-arm-none-eabi-7-2017-q4-major/bin/../lib/gcc/arm-none-eabi/7.2.1/../../../../arm-none-eabi/lib/thumb/v7e-m/fpv4-sp/hard/libg.a(lib_a-ctype_.o)
 .text          0x00000000000006bc        0x0 /home/yashash/ti/ccs1020/ccs/tools/compiler/gcc-arm-none-eabi-7-2017-q4-major/bin/../lib/gcc/arm-none-eabi/7.2.1/../../../../arm-none-eabi/lib/thumb/v7e-m/fpv4-sp/hard/libnosys.a(_exit.o)
 .text          0x00000000000006bc        0x0 /home/yashash/ti/ccs1020/ccs/tools/compiler/gcc-arm-none-eabi-7-2017-q4-major/bin/../lib/gcc/arm-none-eabi/7.2.1/thumb/v7e-m/fpv4-sp/hard/crtend.o
 .text          0x00000000000006bc        0x0 /home/yashash/ti/ccs1020/ccs/tools/compiler/gcc-arm-none-eabi-7-2017-q4-major/bin/../lib/gcc/arm-none-eabi/7.2.1/thumb/v7e-m/fpv4-sp/hard/crtn.o
 *(.text.*)
 .text.main     0x00000000000006bc      0x484 ./switch_blink.o
                0x00000000000006bc                main
 .text.delayMs  0x0000000000000b40       0x60 ./switch_blink.o
                0x0000000000000b40                delayMs
 .text.ResetISR
                0x0000000000000ba0       0x6c ./tm4c123gh6pm_startup_ccs_gcc.o
                0x0000000000000ba0                ResetISR
 .text.NmiSR    0x0000000000000c0c        0x6 ./tm4c123gh6pm_startup_ccs_gcc.o
 .text.FaultISR
                0x0000000000000c12        0x6 ./tm4c123gh6pm_startup_ccs_gcc.o
 .text.IntDefaultHandler
                0x0000000000000c18        0x6 ./tm4c123gh6pm_startup_ccs_gcc.o
 *fill*         0x0000000000000c1e        0x2 
 .text._GPIOIntNumberGet
                0x0000000000000c20       0x48 /home/yashash/ti/TivaWare_C_Series-2.1.4.178/driverlib/gcc/libdriver.a(gpio.o)
 .text.GPIODirModeSet
                0x0000000000000c68       0x2e /home/yashash/ti/TivaWare_C_Series-2.1.4.178/driverlib/gcc/libdriver.a(gpio.o)
                0x0000000000000c68                GPIODirModeSet
 .text.GPIODirModeGet
                0x0000000000000c96       0x24 /home/yashash/ti/TivaWare_C_Series-2.1.4.178/driverlib/gcc/libdriver.a(gpio.o)
                0x0000000000000c96                GPIODirModeGet
 .text.GPIOIntTypeSet
                0x0000000000000cba       0x5a /home/yashash/ti/TivaWare_C_Series-2.1.4.178/driverlib/gcc/libdriver.a(gpio.o)
                0x0000000000000cba                GPIOIntTypeSet
 .text.GPIOIntTypeGet
                0x0000000000000d14       0x4a /home/yashash/ti/TivaWare_C_Series-2.1.4.178/driverlib/gcc/libdriver.a(gpio.o)
                0x0000000000000d14                GPIOIntTypeGet
 .text.GPIOPadConfigSet
                0x0000000000000d5e      0x130 /home/yashash/ti/TivaWare_C_Series-2.1.4.178/driverlib/gcc/libdriver.a(gpio.o)
                0x0000000000000d5e                GPIOPadConfigSet
 .text.GPIOPadConfigGet
                0x0000000000000e8e       0xc4 /home/yashash/ti/TivaWare_C_Series-2.1.4.178/driverlib/gcc/libdriver.a(gpio.o)
                0x0000000000000e8e                GPIOPadConfigGet
 .text.GPIOIntEnable
                0x0000000000000f52        0xc /home/yashash/ti/TivaWare_C_Series-2.1.4.178/driverlib/gcc/libdriver.a(gpio.o)
                0x0000000000000f52                GPIOIntEnable
 .text.GPIOIntDisable
                0x0000000000000f5e        0xe /home/yashash/ti/TivaWare_C_Series-2.1.4.178/driverlib/gcc/libdriver.a(gpio.o)
                0x0000000000000f5e                GPIOIntDisable
 .text.GPIOIntStatus
                0x0000000000000f6c        0xe /home/yashash/ti/TivaWare_C_Series-2.1.4.178/driverlib/gcc/libdriver.a(gpio.o)
                0x0000000000000f6c                GPIOIntStatus
 .text.GPIOIntClear
                0x0000000000000f7a        0x6 /home/yashash/ti/TivaWare_C_Series-2.1.4.178/driverlib/gcc/libdriver.a(gpio.o)
                0x0000000000000f7a                GPIOIntClear
 .text.GPIOIntRegister
                0x0000000000000f80       0x1a /home/yashash/ti/TivaWare_C_Series-2.1.4.178/driverlib/gcc/libdriver.a(gpio.o)
                0x0000000000000f80                GPIOIntRegister
 .text.GPIOIntUnregister
                0x0000000000000f9a       0x16 /home/yashash/ti/TivaWare_C_Series-2.1.4.178/driverlib/gcc/libdriver.a(gpio.o)
                0x0000000000000f9a                GPIOIntUnregister
 .text.GPIOIntRegisterPin
                0x0000000000000fb0       0x1e /home/yashash/ti/TivaWare_C_Series-2.1.4.178/driverlib/gcc/libdriver.a(gpio.o)
                0x0000000000000fb0                GPIOIntRegisterPin
 .text.GPIOIntUnregisterPin
                0x0000000000000fce       0x1a /home/yashash/ti/TivaWare_C_Series-2.1.4.178/driverlib/gcc/libdriver.a(gpio.o)
                0x0000000000000fce                GPIOIntUnregisterPin
 .text.GPIOPinRead
                0x0000000000000fe8        0x6 /home/yashash/ti/TivaWare_C_Series-2.1.4.178/driverlib/gcc/libdriver.a(gpio.o)
                0x0000000000000fe8                GPIOPinRead
 .text.GPIOPinWrite
                0x0000000000000fee        0x6 /home/yashash/ti/TivaWare_C_Series-2.1.4.178/driverlib/gcc/libdriver.a(gpio.o)
                0x0000000000000fee                GPIOPinWrite
 .text.GPIOPinTypeADC
                0x0000000000000ff4       0x1c /home/yashash/ti/TivaWare_C_Series-2.1.4.178/driverlib/gcc/libdriver.a(gpio.o)
                0x0000000000000ff4                GPIOPinTypeADC
 .text.GPIOPinTypeCAN
                0x0000000000001010       0x1c /home/yashash/ti/TivaWare_C_Series-2.1.4.178/driverlib/gcc/libdriver.a(gpio.o)
                0x0000000000001010                GPIOPinTypeCAN
 .text.GPIOPinTypeComparator
                0x000000000000102c       0x1c /home/yashash/ti/TivaWare_C_Series-2.1.4.178/driverlib/gcc/libdriver.a(gpio.o)
                0x000000000000102c                GPIOPinTypeComparator
 .text.GPIOPinTypeComparatorOutput
                0x0000000000001048       0x1c /home/yashash/ti/TivaWare_C_Series-2.1.4.178/driverlib/gcc/libdriver.a(gpio.o)
                0x0000000000001048                GPIOPinTypeComparatorOutput
 .text.GPIOPinTypeDIVSCLK
                0x0000000000001064       0x1c /home/yashash/ti/TivaWare_C_Series-2.1.4.178/driverlib/gcc/libdriver.a(gpio.o)
                0x0000000000001064                GPIOPinTypeDIVSCLK
 .text.GPIOPinTypeEPI
                0x0000000000001080       0x1c /home/yashash/ti/TivaWare_C_Series-2.1.4.178/driverlib/gcc/libdriver.a(gpio.o)
                0x0000000000001080                GPIOPinTypeEPI
 .text.GPIOPinTypeEthernetLED
                0x000000000000109c       0x1c /home/yashash/ti/TivaWare_C_Series-2.1.4.178/driverlib/gcc/libdriver.a(gpio.o)
                0x000000000000109c                GPIOPinTypeEthernetLED
 .text.GPIOPinTypeEthernetMII
                0x00000000000010b8       0x1c /home/yashash/ti/TivaWare_C_Series-2.1.4.178/driverlib/gcc/libdriver.a(gpio.o)
                0x00000000000010b8                GPIOPinTypeEthernetMII
 .text.GPIOPinTypeGPIOInput
                0x00000000000010d4       0x1c /home/yashash/ti/TivaWare_C_Series-2.1.4.178/driverlib/gcc/libdriver.a(gpio.o)
                0x00000000000010d4                GPIOPinTypeGPIOInput
 .text.GPIOPinTypeGPIOOutput
                0x00000000000010f0       0x1c /home/yashash/ti/TivaWare_C_Series-2.1.4.178/driverlib/gcc/libdriver.a(gpio.o)
                0x00000000000010f0                GPIOPinTypeGPIOOutput
 .text.GPIOPinTypeGPIOOutputOD
                0x000000000000110c       0x1c /home/yashash/ti/TivaWare_C_Series-2.1.4.178/driverlib/gcc/libdriver.a(gpio.o)
                0x000000000000110c                GPIOPinTypeGPIOOutputOD
 .text.GPIOPinTypeHibernateRTCCLK
                0x0000000000001128       0x1c /home/yashash/ti/TivaWare_C_Series-2.1.4.178/driverlib/gcc/libdriver.a(gpio.o)
                0x0000000000001128                GPIOPinTypeHibernateRTCCLK
 .text.GPIOPinTypeI2C
                0x0000000000001144       0x1c /home/yashash/ti/TivaWare_C_Series-2.1.4.178/driverlib/gcc/libdriver.a(gpio.o)
                0x0000000000001144                GPIOPinTypeI2C
 .text.GPIOPinTypeI2CSCL
                0x0000000000001160       0x1c /home/yashash/ti/TivaWare_C_Series-2.1.4.178/driverlib/gcc/libdriver.a(gpio.o)
                0x0000000000001160                GPIOPinTypeI2CSCL
 .text.GPIOPinTypeLCD
                0x000000000000117c       0x1c /home/yashash/ti/TivaWare_C_Series-2.1.4.178/driverlib/gcc/libdriver.a(gpio.o)
                0x000000000000117c                GPIOPinTypeLCD
 .text.GPIOPinTypeOneWire
                0x0000000000001198       0x1c /home/yashash/ti/TivaWare_C_Series-2.1.4.178/driverlib/gcc/libdriver.a(gpio.o)
                0x0000000000001198                GPIOPinTypeOneWire
 .text.GPIOPinTypePWM
                0x00000000000011b4       0x1c /home/yashash/ti/TivaWare_C_Series-2.1.4.178/driverlib/gcc/libdriver.a(gpio.o)
                0x00000000000011b4                GPIOPinTypePWM
 .text.GPIOPinTypeQEI
                0x00000000000011d0       0x1c /home/yashash/ti/TivaWare_C_Series-2.1.4.178/driverlib/gcc/libdriver.a(gpio.o)
                0x00000000000011d0                GPIOPinTypeQEI
 .text.GPIOPinTypeSSI
                0x00000000000011ec       0x1c /home/yashash/ti/TivaWare_C_Series-2.1.4.178/driverlib/gcc/libdriver.a(gpio.o)
                0x00000000000011ec                GPIOPinTypeSSI
 .text.GPIOPinTypeTimer
                0x0000000000001208       0x1c /home/yashash/ti/TivaWare_C_Series-2.1.4.178/driverlib/gcc/libdriver.a(gpio.o)
                0x0000000000001208                GPIOPinTypeTimer
 .text.GPIOPinTypeTrace
                0x0000000000001224       0x1c /home/yashash/ti/TivaWare_C_Series-2.1.4.178/driverlib/gcc/libdriver.a(gpio.o)
                0x0000000000001224                GPIOPinTypeTrace
 .text.GPIOPinTypeUART
                0x0000000000001240       0x1c /home/yashash/ti/TivaWare_C_Series-2.1.4.178/driverlib/gcc/libdriver.a(gpio.o)
                0x0000000000001240                GPIOPinTypeUART
 .text.GPIOPinTypeUSBAnalog
                0x000000000000125c       0x1c /home/yashash/ti/TivaWare_C_Series-2.1.4.178/driverlib/gcc/libdriver.a(gpio.o)
                0x000000000000125c                GPIOPinTypeUSBAnalog
 .text.GPIOPinTypeUSBDigital
                0x0000000000001278       0x1c /home/yashash/ti/TivaWare_C_Series-2.1.4.178/driverlib/gcc/libdriver.a(gpio.o)
                0x0000000000001278                GPIOPinTypeUSBDigital
 .text.GPIOPinTypeWakeHigh
                0x0000000000001294       0x1e /home/yashash/ti/TivaWare_C_Series-2.1.4.178/driverlib/gcc/libdriver.a(gpio.o)
                0x0000000000001294                GPIOPinTypeWakeHigh
 .text.GPIOPinTypeWakeLow
                0x00000000000012b2       0x1e /home/yashash/ti/TivaWare_C_Series-2.1.4.178/driverlib/gcc/libdriver.a(gpio.o)
                0x00000000000012b2                GPIOPinTypeWakeLow
 .text.GPIOPinWakeStatus
                0x00000000000012d0        0x6 /home/yashash/ti/TivaWare_C_Series-2.1.4.178/driverlib/gcc/libdriver.a(gpio.o)
                0x00000000000012d0                GPIOPinWakeStatus
 *fill*         0x00000000000012d6        0x2 
 .text.GPIOPinConfigure
                0x00000000000012d8       0x4c /home/yashash/ti/TivaWare_C_Series-2.1.4.178/driverlib/gcc/libdriver.a(gpio.o)
                0x00000000000012d8                GPIOPinConfigure
 .text.GPIODMATriggerEnable
                0x0000000000001324        0xc /home/yashash/ti/TivaWare_C_Series-2.1.4.178/driverlib/gcc/libdriver.a(gpio.o)
                0x0000000000001324                GPIODMATriggerEnable
 .text.GPIODMATriggerDisable
                0x0000000000001330        0xe /home/yashash/ti/TivaWare_C_Series-2.1.4.178/driverlib/gcc/libdriver.a(gpio.o)
                0x0000000000001330                GPIODMATriggerDisable
 .text.GPIOADCTriggerEnable
                0x000000000000133e        0xc /home/yashash/ti/TivaWare_C_Series-2.1.4.178/driverlib/gcc/libdriver.a(gpio.o)
                0x000000000000133e                GPIOADCTriggerEnable
 .text.GPIOADCTriggerDisable
                0x000000000000134a        0xe /home/yashash/ti/TivaWare_C_Series-2.1.4.178/driverlib/gcc/libdriver.a(gpio.o)
                0x000000000000134a                GPIOADCTriggerDisable
 .text._IntDefaultHandler
                0x0000000000001358        0x2 /home/yashash/ti/TivaWare_C_Series-2.1.4.178/driverlib/gcc/libdriver.a(interrupt.o)
 .text.IntMasterEnable
                0x000000000000135a        0xe /home/yashash/ti/TivaWare_C_Series-2.1.4.178/driverlib/gcc/libdriver.a(interrupt.o)
                0x000000000000135a                IntMasterEnable
 .text.IntMasterDisable
                0x0000000000001368        0xe /home/yashash/ti/TivaWare_C_Series-2.1.4.178/driverlib/gcc/libdriver.a(interrupt.o)
                0x0000000000001368                IntMasterDisable
 *fill*         0x0000000000001376        0x2 
 .text.IntRegister
                0x0000000000001378       0x34 /home/yashash/ti/TivaWare_C_Series-2.1.4.178/driverlib/gcc/libdriver.a(interrupt.o)
                0x0000000000001378                IntRegister
 .text.IntUnregister
                0x00000000000013ac       0x14 /home/yashash/ti/TivaWare_C_Series-2.1.4.178/driverlib/gcc/libdriver.a(interrupt.o)
                0x00000000000013ac                IntUnregister
 .text.IntPriorityGroupingSet
                0x00000000000013c0       0x1c /home/yashash/ti/TivaWare_C_Series-2.1.4.178/driverlib/gcc/libdriver.a(interrupt.o)
                0x00000000000013c0                IntPriorityGroupingSet
 .text.IntPriorityGroupingGet
                0x00000000000013dc       0x24 /home/yashash/ti/TivaWare_C_Series-2.1.4.178/driverlib/gcc/libdriver.a(interrupt.o)
                0x00000000000013dc                IntPriorityGroupingGet
 .text.IntPrioritySet
                0x0000000000001400       0x2c /home/yashash/ti/TivaWare_C_Series-2.1.4.178/driverlib/gcc/libdriver.a(interrupt.o)
                0x0000000000001400                IntPrioritySet
 .text.IntPriorityGet
                0x000000000000142c       0x1c /home/yashash/ti/TivaWare_C_Series-2.1.4.178/driverlib/gcc/libdriver.a(interrupt.o)
                0x000000000000142c                IntPriorityGet
 .text.IntEnable
                0x0000000000001448       0x60 /home/yashash/ti/TivaWare_C_Series-2.1.4.178/driverlib/gcc/libdriver.a(interrupt.o)
                0x0000000000001448                IntEnable
 .text.IntDisable
                0x00000000000014a8       0x60 /home/yashash/ti/TivaWare_C_Series-2.1.4.178/driverlib/gcc/libdriver.a(interrupt.o)
                0x00000000000014a8                IntDisable
 .text.IntIsEnabled
                0x0000000000001508       0x64 /home/yashash/ti/TivaWare_C_Series-2.1.4.178/driverlib/gcc/libdriver.a(interrupt.o)
                0x0000000000001508                IntIsEnabled
 .text.IntPendSet
                0x000000000000156c       0x50 /home/yashash/ti/TivaWare_C_Series-2.1.4.178/driverlib/gcc/libdriver.a(interrupt.o)
                0x000000000000156c                IntPendSet
 .text.IntPendClear
                0x00000000000015bc       0x40 /home/yashash/ti/TivaWare_C_Series-2.1.4.178/driverlib/gcc/libdriver.a(interrupt.o)
                0x00000000000015bc                IntPendClear
 .text.IntPriorityMaskSet
                0x00000000000015fc        0x4 /home/yashash/ti/TivaWare_C_Series-2.1.4.178/driverlib/gcc/libdriver.a(interrupt.o)
                0x00000000000015fc                IntPriorityMaskSet
 .text.IntPriorityMaskGet
                0x0000000000001600        0x4 /home/yashash/ti/TivaWare_C_Series-2.1.4.178/driverlib/gcc/libdriver.a(interrupt.o)
                0x0000000000001600                IntPriorityMaskGet
 .text.IntTrigger
                0x0000000000001604        0xc /home/yashash/ti/TivaWare_C_Series-2.1.4.178/driverlib/gcc/libdriver.a(interrupt.o)
                0x0000000000001604                IntTrigger
 .text._SysCtlMemTimingGet
                0x0000000000001610       0x24 /home/yashash/ti/TivaWare_C_Series-2.1.4.178/driverlib/gcc/libdriver.a(sysctl.o)
 .text.SysCtlSRAMSizeGet
                0x0000000000001634       0x10 /home/yashash/ti/TivaWare_C_Series-2.1.4.178/driverlib/gcc/libdriver.a(sysctl.o)
                0x0000000000001634                SysCtlSRAMSizeGet
 .text.SysCtlFlashSizeGet
                0x0000000000001644       0x3c /home/yashash/ti/TivaWare_C_Series-2.1.4.178/driverlib/gcc/libdriver.a(sysctl.o)
                0x0000000000001644                SysCtlFlashSizeGet
 .text.SysCtlFlashSectorSizeGet
                0x0000000000001680       0x38 /home/yashash/ti/TivaWare_C_Series-2.1.4.178/driverlib/gcc/libdriver.a(sysctl.o)
                0x0000000000001680                SysCtlFlashSectorSizeGet
 .text.SysCtlPeripheralPresent
                0x00000000000016b8       0x26 /home/yashash/ti/TivaWare_C_Series-2.1.4.178/driverlib/gcc/libdriver.a(sysctl.o)
                0x00000000000016b8                SysCtlPeripheralPresent
 .text.SysCtlPeripheralReady
                0x00000000000016de       0x26 /home/yashash/ti/TivaWare_C_Series-2.1.4.178/driverlib/gcc/libdriver.a(sysctl.o)
                0x00000000000016de                SysCtlPeripheralReady
 .text.SysCtlPeripheralPowerOn
                0x0000000000001704       0x22 /home/yashash/ti/TivaWare_C_Series-2.1.4.178/driverlib/gcc/libdriver.a(sysctl.o)
                0x0000000000001704                SysCtlPeripheralPowerOn
 .text.SysCtlPeripheralPowerOff
                0x0000000000001726       0x22 /home/yashash/ti/TivaWare_C_Series-2.1.4.178/driverlib/gcc/libdriver.a(sysctl.o)
                0x0000000000001726                SysCtlPeripheralPowerOff
 .text.SysCtlPeripheralReset
                0x0000000000001748       0x3a /home/yashash/ti/TivaWare_C_Series-2.1.4.178/driverlib/gcc/libdriver.a(sysctl.o)
                0x0000000000001748                SysCtlPeripheralReset
 .text.SysCtlPeripheralEnable
                0x0000000000001782       0x22 /home/yashash/ti/TivaWare_C_Series-2.1.4.178/driverlib/gcc/libdriver.a(sysctl.o)
                0x0000000000001782                SysCtlPeripheralEnable
 .text.SysCtlPeripheralDisable
                0x00000000000017a4       0x22 /home/yashash/ti/TivaWare_C_Series-2.1.4.178/driverlib/gcc/libdriver.a(sysctl.o)
                0x00000000000017a4                SysCtlPeripheralDisable
 .text.SysCtlPeripheralSleepEnable
                0x00000000000017c6       0x22 /home/yashash/ti/TivaWare_C_Series-2.1.4.178/driverlib/gcc/libdriver.a(sysctl.o)
                0x00000000000017c6                SysCtlPeripheralSleepEnable
 .text.SysCtlPeripheralSleepDisable
                0x00000000000017e8       0x22 /home/yashash/ti/TivaWare_C_Series-2.1.4.178/driverlib/gcc/libdriver.a(sysctl.o)
                0x00000000000017e8                SysCtlPeripheralSleepDisable
 .text.SysCtlPeripheralDeepSleepEnable
                0x000000000000180a       0x22 /home/yashash/ti/TivaWare_C_Series-2.1.4.178/driverlib/gcc/libdriver.a(sysctl.o)
                0x000000000000180a                SysCtlPeripheralDeepSleepEnable
 .text.SysCtlPeripheralDeepSleepDisable
                0x000000000000182c       0x22 /home/yashash/ti/TivaWare_C_Series-2.1.4.178/driverlib/gcc/libdriver.a(sysctl.o)
                0x000000000000182c                SysCtlPeripheralDeepSleepDisable
 *fill*         0x000000000000184e        0x2 
 .text.SysCtlPeripheralClockGating
                0x0000000000001850       0x48 /home/yashash/ti/TivaWare_C_Series-2.1.4.178/driverlib/gcc/libdriver.a(sysctl.o)
                0x0000000000001850                SysCtlPeripheralClockGating
 .text.SysCtlIntRegister
                0x0000000000001898       0x14 /home/yashash/ti/TivaWare_C_Series-2.1.4.178/driverlib/gcc/libdriver.a(sysctl.o)
                0x0000000000001898                SysCtlIntRegister
 .text.SysCtlIntUnregister
                0x00000000000018ac       0x12 /home/yashash/ti/TivaWare_C_Series-2.1.4.178/driverlib/gcc/libdriver.a(sysctl.o)
                0x00000000000018ac                SysCtlIntUnregister
 *fill*         0x00000000000018be        0x2 
 .text.SysCtlIntEnable
                0x00000000000018c0       0x10 /home/yashash/ti/TivaWare_C_Series-2.1.4.178/driverlib/gcc/libdriver.a(sysctl.o)
                0x00000000000018c0                SysCtlIntEnable
 .text.SysCtlIntDisable
                0x00000000000018d0       0x10 /home/yashash/ti/TivaWare_C_Series-2.1.4.178/driverlib/gcc/libdriver.a(sysctl.o)
                0x00000000000018d0                SysCtlIntDisable
 .text.SysCtlIntClear
                0x00000000000018e0        0xc /home/yashash/ti/TivaWare_C_Series-2.1.4.178/driverlib/gcc/libdriver.a(sysctl.o)
                0x00000000000018e0                SysCtlIntClear
 .text.SysCtlIntStatus
                0x00000000000018ec       0x14 /home/yashash/ti/TivaWare_C_Series-2.1.4.178/driverlib/gcc/libdriver.a(sysctl.o)
                0x00000000000018ec                SysCtlIntStatus
 .text.SysCtlLDOSleepSet
                0x0000000000001900        0xc /home/yashash/ti/TivaWare_C_Series-2.1.4.178/driverlib/gcc/libdriver.a(sysctl.o)
                0x0000000000001900                SysCtlLDOSleepSet
 .text.SysCtlLDOSleepGet
                0x000000000000190c        0xc /home/yashash/ti/TivaWare_C_Series-2.1.4.178/driverlib/gcc/libdriver.a(sysctl.o)
                0x000000000000190c                SysCtlLDOSleepGet
 .text.SysCtlLDODeepSleepSet
                0x0000000000001918        0xc /home/yashash/ti/TivaWare_C_Series-2.1.4.178/driverlib/gcc/libdriver.a(sysctl.o)
                0x0000000000001918                SysCtlLDODeepSleepSet
 .text.SysCtlLDODeepSleepGet
                0x0000000000001924        0xc /home/yashash/ti/TivaWare_C_Series-2.1.4.178/driverlib/gcc/libdriver.a(sysctl.o)
                0x0000000000001924                SysCtlLDODeepSleepGet
 .text.SysCtlSleepPowerSet
                0x0000000000001930        0xc /home/yashash/ti/TivaWare_C_Series-2.1.4.178/driverlib/gcc/libdriver.a(sysctl.o)
                0x0000000000001930                SysCtlSleepPowerSet
 .text.SysCtlDeepSleepPowerSet
                0x000000000000193c        0xc /home/yashash/ti/TivaWare_C_Series-2.1.4.178/driverlib/gcc/libdriver.a(sysctl.o)
                0x000000000000193c                SysCtlDeepSleepPowerSet
 .text.SysCtlReset
                0x0000000000001948       0x10 /home/yashash/ti/TivaWare_C_Series-2.1.4.178/driverlib/gcc/libdriver.a(sysctl.o)
                0x0000000000001948                SysCtlReset
 .text.SysCtlSleep
                0x0000000000001958        0x4 /home/yashash/ti/TivaWare_C_Series-2.1.4.178/driverlib/gcc/libdriver.a(sysctl.o)
                0x0000000000001958                SysCtlSleep
 .text.SysCtlDeepSleep
                0x000000000000195c       0x20 /home/yashash/ti/TivaWare_C_Series-2.1.4.178/driverlib/gcc/libdriver.a(sysctl.o)
                0x000000000000195c                SysCtlDeepSleep
 .text.SysCtlResetCauseGet
                0x000000000000197c        0xc /home/yashash/ti/TivaWare_C_Series-2.1.4.178/driverlib/gcc/libdriver.a(sysctl.o)
                0x000000000000197c                SysCtlResetCauseGet
 .text.SysCtlResetCauseClear
                0x0000000000001988       0x10 /home/yashash/ti/TivaWare_C_Series-2.1.4.178/driverlib/gcc/libdriver.a(sysctl.o)
                0x0000000000001988                SysCtlResetCauseClear
 .text.SysCtlDelay
                0x0000000000001998        0x8 /home/yashash/ti/TivaWare_C_Series-2.1.4.178/driverlib/gcc/libdriver.a(sysctl.o)
                0x0000000000001998                SysCtlDelay
 .text.SysCtlMOSCConfigSet
                0x00000000000019a0        0xc /home/yashash/ti/TivaWare_C_Series-2.1.4.178/driverlib/gcc/libdriver.a(sysctl.o)
                0x00000000000019a0                SysCtlMOSCConfigSet
 .text.SysCtlPIOSCCalibrate
                0x00000000000019ac       0x48 /home/yashash/ti/TivaWare_C_Series-2.1.4.178/driverlib/gcc/libdriver.a(sysctl.o)
                0x00000000000019ac                SysCtlPIOSCCalibrate
 .text.SysCtlResetBehaviorSet
                0x00000000000019f4        0xc /home/yashash/ti/TivaWare_C_Series-2.1.4.178/driverlib/gcc/libdriver.a(sysctl.o)
                0x00000000000019f4                SysCtlResetBehaviorSet
 .text.SysCtlResetBehaviorGet
                0x0000000000001a00        0xc /home/yashash/ti/TivaWare_C_Series-2.1.4.178/driverlib/gcc/libdriver.a(sysctl.o)
                0x0000000000001a00                SysCtlResetBehaviorGet
 .text.SysCtlClockFreqSet
                0x0000000000001a0c      0x248 /home/yashash/ti/TivaWare_C_Series-2.1.4.178/driverlib/gcc/libdriver.a(sysctl.o)
                0x0000000000001a0c                SysCtlClockFreqSet
 .text.SysCtlClockSet
                0x0000000000001c54      0x11c /home/yashash/ti/TivaWare_C_Series-2.1.4.178/driverlib/gcc/libdriver.a(sysctl.o)
                0x0000000000001c54                SysCtlClockSet
 .text.SysCtlClockGet
                0x0000000000001d70      0x12c /home/yashash/ti/TivaWare_C_Series-2.1.4.178/driverlib/gcc/libdriver.a(sysctl.o)
                0x0000000000001d70                SysCtlClockGet
 .text.SysCtlDeepSleepClockSet
                0x0000000000001e9c        0xc /home/yashash/ti/TivaWare_C_Series-2.1.4.178/driverlib/gcc/libdriver.a(sysctl.o)
                0x0000000000001e9c                SysCtlDeepSleepClockSet
 .text.SysCtlDeepSleepClockConfigSet
                0x0000000000001ea8       0x60 /home/yashash/ti/TivaWare_C_Series-2.1.4.178/driverlib/gcc/libdriver.a(sysctl.o)
                0x0000000000001ea8                SysCtlDeepSleepClockConfigSet
 .text.SysCtlPWMClockSet
                0x0000000000001f08       0x14 /home/yashash/ti/TivaWare_C_Series-2.1.4.178/driverlib/gcc/libdriver.a(sysctl.o)
                0x0000000000001f08                SysCtlPWMClockSet
 .text.SysCtlPWMClockGet
                0x0000000000001f1c       0x18 /home/yashash/ti/TivaWare_C_Series-2.1.4.178/driverlib/gcc/libdriver.a(sysctl.o)
                0x0000000000001f1c                SysCtlPWMClockGet
 .text.SysCtlGPIOAHBEnable
                0x0000000000001f34       0x18 /home/yashash/ti/TivaWare_C_Series-2.1.4.178/driverlib/gcc/libdriver.a(sysctl.o)
                0x0000000000001f34                SysCtlGPIOAHBEnable
 .text.SysCtlGPIOAHBDisable
                0x0000000000001f4c       0x1c /home/yashash/ti/TivaWare_C_Series-2.1.4.178/driverlib/gcc/libdriver.a(sysctl.o)
                0x0000000000001f4c                SysCtlGPIOAHBDisable
 .text.SysCtlUSBPLLEnable
                0x0000000000001f68       0x10 /home/yashash/ti/TivaWare_C_Series-2.1.4.178/driverlib/gcc/libdriver.a(sysctl.o)
                0x0000000000001f68                SysCtlUSBPLLEnable
 .text.SysCtlUSBPLLDisable
                0x0000000000001f78       0x10 /home/yashash/ti/TivaWare_C_Series-2.1.4.178/driverlib/gcc/libdriver.a(sysctl.o)
                0x0000000000001f78                SysCtlUSBPLLDisable
 .text.SysCtlVoltageEventConfig
                0x0000000000001f88        0xc /home/yashash/ti/TivaWare_C_Series-2.1.4.178/driverlib/gcc/libdriver.a(sysctl.o)
                0x0000000000001f88                SysCtlVoltageEventConfig
 .text.SysCtlVoltageEventStatus
                0x0000000000001f94        0xc /home/yashash/ti/TivaWare_C_Series-2.1.4.178/driverlib/gcc/libdriver.a(sysctl.o)
                0x0000000000001f94                SysCtlVoltageEventStatus
 .text.SysCtlVoltageEventClear
                0x0000000000001fa0       0x10 /home/yashash/ti/TivaWare_C_Series-2.1.4.178/driverlib/gcc/libdriver.a(sysctl.o)
                0x0000000000001fa0                SysCtlVoltageEventClear
 .text.SysCtlVCOGet
                0x0000000000001fb0       0x78 /home/yashash/ti/TivaWare_C_Series-2.1.4.178/driverlib/gcc/libdriver.a(sysctl.o)
                0x0000000000001fb0                SysCtlVCOGet
 .text.SysCtlNMIStatus
                0x0000000000002028        0xc /home/yashash/ti/TivaWare_C_Series-2.1.4.178/driverlib/gcc/libdriver.a(sysctl.o)
                0x0000000000002028                SysCtlNMIStatus
 .text.SysCtlNMIClear
                0x0000000000002034       0x10 /home/yashash/ti/TivaWare_C_Series-2.1.4.178/driverlib/gcc/libdriver.a(sysctl.o)
                0x0000000000002034                SysCtlNMIClear
 .text.SysCtlClockOutConfig
                0x0000000000002044       0x10 /home/yashash/ti/TivaWare_C_Series-2.1.4.178/driverlib/gcc/libdriver.a(sysctl.o)
                0x0000000000002044                SysCtlClockOutConfig
 .text.SysCtlAltClkConfig
                0x0000000000002054        0xc /home/yashash/ti/TivaWare_C_Series-2.1.4.178/driverlib/gcc/libdriver.a(sysctl.o)
                0x0000000000002054                SysCtlAltClkConfig
 .text._UARTIntNumberGet
                0x0000000000002060       0x44 /home/yashash/ti/TivaWare_C_Series-2.1.4.178/driverlib/gcc/libdriver.a(uart.o)
 .text.UARTParityModeSet
                0x00000000000020a4        0xc /home/yashash/ti/TivaWare_C_Series-2.1.4.178/driverlib/gcc/libdriver.a(uart.o)
                0x00000000000020a4                UARTParityModeSet
 .text.UARTParityModeGet
                0x00000000000020b0        0x8 /home/yashash/ti/TivaWare_C_Series-2.1.4.178/driverlib/gcc/libdriver.a(uart.o)
                0x00000000000020b0                UARTParityModeGet
 .text.UARTFIFOLevelSet
                0x00000000000020b8        0x6 /home/yashash/ti/TivaWare_C_Series-2.1.4.178/driverlib/gcc/libdriver.a(uart.o)
                0x00000000000020b8                UARTFIFOLevelSet
 .text.UARTFIFOLevelGet
                0x00000000000020be       0x10 /home/yashash/ti/TivaWare_C_Series-2.1.4.178/driverlib/gcc/libdriver.a(uart.o)
                0x00000000000020be                UARTFIFOLevelGet
 .text.UARTConfigGetExpClk
                0x00000000000020ce       0x28 /home/yashash/ti/TivaWare_C_Series-2.1.4.178/driverlib/gcc/libdriver.a(uart.o)
                0x00000000000020ce                UARTConfigGetExpClk
 .text.UARTEnable
                0x00000000000020f6       0x16 /home/yashash/ti/TivaWare_C_Series-2.1.4.178/driverlib/gcc/libdriver.a(uart.o)
                0x00000000000020f6                UARTEnable
 .text.UARTDisable
                0x000000000000210c       0x1c /home/yashash/ti/TivaWare_C_Series-2.1.4.178/driverlib/gcc/libdriver.a(uart.o)
                0x000000000000210c                UARTDisable
 .text.UARTConfigSetExpClk
                0x0000000000002128       0x48 /home/yashash/ti/TivaWare_C_Series-2.1.4.178/driverlib/gcc/libdriver.a(uart.o)
                0x0000000000002128                UARTConfigSetExpClk
 .text.UARTFIFOEnable
                0x0000000000002170        0xa /home/yashash/ti/TivaWare_C_Series-2.1.4.178/driverlib/gcc/libdriver.a(uart.o)
                0x0000000000002170                UARTFIFOEnable
 .text.UARTFIFODisable
                0x000000000000217a        0xa /home/yashash/ti/TivaWare_C_Series-2.1.4.178/driverlib/gcc/libdriver.a(uart.o)
                0x000000000000217a                UARTFIFODisable
 .text.UARTEnableSIR
                0x0000000000002184       0x12 /home/yashash/ti/TivaWare_C_Series-2.1.4.178/driverlib/gcc/libdriver.a(uart.o)
                0x0000000000002184                UARTEnableSIR
 .text.UARTDisableSIR
                0x0000000000002196        0xa /home/yashash/ti/TivaWare_C_Series-2.1.4.178/driverlib/gcc/libdriver.a(uart.o)
                0x0000000000002196                UARTDisableSIR
 .text.UARTSmartCardEnable
                0x00000000000021a0       0x16 /home/yashash/ti/TivaWare_C_Series-2.1.4.178/driverlib/gcc/libdriver.a(uart.o)
                0x00000000000021a0                UARTSmartCardEnable
 .text.UARTSmartCardDisable
                0x00000000000021b6        0xa /home/yashash/ti/TivaWare_C_Series-2.1.4.178/driverlib/gcc/libdriver.a(uart.o)
                0x00000000000021b6                UARTSmartCardDisable
 .text.UARTModemControlSet
                0x00000000000021c0        0xc /home/yashash/ti/TivaWare_C_Series-2.1.4.178/driverlib/gcc/libdriver.a(uart.o)
                0x00000000000021c0                UARTModemControlSet
 .text.UARTModemControlClear
                0x00000000000021cc        0xe /home/yashash/ti/TivaWare_C_Series-2.1.4.178/driverlib/gcc/libdriver.a(uart.o)
                0x00000000000021cc                UARTModemControlClear
 .text.UARTModemControlGet
                0x00000000000021da        0x8 /home/yashash/ti/TivaWare_C_Series-2.1.4.178/driverlib/gcc/libdriver.a(uart.o)
                0x00000000000021da                UARTModemControlGet
 .text.UARTModemStatusGet
                0x00000000000021e2        0xa /home/yashash/ti/TivaWare_C_Series-2.1.4.178/driverlib/gcc/libdriver.a(uart.o)
                0x00000000000021e2                UARTModemStatusGet
 .text.UARTFlowControlSet
                0x00000000000021ec        0xc /home/yashash/ti/TivaWare_C_Series-2.1.4.178/driverlib/gcc/libdriver.a(uart.o)
                0x00000000000021ec                UARTFlowControlSet
 .text.UARTFlowControlGet
                0x00000000000021f8        0x8 /home/yashash/ti/TivaWare_C_Series-2.1.4.178/driverlib/gcc/libdriver.a(uart.o)
                0x00000000000021f8                UARTFlowControlGet
 .text.UARTTxIntModeSet
                0x0000000000002200        0xc /home/yashash/ti/TivaWare_C_Series-2.1.4.178/driverlib/gcc/libdriver.a(uart.o)
                0x0000000000002200                UARTTxIntModeSet
 .text.UARTTxIntModeGet
                0x000000000000220c        0x8 /home/yashash/ti/TivaWare_C_Series-2.1.4.178/driverlib/gcc/libdriver.a(uart.o)
                0x000000000000220c                UARTTxIntModeGet
 .text.UARTCharsAvail
                0x0000000000002214        0xc /home/yashash/ti/TivaWare_C_Series-2.1.4.178/driverlib/gcc/libdriver.a(uart.o)
                0x0000000000002214                UARTCharsAvail
 .text.UARTSpaceAvail
                0x0000000000002220        0xc /home/yashash/ti/TivaWare_C_Series-2.1.4.178/driverlib/gcc/libdriver.a(uart.o)
                0x0000000000002220                UARTSpaceAvail
 .text.UARTCharGetNonBlocking
                0x000000000000222c        0xe /home/yashash/ti/TivaWare_C_Series-2.1.4.178/driverlib/gcc/libdriver.a(uart.o)
                0x000000000000222c                UARTCharGetNonBlocking
 .text.UARTCharGet
                0x000000000000223a        0xa /home/yashash/ti/TivaWare_C_Series-2.1.4.178/driverlib/gcc/libdriver.a(uart.o)
                0x000000000000223a                UARTCharGet
 .text.UARTCharPutNonBlocking
                0x0000000000002244       0x10 /home/yashash/ti/TivaWare_C_Series-2.1.4.178/driverlib/gcc/libdriver.a(uart.o)
                0x0000000000002244                UARTCharPutNonBlocking
 .text.UARTCharPut
                0x0000000000002254        0xa /home/yashash/ti/TivaWare_C_Series-2.1.4.178/driverlib/gcc/libdriver.a(uart.o)
                0x0000000000002254                UARTCharPut
 .text.UARTBreakCtl
                0x000000000000225e       0x16 /home/yashash/ti/TivaWare_C_Series-2.1.4.178/driverlib/gcc/libdriver.a(uart.o)
                0x000000000000225e                UARTBreakCtl
 .text.UARTBusy
                0x0000000000002274        0x8 /home/yashash/ti/TivaWare_C_Series-2.1.4.178/driverlib/gcc/libdriver.a(uart.o)
                0x0000000000002274                UARTBusy
 .text.UARTIntRegister
                0x000000000000227c       0x1a /home/yashash/ti/TivaWare_C_Series-2.1.4.178/driverlib/gcc/libdriver.a(uart.o)
                0x000000000000227c                UARTIntRegister
 .text.UARTIntUnregister
                0x0000000000002296       0x16 /home/yashash/ti/TivaWare_C_Series-2.1.4.178/driverlib/gcc/libdriver.a(uart.o)
                0x0000000000002296                UARTIntUnregister
 .text.UARTIntEnable
                0x00000000000022ac        0x8 /home/yashash/ti/TivaWare_C_Series-2.1.4.178/driverlib/gcc/libdriver.a(uart.o)
                0x00000000000022ac                UARTIntEnable
 .text.UARTIntDisable
                0x00000000000022b4        0xa /home/yashash/ti/TivaWare_C_Series-2.1.4.178/driverlib/gcc/libdriver.a(uart.o)
                0x00000000000022b4                UARTIntDisable
 .text.UARTIntStatus
                0x00000000000022be        0xa /home/yashash/ti/TivaWare_C_Series-2.1.4.178/driverlib/gcc/libdriver.a(uart.o)
                0x00000000000022be                UARTIntStatus
 .text.UARTIntClear
                0x00000000000022c8        0x4 /home/yashash/ti/TivaWare_C_Series-2.1.4.178/driverlib/gcc/libdriver.a(uart.o)
                0x00000000000022c8                UARTIntClear
 .text.UARTDMAEnable
                0x00000000000022cc        0x8 /home/yashash/ti/TivaWare_C_Series-2.1.4.178/driverlib/gcc/libdriver.a(uart.o)
                0x00000000000022cc                UARTDMAEnable
 .text.UARTDMADisable
                0x00000000000022d4        0xa /home/yashash/ti/TivaWare_C_Series-2.1.4.178/driverlib/gcc/libdriver.a(uart.o)
                0x00000000000022d4                UARTDMADisable
 .text.UARTRxErrorGet
                0x00000000000022de        0x8 /home/yashash/ti/TivaWare_C_Series-2.1.4.178/driverlib/gcc/libdriver.a(uart.o)
                0x00000000000022de                UARTRxErrorGet
 .text.UARTRxErrorClear
                0x00000000000022e6        0x6 /home/yashash/ti/TivaWare_C_Series-2.1.4.178/driverlib/gcc/libdriver.a(uart.o)
                0x00000000000022e6                UARTRxErrorClear
 .text.UARTClockSourceSet
                0x00000000000022ec        0x6 /home/yashash/ti/TivaWare_C_Series-2.1.4.178/driverlib/gcc/libdriver.a(uart.o)
                0x00000000000022ec                UARTClockSourceSet
 .text.UARTClockSourceGet
                0x00000000000022f2        0x6 /home/yashash/ti/TivaWare_C_Series-2.1.4.178/driverlib/gcc/libdriver.a(uart.o)
                0x00000000000022f2                UARTClockSourceGet
 .text.UART9BitEnable
                0x00000000000022f8        0xe /home/yashash/ti/TivaWare_C_Series-2.1.4.178/driverlib/gcc/libdriver.a(uart.o)
                0x00000000000022f8                UART9BitEnable
 .text.UART9BitDisable
                0x0000000000002306        0xe /home/yashash/ti/TivaWare_C_Series-2.1.4.178/driverlib/gcc/libdriver.a(uart.o)
                0x0000000000002306                UART9BitDisable
 .text.UART9BitAddrSet
                0x0000000000002314        0xa /home/yashash/ti/TivaWare_C_Series-2.1.4.178/driverlib/gcc/libdriver.a(uart.o)
                0x0000000000002314                UART9BitAddrSet
 .text.UART9BitAddrSend
                0x000000000000231e       0x2c /home/yashash/ti/TivaWare_C_Series-2.1.4.178/driverlib/gcc/libdriver.a(uart.o)
                0x000000000000231e                UART9BitAddrSend
 .text.UARTLoopbackEnable
                0x000000000000234a        0xa /home/yashash/ti/TivaWare_C_Series-2.1.4.178/driverlib/gcc/libdriver.a(uart.o)
                0x000000000000234a                UARTLoopbackEnable
 .text.CPUcpsid
                0x0000000000002354        0x8 /home/yashash/ti/TivaWare_C_Series-2.1.4.178/driverlib/gcc/libdriver.a(cpu.o)
                0x0000000000002354                CPUcpsid
 .text.CPUprimask
                0x000000000000235c        0x6 /home/yashash/ti/TivaWare_C_Series-2.1.4.178/driverlib/gcc/libdriver.a(cpu.o)
                0x000000000000235c                CPUprimask
 .text.CPUcpsie
                0x0000000000002362        0x8 /home/yashash/ti/TivaWare_C_Series-2.1.4.178/driverlib/gcc/libdriver.a(cpu.o)
                0x0000000000002362                CPUcpsie
 .text.CPUwfi   0x000000000000236a        0x4 /home/yashash/ti/TivaWare_C_Series-2.1.4.178/driverlib/gcc/libdriver.a(cpu.o)
                0x000000000000236a                CPUwfi
 .text.CPUbasepriSet
                0x000000000000236e        0x6 /home/yashash/ti/TivaWare_C_Series-2.1.4.178/driverlib/gcc/libdriver.a(cpu.o)
                0x000000000000236e                CPUbasepriSet
 .text.CPUbasepriGet
                0x0000000000002374        0x6 /home/yashash/ti/TivaWare_C_Series-2.1.4.178/driverlib/gcc/libdriver.a(cpu.o)
                0x0000000000002374                CPUbasepriGet
 *fill*         0x000000000000237a        0x2 
 .text.atoi     0x000000000000237c        0x8 /home/yashash/ti/ccs1020/ccs/tools/compiler/gcc-arm-none-eabi-7-2017-q4-major/bin/../lib/gcc/arm-none-eabi/7.2.1/../../../../arm-none-eabi/lib/thumb/v7e-m/fpv4-sp/hard/libg.a(lib_a-atoi.o)
                0x000000000000237c                atoi
 .text._atoi_r  0x0000000000002384        0x8 /home/yashash/ti/ccs1020/ccs/tools/compiler/gcc-arm-none-eabi-7-2017-q4-major/bin/../lib/gcc/arm-none-eabi/7.2.1/../../../../arm-none-eabi/lib/thumb/v7e-m/fpv4-sp/hard/libg.a(lib_a-atoi.o)
                0x0000000000002384                _atoi_r
 .text.exit     0x000000000000238c       0x20 /home/yashash/ti/ccs1020/ccs/tools/compiler/gcc-arm-none-eabi-7-2017-q4-major/bin/../lib/gcc/arm-none-eabi/7.2.1/../../../../arm-none-eabi/lib/thumb/v7e-m/fpv4-sp/hard/libg.a(lib_a-exit.o)
                0x000000000000238c                exit
 .text.__libc_init_array
                0x00000000000023ac       0x48 /home/yashash/ti/ccs1020/ccs/tools/compiler/gcc-arm-none-eabi-7-2017-q4-major/bin/../lib/gcc/arm-none-eabi/7.2.1/../../../../arm-none-eabi/lib/thumb/v7e-m/fpv4-sp/hard/libg.a(lib_a-init.o)
                0x00000000000023ac                __libc_init_array
 .text.memset   0x00000000000023f4       0x94 /home/yashash/ti/ccs1020/ccs/tools/compiler/gcc-arm-none-eabi-7-2017-q4-major/bin/../lib/gcc/arm-none-eabi/7.2.1/../../../../arm-none-eabi/lib/thumb/v7e-m/fpv4-sp/hard/libg.a(lib_a-memset.o)
                0x00000000000023f4                memset
 .text.strcpy   0x0000000000002488       0xbc /home/yashash/ti/ccs1020/ccs/tools/compiler/gcc-arm-none-eabi-7-2017-q4-major/bin/../lib/gcc/arm-none-eabi/7.2.1/../../../../arm-none-eabi/lib/thumb/v7e-m/fpv4-sp/hard/libg.a(lib_a-strcpy.o)
                0x0000000000002488                strcpy
 .text.critical_factorization
                0x0000000000002544       0xb4 /home/yashash/ti/ccs1020/ccs/tools/compiler/gcc-arm-none-eabi-7-2017-q4-major/bin/../lib/gcc/arm-none-eabi/7.2.1/../../../../arm-none-eabi/lib/thumb/v7e-m/fpv4-sp/hard/libg.a(lib_a-strstr.o)
 .text.two_way_long_needle
                0x00000000000025f8      0x1f8 /home/yashash/ti/ccs1020/ccs/tools/compiler/gcc-arm-none-eabi-7-2017-q4-major/bin/../lib/gcc/arm-none-eabi/7.2.1/../../../../arm-none-eabi/lib/thumb/v7e-m/fpv4-sp/hard/libg.a(lib_a-strstr.o)
 .text.strstr   0x00000000000027f0      0x1f8 /home/yashash/ti/ccs1020/ccs/tools/compiler/gcc-arm-none-eabi-7-2017-q4-major/bin/../lib/gcc/arm-none-eabi/7.2.1/../../../../arm-none-eabi/lib/thumb/v7e-m/fpv4-sp/hard/libg.a(lib_a-strstr.o)
                0x00000000000027f0                strstr
 .text.strtok   0x00000000000029e8       0x10 /home/yashash/ti/ccs1020/ccs/tools/compiler/gcc-arm-none-eabi-7-2017-q4-major/bin/../lib/gcc/arm-none-eabi/7.2.1/../../../../arm-none-eabi/lib/thumb/v7e-m/fpv4-sp/hard/libg.a(lib_a-strtok.o)
                0x00000000000029e8                strtok
 .text.__strtok_r
                0x00000000000029f8       0x64 /home/yashash/ti/ccs1020/ccs/tools/compiler/gcc-arm-none-eabi-7-2017-q4-major/bin/../lib/gcc/arm-none-eabi/7.2.1/../../../../arm-none-eabi/lib/thumb/v7e-m/fpv4-sp/hard/libg.a(lib_a-strtok_r.o)
                0x00000000000029f8                __strtok_r
 .text.strtok_r
                0x0000000000002a5c        0x8 /home/yashash/ti/ccs1020/ccs/tools/compiler/gcc-arm-none-eabi-7-2017-q4-major/bin/../lib/gcc/arm-none-eabi/7.2.1/../../../../arm-none-eabi/lib/thumb/v7e-m/fpv4-sp/hard/libg.a(lib_a-strtok_r.o)
                0x0000000000002a5c                strtok_r
 .text._strtol_l.isra.0
                0x0000000000002a64      0x124 /home/yashash/ti/ccs1020/ccs/tools/compiler/gcc-arm-none-eabi-7-2017-q4-major/bin/../lib/gcc/arm-none-eabi/7.2.1/../../../../arm-none-eabi/lib/thumb/v7e-m/fpv4-sp/hard/libg.a(lib_a-strtol.o)
 .text._strtol_r
                0x0000000000002b88       0x24 /home/yashash/ti/ccs1020/ccs/tools/compiler/gcc-arm-none-eabi-7-2017-q4-major/bin/../lib/gcc/arm-none-eabi/7.2.1/../../../../arm-none-eabi/lib/thumb/v7e-m/fpv4-sp/hard/libg.a(lib_a-strtol.o)
                0x0000000000002b88                _strtol_r
 .text.strtol_l
                0x0000000000002bac       0x20 /home/yashash/ti/ccs1020/ccs/tools/compiler/gcc-arm-none-eabi-7-2017-q4-major/bin/../lib/gcc/arm-none-eabi/7.2.1/../../../../arm-none-eabi/lib/thumb/v7e-m/fpv4-sp/hard/libg.a(lib_a-strtol.o)
                0x0000000000002bac                strtol_l
 .text.strtol   0x0000000000002bcc       0x2c /home/yashash/ti/ccs1020/ccs/tools/compiler/gcc-arm-none-eabi-7-2017-q4-major/bin/../lib/gcc/arm-none-eabi/7.2.1/../../../../arm-none-eabi/lib/thumb/v7e-m/fpv4-sp/hard/libg.a(lib_a-strtol.o)
                0x0000000000002bcc                strtol
 .text.startup.register_fini
                0x0000000000002bf8       0x14 /home/yashash/ti/ccs1020/ccs/tools/compiler/gcc-arm-none-eabi-7-2017-q4-major/bin/../lib/gcc/arm-none-eabi/7.2.1/../../../../arm-none-eabi/lib/thumb/v7e-m/fpv4-sp/hard/libg.a(lib_a-__call_atexit.o)
 .text.__call_exitprocs
                0x0000000000002c0c       0xe8 /home/yashash/ti/ccs1020/ccs/tools/compiler/gcc-arm-none-eabi-7-2017-q4-major/bin/../lib/gcc/arm-none-eabi/7.2.1/../../../../arm-none-eabi/lib/thumb/v7e-m/fpv4-sp/hard/libg.a(lib_a-__call_atexit.o)
                0x0000000000002c0c                __call_exitprocs
 .text.atexit   0x0000000000002cf4        0xc /home/yashash/ti/ccs1020/ccs/tools/compiler/gcc-arm-none-eabi-7-2017-q4-major/bin/../lib/gcc/arm-none-eabi/7.2.1/../../../../arm-none-eabi/lib/thumb/v7e-m/fpv4-sp/hard/libg.a(lib_a-atexit.o)
                0x0000000000002cf4                atexit
 .text.__libc_fini_array
                0x0000000000002d00       0x34 /home/yashash/ti/ccs1020/ccs/tools/compiler/gcc-arm-none-eabi-7-2017-q4-major/bin/../lib/gcc/arm-none-eabi/7.2.1/../../../../arm-none-eabi/lib/thumb/v7e-m/fpv4-sp/hard/libg.a(lib_a-fini.o)
                0x0000000000002d00                __libc_fini_array
 .text._setlocale_r
                0x0000000000002d34       0x40 /home/yashash/ti/ccs1020/ccs/tools/compiler/gcc-arm-none-eabi-7-2017-q4-major/bin/../lib/gcc/arm-none-eabi/7.2.1/../../../../arm-none-eabi/lib/thumb/v7e-m/fpv4-sp/hard/libg.a(lib_a-locale.o)
                0x0000000000002d34                _setlocale_r
 .text.__locale_mb_cur_max
                0x0000000000002d74       0x1c /home/yashash/ti/ccs1020/ccs/tools/compiler/gcc-arm-none-eabi-7-2017-q4-major/bin/../lib/gcc/arm-none-eabi/7.2.1/../../../../arm-none-eabi/lib/thumb/v7e-m/fpv4-sp/hard/libg.a(lib_a-locale.o)
                0x0000000000002d74                __locale_mb_cur_max
 .text.__locale_ctype_ptr_l
                0x0000000000002d90        0x8 /home/yashash/ti/ccs1020/ccs/tools/compiler/gcc-arm-none-eabi-7-2017-q4-major/bin/../lib/gcc/arm-none-eabi/7.2.1/../../../../arm-none-eabi/lib/thumb/v7e-m/fpv4-sp/hard/libg.a(lib_a-locale.o)
                0x0000000000002d90                __locale_ctype_ptr_l
 .text.__locale_ctype_ptr
                0x0000000000002d98       0x1c /home/yashash/ti/ccs1020/ccs/tools/compiler/gcc-arm-none-eabi-7-2017-q4-major/bin/../lib/gcc/arm-none-eabi/7.2.1/../../../../arm-none-eabi/lib/thumb/v7e-m/fpv4-sp/hard/libg.a(lib_a-locale.o)
                0x0000000000002d98                __locale_ctype_ptr
 .text.setlocale
                0x0000000000002db4       0x10 /home/yashash/ti/ccs1020/ccs/tools/compiler/gcc-arm-none-eabi-7-2017-q4-major/bin/../lib/gcc/arm-none-eabi/7.2.1/../../../../arm-none-eabi/lib/thumb/v7e-m/fpv4-sp/hard/libg.a(lib_a-locale.o)
                0x0000000000002db4                setlocale
 .text.__retarget_lock_init
                0x0000000000002dc4        0x4 /home/yashash/ti/ccs1020/ccs/tools/compiler/gcc-arm-none-eabi-7-2017-q4-major/bin/../lib/gcc/arm-none-eabi/7.2.1/../../../../arm-none-eabi/lib/thumb/v7e-m/fpv4-sp/hard/libg.a(lib_a-lock.o)
                0x0000000000002dc4                __retarget_lock_init
 .text.__retarget_lock_init_recursive
                0x0000000000002dc8        0x4 /home/yashash/ti/ccs1020/ccs/tools/compiler/gcc-arm-none-eabi-7-2017-q4-major/bin/../lib/gcc/arm-none-eabi/7.2.1/../../../../arm-none-eabi/lib/thumb/v7e-m/fpv4-sp/hard/libg.a(lib_a-lock.o)
                0x0000000000002dc8                __retarget_lock_init_recursive
 .text.__retarget_lock_close
                0x0000000000002dcc        0x4 /home/yashash/ti/ccs1020/ccs/tools/compiler/gcc-arm-none-eabi-7-2017-q4-major/bin/../lib/gcc/arm-none-eabi/7.2.1/../../../../arm-none-eabi/lib/thumb/v7e-m/fpv4-sp/hard/libg.a(lib_a-lock.o)
                0x0000000000002dcc                __retarget_lock_close
 .text.__retarget_lock_close_recursive
                0x0000000000002dd0        0x4 /home/yashash/ti/ccs1020/ccs/tools/compiler/gcc-arm-none-eabi-7-2017-q4-major/bin/../lib/gcc/arm-none-eabi/7.2.1/../../../../arm-none-eabi/lib/thumb/v7e-m/fpv4-sp/hard/libg.a(lib_a-lock.o)
                0x0000000000002dd0                __retarget_lock_close_recursive
 .text.__retarget_lock_acquire
                0x0000000000002dd4        0x4 /home/yashash/ti/ccs1020/ccs/tools/compiler/gcc-arm-none-eabi-7-2017-q4-major/bin/../lib/gcc/arm-none-eabi/7.2.1/../../../../arm-none-eabi/lib/thumb/v7e-m/fpv4-sp/hard/libg.a(lib_a-lock.o)
                0x0000000000002dd4                __retarget_lock_acquire
 .text.__retarget_lock_acquire_recursive
                0x0000000000002dd8        0x4 /home/yashash/ti/ccs1020/ccs/tools/compiler/gcc-arm-none-eabi-7-2017-q4-major/bin/../lib/gcc/arm-none-eabi/7.2.1/../../../../arm-none-eabi/lib/thumb/v7e-m/fpv4-sp/hard/libg.a(lib_a-lock.o)
                0x0000000000002dd8                __retarget_lock_acquire_recursive
 .text.__retarget_lock_try_acquire
                0x0000000000002ddc        0x4 /home/yashash/ti/ccs1020/ccs/tools/compiler/gcc-arm-none-eabi-7-2017-q4-major/bin/../lib/gcc/arm-none-eabi/7.2.1/../../../../arm-none-eabi/lib/thumb/v7e-m/fpv4-sp/hard/libg.a(lib_a-lock.o)
                0x0000000000002ddc                __retarget_lock_try_acquire
 .text.__retarget_lock_try_acquire_recursive
                0x0000000000002de0        0x4 /home/yashash/ti/ccs1020/ccs/tools/compiler/gcc-arm-none-eabi-7-2017-q4-major/bin/../lib/gcc/arm-none-eabi/7.2.1/../../../../arm-none-eabi/lib/thumb/v7e-m/fpv4-sp/hard/libg.a(lib_a-lock.o)
                0x0000000000002de0                __retarget_lock_try_acquire_recursive
 .text.__retarget_lock_release
                0x0000000000002de4        0x4 /home/yashash/ti/ccs1020/ccs/tools/compiler/gcc-arm-none-eabi-7-2017-q4-major/bin/../lib/gcc/arm-none-eabi/7.2.1/../../../../arm-none-eabi/lib/thumb/v7e-m/fpv4-sp/hard/libg.a(lib_a-lock.o)
                0x0000000000002de4                __retarget_lock_release
 .text.__retarget_lock_release_recursive
                0x0000000000002de8        0x4 /home/yashash/ti/ccs1020/ccs/tools/compiler/gcc-arm-none-eabi-7-2017-q4-major/bin/../lib/gcc/arm-none-eabi/7.2.1/../../../../arm-none-eabi/lib/thumb/v7e-m/fpv4-sp/hard/libg.a(lib_a-lock.o)
                0x0000000000002de8                __retarget_lock_release_recursive
 .text._mbtowc_r
                0x0000000000002dec       0x24 /home/yashash/ti/ccs1020/ccs/tools/compiler/gcc-arm-none-eabi-7-2017-q4-major/bin/../lib/gcc/arm-none-eabi/7.2.1/../../../../arm-none-eabi/lib/thumb/v7e-m/fpv4-sp/hard/libg.a(lib_a-mbtowc_r.o)
                0x0000000000002dec                _mbtowc_r
 .text.__ascii_mbtowc
                0x0000000000002e10       0x2c /home/yashash/ti/ccs1020/ccs/tools/compiler/gcc-arm-none-eabi-7-2017-q4-major/bin/../lib/gcc/arm-none-eabi/7.2.1/../../../../arm-none-eabi/lib/thumb/v7e-m/fpv4-sp/hard/libg.a(lib_a-mbtowc_r.o)
                0x0000000000002e10                __ascii_mbtowc
 .text.memcmp   0x0000000000002e3c       0x64 /home/yashash/ti/ccs1020/ccs/tools/compiler/gcc-arm-none-eabi-7-2017-q4-major/bin/../lib/gcc/arm-none-eabi/7.2.1/../../../../arm-none-eabi/lib/thumb/v7e-m/fpv4-sp/hard/libg.a(lib_a-memcmp.o)
                0x0000000000002e3c                memcmp
 .text.strchr   0x0000000000002ea0       0xe8 /home/yashash/ti/ccs1020/ccs/tools/compiler/gcc-arm-none-eabi-7-2017-q4-major/bin/../lib/gcc/arm-none-eabi/7.2.1/../../../../arm-none-eabi/lib/thumb/v7e-m/fpv4-sp/hard/libg.a(lib_a-strchr.o)
                0x0000000000002ea0                strchr
 .text._wctomb_r
                0x0000000000002f88       0x24 /home/yashash/ti/ccs1020/ccs/tools/compiler/gcc-arm-none-eabi-7-2017-q4-major/bin/../lib/gcc/arm-none-eabi/7.2.1/../../../../arm-none-eabi/lib/thumb/v7e-m/fpv4-sp/hard/libg.a(lib_a-wctomb_r.o)
                0x0000000000002f88                _wctomb_r
 .text.__ascii_wctomb
                0x0000000000002fac       0x1c /home/yashash/ti/ccs1020/ccs/tools/compiler/gcc-arm-none-eabi-7-2017-q4-major/bin/../lib/gcc/arm-none-eabi/7.2.1/../../../../arm-none-eabi/lib/thumb/v7e-m/fpv4-sp/hard/libg.a(lib_a-wctomb_r.o)
                0x0000000000002fac                __ascii_wctomb
 .text.__register_exitproc
                0x0000000000002fc8       0xc0 /home/yashash/ti/ccs1020/ccs/tools/compiler/gcc-arm-none-eabi-7-2017-q4-major/bin/../lib/gcc/arm-none-eabi/7.2.1/../../../../arm-none-eabi/lib/thumb/v7e-m/fpv4-sp/hard/libg.a(lib_a-__atexit.o)
                0x0000000000002fc8                __register_exitproc
 .text._exit    0x0000000000003088        0x4 /home/yashash/ti/ccs1020/ccs/tools/compiler/gcc-arm-none-eabi-7-2017-q4-major/bin/../lib/gcc/arm-none-eabi/7.2.1/../../../../arm-none-eabi/lib/thumb/v7e-m/fpv4-sp/hard/libnosys.a(_exit.o)
                0x0000000000003088                _exit
                0x000000000000308c                . = ALIGN (0x4)
 *(.ctors)
                0x000000000000308c                . = ALIGN (0x4)
 *(.dtors)
                0x000000000000308c                . = ALIGN (0x4)
                0x000000000000308c                __init_array_start = .
 *(.init_array*)
 .init_array    0x000000000000308c        0x4 /home/yashash/ti/ccs1020/ccs/tools/compiler/gcc-arm-none-eabi-7-2017-q4-major/bin/../lib/gcc/arm-none-eabi/7.2.1/thumb/v7e-m/fpv4-sp/hard/crtbegin.o
 .init_array.00000
                0x0000000000003090        0x4 /home/yashash/ti/ccs1020/ccs/tools/compiler/gcc-arm-none-eabi-7-2017-q4-major/bin/../lib/gcc/arm-none-eabi/7.2.1/../../../../arm-none-eabi/lib/thumb/v7e-m/fpv4-sp/hard/libg.a(lib_a-__call_atexit.o)
                0x0000000000003094                __init_array_end = .
 *(.init)
 .init          0x0000000000003094        0x4 /home/yashash/ti/ccs1020/ccs/tools/compiler/gcc-arm-none-eabi-7-2017-q4-major/bin/../lib/gcc/arm-none-eabi/7.2.1/thumb/v7e-m/fpv4-sp/hard/crti.o
                0x0000000000003094                _init
 .init          0x0000000000003098        0x8 /home/yashash/ti/ccs1020/ccs/tools/compiler/gcc-arm-none-eabi-7-2017-q4-major/bin/../lib/gcc/arm-none-eabi/7.2.1/thumb/v7e-m/fpv4-sp/hard/crtn.o
 *(.fini*)
 .fini          0x00000000000030a0        0x4 /home/yashash/ti/ccs1020/ccs/tools/compiler/gcc-arm-none-eabi-7-2017-q4-major/bin/../lib/gcc/arm-none-eabi/7.2.1/thumb/v7e-m/fpv4-sp/hard/crti.o
                0x00000000000030a0                _fini
 .fini_array    0x00000000000030a4        0x4 /home/yashash/ti/ccs1020/ccs/tools/compiler/gcc-arm-none-eabi-7-2017-q4-major/bin/../lib/gcc/arm-none-eabi/7.2.1/thumb/v7e-m/fpv4-sp/hard/crtbegin.o
 .fini          0x00000000000030a8        0x8 /home/yashash/ti/ccs1020/ccs/tools/compiler/gcc-arm-none-eabi-7-2017-q4-major/bin/../lib/gcc/arm-none-eabi/7.2.1/thumb/v7e-m/fpv4-sp/hard/crtn.o
                [!provide]                        PROVIDE (__etext, .)
                [!provide]                        PROVIDE (_etext, .)
                [!provide]                        PROVIDE (etext, .)

.glue_7         0x00000000000030b0        0x0
 .glue_7        0x00000000000030b0        0x0 linker stubs

.glue_7t        0x00000000000030b0        0x0
 .glue_7t       0x00000000000030b0        0x0 linker stubs

.vfp11_veneer   0x00000000000030b0        0x0
 .vfp11_veneer  0x00000000000030b0        0x0 linker stubs

.v4_bx          0x00000000000030b0        0x0
 .v4_bx         0x00000000000030b0        0x0 linker stubs

.iplt           0x00000000000030b0        0x0
 .iplt          0x00000000000030b0        0x0 /home/yashash/ti/ccs1020/ccs/tools/compiler/gcc-arm-none-eabi-7-2017-q4-major/bin/../lib/gcc/arm-none-eabi/7.2.1/thumb/v7e-m/fpv4-sp/hard/crtbegin.o

.rodata         0x00000000000030b0      0x785
 *(.rodata)
 .rodata        0x00000000000030b0       0x62 ./switch_blink.o
 *(.rodata*)
 *fill*         0x0000000000003112        0x2 
 .rodata.g_ppui32GPIOIntMapSnowflake
                0x0000000000003114       0xd8 /home/yashash/ti/TivaWare_C_Series-2.1.4.178/driverlib/gcc/libdriver.a(gpio.o)
 .rodata.g_pui32GPIOBaseAddrs
                0x00000000000031ec       0x90 /home/yashash/ti/TivaWare_C_Series-2.1.4.178/driverlib/gcc/libdriver.a(gpio.o)
 .rodata.g_ppui32GPIOIntMapBlizzard
                0x000000000000327c       0xc0 /home/yashash/ti/TivaWare_C_Series-2.1.4.178/driverlib/gcc/libdriver.a(gpio.o)
 .rodata.g_pui32Priority
                0x000000000000333c       0x20 /home/yashash/ti/TivaWare_C_Series-2.1.4.178/driverlib/gcc/libdriver.a(interrupt.o)
 .rodata.g_pui32Dii16Regs
                0x000000000000335c       0x14 /home/yashash/ti/TivaWare_C_Series-2.1.4.178/driverlib/gcc/libdriver.a(interrupt.o)
 .rodata.g_pui32PendRegs
                0x0000000000003370       0x14 /home/yashash/ti/TivaWare_C_Series-2.1.4.178/driverlib/gcc/libdriver.a(interrupt.o)
 .rodata.g_pui32Regs
                0x0000000000003384       0x9c /home/yashash/ti/TivaWare_C_Series-2.1.4.178/driverlib/gcc/libdriver.a(interrupt.o)
 .rodata.g_pui32EnRegs
                0x0000000000003420       0x14 /home/yashash/ti/TivaWare_C_Series-2.1.4.178/driverlib/gcc/libdriver.a(interrupt.o)
 .rodata.g_pui32UnpendRegs
                0x0000000000003434       0x14 /home/yashash/ti/TivaWare_C_Series-2.1.4.178/driverlib/gcc/libdriver.a(interrupt.o)
 .rodata.g_pppui32XTALtoVCO
                0x0000000000003448      0x1b0 /home/yashash/ti/TivaWare_C_Series-2.1.4.178/driverlib/gcc/libdriver.a(sysctl.o)
 .rodata.g_pui32VCOFrequencies
                0x00000000000035f8        0x8 /home/yashash/ti/TivaWare_C_Series-2.1.4.178/driverlib/gcc/libdriver.a(sysctl.o)
 .rodata.g_sXTALtoMEMTIM
                0x0000000000003600       0x30 /home/yashash/ti/TivaWare_C_Series-2.1.4.178/driverlib/gcc/libdriver.a(sysctl.o)
 .rodata.g_pui32Xtals
                0x0000000000003630       0x6c /home/yashash/ti/TivaWare_C_Series-2.1.4.178/driverlib/gcc/libdriver.a(sysctl.o)
 .rodata.g_ppui32UARTIntMap
                0x000000000000369c       0x40 /home/yashash/ti/TivaWare_C_Series-2.1.4.178/driverlib/gcc/libdriver.a(uart.o)
 .rodata.g_ppui32UARTIntMapSnowflake
                0x00000000000036dc       0x40 /home/yashash/ti/TivaWare_C_Series-2.1.4.178/driverlib/gcc/libdriver.a(uart.o)
 .rodata._global_impure_ptr
                0x000000000000371c        0x4 /home/yashash/ti/ccs1020/ccs/tools/compiler/gcc-arm-none-eabi-7-2017-q4-major/bin/../lib/gcc/arm-none-eabi/7.2.1/../../../../arm-none-eabi/lib/thumb/v7e-m/fpv4-sp/hard/libg.a(lib_a-impure.o)
                0x000000000000371c                _global_impure_ptr
 .rodata._setlocale_r.str1.4
                0x0000000000003720        0xd /home/yashash/ti/ccs1020/ccs/tools/compiler/gcc-arm-none-eabi-7-2017-q4-major/bin/../lib/gcc/arm-none-eabi/7.2.1/../../../../arm-none-eabi/lib/thumb/v7e-m/fpv4-sp/hard/libg.a(lib_a-locale.o)
 *fill*         0x000000000000372d        0x3 
 .rodata.str1.4
                0x0000000000003730        0x4 /home/yashash/ti/ccs1020/ccs/tools/compiler/gcc-arm-none-eabi-7-2017-q4-major/bin/../lib/gcc/arm-none-eabi/7.2.1/../../../../arm-none-eabi/lib/thumb/v7e-m/fpv4-sp/hard/libg.a(lib_a-locale.o)
                                          0x2 (size before relaxing)
 .rodata._ctype_
                0x0000000000003734      0x101 /home/yashash/ti/ccs1020/ccs/tools/compiler/gcc-arm-none-eabi-7-2017-q4-major/bin/../lib/gcc/arm-none-eabi/7.2.1/../../../../arm-none-eabi/lib/thumb/v7e-m/fpv4-sp/hard/libg.a(lib_a-ctype_.o)
                0x0000000000003734                _ctype_

.eh_frame       0x0000000000003838        0x4
 .eh_frame      0x0000000000003838        0x0 /home/yashash/ti/ccs1020/ccs/tools/compiler/gcc-arm-none-eabi-7-2017-q4-major/bin/../lib/gcc/arm-none-eabi/7.2.1/thumb/v7e-m/fpv4-sp/hard/crtbegin.o
 .eh_frame      0x0000000000003838        0x4 /home/yashash/ti/ccs1020/ccs/tools/compiler/gcc-arm-none-eabi-7-2017-q4-major/bin/../lib/gcc/arm-none-eabi/7.2.1/thumb/v7e-m/fpv4-sp/hard/crtend.o

.data           0x0000000020000000      0x5a0 load address 0x000000000000383c
                0x000000000000383c                __data_load__ = LOADADDR (.data)
                0x0000000020000000                __data_start__ = .
 *(.data)
 .data          0x0000000020000000        0x0 /home/yashash/ti/ccs1020/ccs/tools/compiler/gcc-arm-none-eabi-7-2017-q4-major/bin/../lib/gcc/arm-none-eabi/7.2.1/thumb/v7e-m/fpv4-sp/hard/crti.o
 .data          0x0000000020000000        0x4 /home/yashash/ti/ccs1020/ccs/tools/compiler/gcc-arm-none-eabi-7-2017-q4-major/bin/../lib/gcc/arm-none-eabi/7.2.1/thumb/v7e-m/fpv4-sp/hard/crtbegin.o
                0x0000000020000000                __dso_handle
 .data          0x0000000020000004        0x0 /home/yashash/ti/ccs1020/ccs/tools/compiler/gcc-arm-none-eabi-7-2017-q4-major/bin/../lib/gcc/arm-none-eabi/7.2.1/../../../../arm-none-eabi/lib/thumb/v7e-m/fpv4-sp/hard/crt0.o
 .data          0x0000000020000004        0x0 ./switch_blink.o
 .data          0x0000000020000004        0x0 ./tm4c123gh6pm_startup_ccs_gcc.o
 .data          0x0000000020000004        0x0 /home/yashash/ti/TivaWare_C_Series-2.1.4.178/driverlib/gcc/libdriver.a(gpio.o)
 .data          0x0000000020000004        0x0 /home/yashash/ti/TivaWare_C_Series-2.1.4.178/driverlib/gcc/libdriver.a(interrupt.o)
 .data          0x0000000020000004        0x0 /home/yashash/ti/TivaWare_C_Series-2.1.4.178/driverlib/gcc/libdriver.a(sysctl.o)
 .data          0x0000000020000004        0x0 /home/yashash/ti/TivaWare_C_Series-2.1.4.178/driverlib/gcc/libdriver.a(uart.o)
 .data          0x0000000020000004        0x0 /home/yashash/ti/TivaWare_C_Series-2.1.4.178/driverlib/gcc/libdriver.a(cpu.o)
 .data          0x0000000020000004        0x0 /home/yashash/ti/ccs1020/ccs/tools/compiler/gcc-arm-none-eabi-7-2017-q4-major/bin/../lib/gcc/arm-none-eabi/7.2.1/../../../../arm-none-eabi/lib/thumb/v7e-m/fpv4-sp/hard/libg.a(lib_a-atoi.o)
 .data          0x0000000020000004        0x0 /home/yashash/ti/ccs1020/ccs/tools/compiler/gcc-arm-none-eabi-7-2017-q4-major/bin/../lib/gcc/arm-none-eabi/7.2.1/../../../../arm-none-eabi/lib/thumb/v7e-m/fpv4-sp/hard/libg.a(lib_a-exit.o)
 .data          0x0000000020000004        0x0 /home/yashash/ti/ccs1020/ccs/tools/compiler/gcc-arm-none-eabi-7-2017-q4-major/bin/../lib/gcc/arm-none-eabi/7.2.1/../../../../arm-none-eabi/lib/thumb/v7e-m/fpv4-sp/hard/libg.a(lib_a-impure.o)
 .data          0x0000000020000004        0x0 /home/yashash/ti/ccs1020/ccs/tools/compiler/gcc-arm-none-eabi-7-2017-q4-major/bin/../lib/gcc/arm-none-eabi/7.2.1/../../../../arm-none-eabi/lib/thumb/v7e-m/fpv4-sp/hard/libg.a(lib_a-init.o)
 .data          0x0000000020000004        0x0 /home/yashash/ti/ccs1020/ccs/tools/compiler/gcc-arm-none-eabi-7-2017-q4-major/bin/../lib/gcc/arm-none-eabi/7.2.1/../../../../arm-none-eabi/lib/thumb/v7e-m/fpv4-sp/hard/libg.a(lib_a-memset.o)
 .data          0x0000000020000004        0x0 /home/yashash/ti/ccs1020/ccs/tools/compiler/gcc-arm-none-eabi-7-2017-q4-major/bin/../lib/gcc/arm-none-eabi/7.2.1/../../../../arm-none-eabi/lib/thumb/v7e-m/fpv4-sp/hard/libg.a(lib_a-strcpy.o)
 .data          0x0000000020000004        0x0 /home/yashash/ti/ccs1020/ccs/tools/compiler/gcc-arm-none-eabi-7-2017-q4-major/bin/../lib/gcc/arm-none-eabi/7.2.1/../../../../arm-none-eabi/lib/thumb/v7e-m/fpv4-sp/hard/libg.a(lib_a-strstr.o)
 .data          0x0000000020000004        0x0 /home/yashash/ti/ccs1020/ccs/tools/compiler/gcc-arm-none-eabi-7-2017-q4-major/bin/../lib/gcc/arm-none-eabi/7.2.1/../../../../arm-none-eabi/lib/thumb/v7e-m/fpv4-sp/hard/libg.a(lib_a-strtok.o)
 .data          0x0000000020000004        0x0 /home/yashash/ti/ccs1020/ccs/tools/compiler/gcc-arm-none-eabi-7-2017-q4-major/bin/../lib/gcc/arm-none-eabi/7.2.1/../../../../arm-none-eabi/lib/thumb/v7e-m/fpv4-sp/hard/libg.a(lib_a-strtok_r.o)
 .data          0x0000000020000004        0x0 /home/yashash/ti/ccs1020/ccs/tools/compiler/gcc-arm-none-eabi-7-2017-q4-major/bin/../lib/gcc/arm-none-eabi/7.2.1/../../../../arm-none-eabi/lib/thumb/v7e-m/fpv4-sp/hard/libg.a(lib_a-strtol.o)
 .data          0x0000000020000004        0x0 /home/yashash/ti/ccs1020/ccs/tools/compiler/gcc-arm-none-eabi-7-2017-q4-major/bin/../lib/gcc/arm-none-eabi/7.2.1/../../../../arm-none-eabi/lib/thumb/v7e-m/fpv4-sp/hard/libg.a(lib_a-__call_atexit.o)
 .data          0x0000000020000004        0x0 /home/yashash/ti/ccs1020/ccs/tools/compiler/gcc-arm-none-eabi-7-2017-q4-major/bin/../lib/gcc/arm-none-eabi/7.2.1/../../../../arm-none-eabi/lib/thumb/v7e-m/fpv4-sp/hard/libg.a(lib_a-atexit.o)
 .data          0x0000000020000004        0x0 /home/yashash/ti/ccs1020/ccs/tools/compiler/gcc-arm-none-eabi-7-2017-q4-major/bin/../lib/gcc/arm-none-eabi/7.2.1/../../../../arm-none-eabi/lib/thumb/v7e-m/fpv4-sp/hard/libg.a(lib_a-fini.o)
 .data          0x0000000020000004        0x0 /home/yashash/ti/ccs1020/ccs/tools/compiler/gcc-arm-none-eabi-7-2017-q4-major/bin/../lib/gcc/arm-none-eabi/7.2.1/../../../../arm-none-eabi/lib/thumb/v7e-m/fpv4-sp/hard/libg.a(lib_a-locale.o)
 .data          0x0000000020000004        0x0 /home/yashash/ti/ccs1020/ccs/tools/compiler/gcc-arm-none-eabi-7-2017-q4-major/bin/../lib/gcc/arm-none-eabi/7.2.1/../../../../arm-none-eabi/lib/thumb/v7e-m/fpv4-sp/hard/libg.a(lib_a-lock.o)
 .data          0x0000000020000004        0x0 /home/yashash/ti/ccs1020/ccs/tools/compiler/gcc-arm-none-eabi-7-2017-q4-major/bin/../lib/gcc/arm-none-eabi/7.2.1/../../../../arm-none-eabi/lib/thumb/v7e-m/fpv4-sp/hard/libg.a(lib_a-mbtowc_r.o)
 .data          0x0000000020000004        0x0 /home/yashash/ti/ccs1020/ccs/tools/compiler/gcc-arm-none-eabi-7-2017-q4-major/bin/../lib/gcc/arm-none-eabi/7.2.1/../../../../arm-none-eabi/lib/thumb/v7e-m/fpv4-sp/hard/libg.a(lib_a-memchr.o)
 .data          0x0000000020000004        0x0 /home/yashash/ti/ccs1020/ccs/tools/compiler/gcc-arm-none-eabi-7-2017-q4-major/bin/../lib/gcc/arm-none-eabi/7.2.1/../../../../arm-none-eabi/lib/thumb/v7e-m/fpv4-sp/hard/libg.a(lib_a-memcmp.o)
 .data          0x0000000020000004        0x0 /home/yashash/ti/ccs1020/ccs/tools/compiler/gcc-arm-none-eabi-7-2017-q4-major/bin/../lib/gcc/arm-none-eabi/7.2.1/../../../../arm-none-eabi/lib/thumb/v7e-m/fpv4-sp/hard/libg.a(lib_a-strchr.o)
 .data          0x0000000020000004        0x0 /home/yashash/ti/ccs1020/ccs/tools/compiler/gcc-arm-none-eabi-7-2017-q4-major/bin/../lib/gcc/arm-none-eabi/7.2.1/../../../../arm-none-eabi/lib/thumb/v7e-m/fpv4-sp/hard/libg.a(lib_a-strcmp.o)
 .data          0x0000000020000004        0x0 /home/yashash/ti/ccs1020/ccs/tools/compiler/gcc-arm-none-eabi-7-2017-q4-major/bin/../lib/gcc/arm-none-eabi/7.2.1/../../../../arm-none-eabi/lib/thumb/v7e-m/fpv4-sp/hard/libg.a(lib_a-wctomb_r.o)
 .data          0x0000000020000004        0x0 /home/yashash/ti/ccs1020/ccs/tools/compiler/gcc-arm-none-eabi-7-2017-q4-major/bin/../lib/gcc/arm-none-eabi/7.2.1/../../../../arm-none-eabi/lib/thumb/v7e-m/fpv4-sp/hard/libg.a(lib_a-__atexit.o)
 .data          0x0000000020000004        0x0 /home/yashash/ti/ccs1020/ccs/tools/compiler/gcc-arm-none-eabi-7-2017-q4-major/bin/../lib/gcc/arm-none-eabi/7.2.1/../../../../arm-none-eabi/lib/thumb/v7e-m/fpv4-sp/hard/libg.a(lib_a-ctype_.o)
 .data          0x0000000020000004        0x0 /home/yashash/ti/ccs1020/ccs/tools/compiler/gcc-arm-none-eabi-7-2017-q4-major/bin/../lib/gcc/arm-none-eabi/7.2.1/../../../../arm-none-eabi/lib/thumb/v7e-m/fpv4-sp/hard/libnosys.a(_exit.o)
 .data          0x0000000020000004        0x0 /home/yashash/ti/ccs1020/ccs/tools/compiler/gcc-arm-none-eabi-7-2017-q4-major/bin/../lib/gcc/arm-none-eabi/7.2.1/thumb/v7e-m/fpv4-sp/hard/crtend.o
 .data          0x0000000020000004        0x0 /home/yashash/ti/ccs1020/ccs/tools/compiler/gcc-arm-none-eabi-7-2017-q4-major/bin/../lib/gcc/arm-none-eabi/7.2.1/thumb/v7e-m/fpv4-sp/hard/crtn.o
 *(.data*)
 .data._impure_ptr
                0x0000000020000004        0x4 /home/yashash/ti/ccs1020/ccs/tools/compiler/gcc-arm-none-eabi-7-2017-q4-major/bin/../lib/gcc/arm-none-eabi/7.2.1/../../../../arm-none-eabi/lib/thumb/v7e-m/fpv4-sp/hard/libg.a(lib_a-impure.o)
                0x0000000020000004                _impure_ptr
 .data.impure_data
                0x0000000020000008      0x428 /home/yashash/ti/ccs1020/ccs/tools/compiler/gcc-arm-none-eabi-7-2017-q4-major/bin/../lib/gcc/arm-none-eabi/7.2.1/../../../../arm-none-eabi/lib/thumb/v7e-m/fpv4-sp/hard/libg.a(lib_a-impure.o)
 .data.__atexit_recursive_mutex
                0x0000000020000430        0x4 /home/yashash/ti/ccs1020/ccs/tools/compiler/gcc-arm-none-eabi-7-2017-q4-major/bin/../lib/gcc/arm-none-eabi/7.2.1/../../../../arm-none-eabi/lib/thumb/v7e-m/fpv4-sp/hard/libg.a(lib_a-__call_atexit.o)
                0x0000000020000430                __atexit_recursive_mutex
 .data.__global_locale
                0x0000000020000434      0x16c /home/yashash/ti/ccs1020/ccs/tools/compiler/gcc-arm-none-eabi-7-2017-q4-major/bin/../lib/gcc/arm-none-eabi/7.2.1/../../../../arm-none-eabi/lib/thumb/v7e-m/fpv4-sp/hard/libg.a(lib_a-locale.o)
                0x0000000020000434                __global_locale
                0x00000000200005a0                . = ALIGN (0x4)
                0x00000000200005a0                __data_end__ = .

.igot.plt       0x00000000200005a0        0x0 load address 0x0000000000003ddc
 .igot.plt      0x00000000200005a0        0x0 /home/yashash/ti/ccs1020/ccs/tools/compiler/gcc-arm-none-eabi-7-2017-q4-major/bin/../lib/gcc/arm-none-eabi/7.2.1/thumb/v7e-m/fpv4-sp/hard/crtbegin.o

vtable          0x0000000020000800      0x400 load address 0x0000000000003ddc
 vtable         0x0000000020000800      0x400 /home/yashash/ti/TivaWare_C_Series-2.1.4.178/driverlib/gcc/libdriver.a(interrupt.o)

.ARM.exidx      0x00000000000041dc        0x8
                0x00000000000041dc                __exidx_start = .
 *(.ARM.exidx* .gnu.linkonce.armexidx.*)
 .ARM.exidx     0x00000000000041dc        0x8 /home/yashash/ti/ccs1020/ccs/tools/compiler/gcc-arm-none-eabi-7-2017-q4-major/bin/../lib/gcc/arm-none-eabi/7.2.1/../../../../arm-none-eabi/lib/thumb/v7e-m/fpv4-sp/hard/crt0.o
                0x00000000000041e4                __exidx_end = .

.ARM.extab      0x00000000000041e4        0x0
 *(.ARM.extab* .gnu.linkonce.armextab.*)
 .ARM.extab     0x00000000000041e4        0x0 /home/yashash/ti/ccs1020/ccs/tools/compiler/gcc-arm-none-eabi-7-2017-q4-major/bin/../lib/gcc/arm-none-eabi/7.2.1/../../../../arm-none-eabi/lib/thumb/v7e-m/fpv4-sp/hard/crt0.o

.rel.dyn        0x00000000000041e4        0x0
 .rel.iplt      0x00000000000041e4        0x0 /home/yashash/ti/ccs1020/ccs/tools/compiler/gcc-arm-none-eabi-7-2017-q4-major/bin/../lib/gcc/arm-none-eabi/7.2.1/thumb/v7e-m/fpv4-sp/hard/crtbegin.o

.bss            0x0000000020000c00      0x248
                0x0000000020000c00                __bss_start__ = .
 *(.shbss)
 *(.bss)
 .bss           0x0000000020000c00        0x0 /home/yashash/ti/ccs1020/ccs/tools/compiler/gcc-arm-none-eabi-7-2017-q4-major/bin/../lib/gcc/arm-none-eabi/7.2.1/thumb/v7e-m/fpv4-sp/hard/crti.o
 .bss           0x0000000020000c00       0x1c /home/yashash/ti/ccs1020/ccs/tools/compiler/gcc-arm-none-eabi-7-2017-q4-major/bin/../lib/gcc/arm-none-eabi/7.2.1/thumb/v7e-m/fpv4-sp/hard/crtbegin.o
 .bss           0x0000000020000c1c        0x0 /home/yashash/ti/ccs1020/ccs/tools/compiler/gcc-arm-none-eabi-7-2017-q4-major/bin/../lib/gcc/arm-none-eabi/7.2.1/../../../../arm-none-eabi/lib/thumb/v7e-m/fpv4-sp/hard/crt0.o
 .bss           0x0000000020000c1c        0x0 ./switch_blink.o
 .bss           0x0000000020000c1c        0x0 ./tm4c123gh6pm_startup_ccs_gcc.o
 .bss           0x0000000020000c1c        0x0 /home/yashash/ti/TivaWare_C_Series-2.1.4.178/driverlib/gcc/libdriver.a(gpio.o)
 .bss           0x0000000020000c1c        0x0 /home/yashash/ti/TivaWare_C_Series-2.1.4.178/driverlib/gcc/libdriver.a(interrupt.o)
 .bss           0x0000000020000c1c        0x0 /home/yashash/ti/TivaWare_C_Series-2.1.4.178/driverlib/gcc/libdriver.a(sysctl.o)
 .bss           0x0000000020000c1c        0x0 /home/yashash/ti/TivaWare_C_Series-2.1.4.178/driverlib/gcc/libdriver.a(uart.o)
 .bss           0x0000000020000c1c        0x0 /home/yashash/ti/TivaWare_C_Series-2.1.4.178/driverlib/gcc/libdriver.a(cpu.o)
 .bss           0x0000000020000c1c        0x0 /home/yashash/ti/ccs1020/ccs/tools/compiler/gcc-arm-none-eabi-7-2017-q4-major/bin/../lib/gcc/arm-none-eabi/7.2.1/../../../../arm-none-eabi/lib/thumb/v7e-m/fpv4-sp/hard/libg.a(lib_a-atoi.o)
 .bss           0x0000000020000c1c        0x0 /home/yashash/ti/ccs1020/ccs/tools/compiler/gcc-arm-none-eabi-7-2017-q4-major/bin/../lib/gcc/arm-none-eabi/7.2.1/../../../../arm-none-eabi/lib/thumb/v7e-m/fpv4-sp/hard/libg.a(lib_a-exit.o)
 .bss           0x0000000020000c1c        0x0 /home/yashash/ti/ccs1020/ccs/tools/compiler/gcc-arm-none-eabi-7-2017-q4-major/bin/../lib/gcc/arm-none-eabi/7.2.1/../../../../arm-none-eabi/lib/thumb/v7e-m/fpv4-sp/hard/libg.a(lib_a-impure.o)
 .bss           0x0000000020000c1c        0x0 /home/yashash/ti/ccs1020/ccs/tools/compiler/gcc-arm-none-eabi-7-2017-q4-major/bin/../lib/gcc/arm-none-eabi/7.2.1/../../../../arm-none-eabi/lib/thumb/v7e-m/fpv4-sp/hard/libg.a(lib_a-init.o)
 .bss           0x0000000020000c1c        0x0 /home/yashash/ti/ccs1020/ccs/tools/compiler/gcc-arm-none-eabi-7-2017-q4-major/bin/../lib/gcc/arm-none-eabi/7.2.1/../../../../arm-none-eabi/lib/thumb/v7e-m/fpv4-sp/hard/libg.a(lib_a-memset.o)
 .bss           0x0000000020000c1c        0x0 /home/yashash/ti/ccs1020/ccs/tools/compiler/gcc-arm-none-eabi-7-2017-q4-major/bin/../lib/gcc/arm-none-eabi/7.2.1/../../../../arm-none-eabi/lib/thumb/v7e-m/fpv4-sp/hard/libg.a(lib_a-strcpy.o)
 .bss           0x0000000020000c1c        0x0 /home/yashash/ti/ccs1020/ccs/tools/compiler/gcc-arm-none-eabi-7-2017-q4-major/bin/../lib/gcc/arm-none-eabi/7.2.1/../../../../arm-none-eabi/lib/thumb/v7e-m/fpv4-sp/hard/libg.a(lib_a-strstr.o)
 .bss           0x0000000020000c1c        0x0 /home/yashash/ti/ccs1020/ccs/tools/compiler/gcc-arm-none-eabi-7-2017-q4-major/bin/../lib/gcc/arm-none-eabi/7.2.1/../../../../arm-none-eabi/lib/thumb/v7e-m/fpv4-sp/hard/libg.a(lib_a-strtok.o)
 .bss           0x0000000020000c1c        0x0 /home/yashash/ti/ccs1020/ccs/tools/compiler/gcc-arm-none-eabi-7-2017-q4-major/bin/../lib/gcc/arm-none-eabi/7.2.1/../../../../arm-none-eabi/lib/thumb/v7e-m/fpv4-sp/hard/libg.a(lib_a-strtok_r.o)
 .bss           0x0000000020000c1c        0x0 /home/yashash/ti/ccs1020/ccs/tools/compiler/gcc-arm-none-eabi-7-2017-q4-major/bin/../lib/gcc/arm-none-eabi/7.2.1/../../../../arm-none-eabi/lib/thumb/v7e-m/fpv4-sp/hard/libg.a(lib_a-strtol.o)
 .bss           0x0000000020000c1c        0x0 /home/yashash/ti/ccs1020/ccs/tools/compiler/gcc-arm-none-eabi-7-2017-q4-major/bin/../lib/gcc/arm-none-eabi/7.2.1/../../../../arm-none-eabi/lib/thumb/v7e-m/fpv4-sp/hard/libg.a(lib_a-__call_atexit.o)
 .bss           0x0000000020000c1c        0x0 /home/yashash/ti/ccs1020/ccs/tools/compiler/gcc-arm-none-eabi-7-2017-q4-major/bin/../lib/gcc/arm-none-eabi/7.2.1/../../../../arm-none-eabi/lib/thumb/v7e-m/fpv4-sp/hard/libg.a(lib_a-atexit.o)
 .bss           0x0000000020000c1c        0x0 /home/yashash/ti/ccs1020/ccs/tools/compiler/gcc-arm-none-eabi-7-2017-q4-major/bin/../lib/gcc/arm-none-eabi/7.2.1/../../../../arm-none-eabi/lib/thumb/v7e-m/fpv4-sp/hard/libg.a(lib_a-fini.o)
 .bss           0x0000000020000c1c        0x0 /home/yashash/ti/ccs1020/ccs/tools/compiler/gcc-arm-none-eabi-7-2017-q4-major/bin/../lib/gcc/arm-none-eabi/7.2.1/../../../../arm-none-eabi/lib/thumb/v7e-m/fpv4-sp/hard/libg.a(lib_a-locale.o)
 .bss           0x0000000020000c1c        0x0 /home/yashash/ti/ccs1020/ccs/tools/compiler/gcc-arm-none-eabi-7-2017-q4-major/bin/../lib/gcc/arm-none-eabi/7.2.1/../../../../arm-none-eabi/lib/thumb/v7e-m/fpv4-sp/hard/libg.a(lib_a-lock.o)
 .bss           0x0000000020000c1c        0x0 /home/yashash/ti/ccs1020/ccs/tools/compiler/gcc-arm-none-eabi-7-2017-q4-major/bin/../lib/gcc/arm-none-eabi/7.2.1/../../../../arm-none-eabi/lib/thumb/v7e-m/fpv4-sp/hard/libg.a(lib_a-mbtowc_r.o)
 .bss           0x0000000020000c1c        0x0 /home/yashash/ti/ccs1020/ccs/tools/compiler/gcc-arm-none-eabi-7-2017-q4-major/bin/../lib/gcc/arm-none-eabi/7.2.1/../../../../arm-none-eabi/lib/thumb/v7e-m/fpv4-sp/hard/libg.a(lib_a-memchr.o)
 .bss           0x0000000020000c1c        0x0 /home/yashash/ti/ccs1020/ccs/tools/compiler/gcc-arm-none-eabi-7-2017-q4-major/bin/../lib/gcc/arm-none-eabi/7.2.1/../../../../arm-none-eabi/lib/thumb/v7e-m/fpv4-sp/hard/libg.a(lib_a-memcmp.o)
 .bss           0x0000000020000c1c        0x0 /home/yashash/ti/ccs1020/ccs/tools/compiler/gcc-arm-none-eabi-7-2017-q4-major/bin/../lib/gcc/arm-none-eabi/7.2.1/../../../../arm-none-eabi/lib/thumb/v7e-m/fpv4-sp/hard/libg.a(lib_a-strchr.o)
 .bss           0x0000000020000c1c        0x0 /home/yashash/ti/ccs1020/ccs/tools/compiler/gcc-arm-none-eabi-7-2017-q4-major/bin/../lib/gcc/arm-none-eabi/7.2.1/../../../../arm-none-eabi/lib/thumb/v7e-m/fpv4-sp/hard/libg.a(lib_a-strcmp.o)
 .bss           0x0000000020000c1c        0x0 /home/yashash/ti/ccs1020/ccs/tools/compiler/gcc-arm-none-eabi-7-2017-q4-major/bin/../lib/gcc/arm-none-eabi/7.2.1/../../../../arm-none-eabi/lib/thumb/v7e-m/fpv4-sp/hard/libg.a(lib_a-wctomb_r.o)
 .bss           0x0000000020000c1c        0x0 /home/yashash/ti/ccs1020/ccs/tools/compiler/gcc-arm-none-eabi-7-2017-q4-major/bin/../lib/gcc/arm-none-eabi/7.2.1/../../../../arm-none-eabi/lib/thumb/v7e-m/fpv4-sp/hard/libg.a(lib_a-__atexit.o)
 .bss           0x0000000020000c1c        0x0 /home/yashash/ti/ccs1020/ccs/tools/compiler/gcc-arm-none-eabi-7-2017-q4-major/bin/../lib/gcc/arm-none-eabi/7.2.1/../../../../arm-none-eabi/lib/thumb/v7e-m/fpv4-sp/hard/libg.a(lib_a-ctype_.o)
 .bss           0x0000000020000c1c        0x0 /home/yashash/ti/ccs1020/ccs/tools/compiler/gcc-arm-none-eabi-7-2017-q4-major/bin/../lib/gcc/arm-none-eabi/7.2.1/../../../../arm-none-eabi/lib/thumb/v7e-m/fpv4-sp/hard/libnosys.a(_exit.o)
 .bss           0x0000000020000c1c        0x0 /home/yashash/ti/ccs1020/ccs/tools/compiler/gcc-arm-none-eabi-7-2017-q4-major/bin/../lib/gcc/arm-none-eabi/7.2.1/thumb/v7e-m/fpv4-sp/hard/crtend.o
 .bss           0x0000000020000c1c        0x0 /home/yashash/ti/ccs1020/ccs/tools/compiler/gcc-arm-none-eabi-7-2017-q4-major/bin/../lib/gcc/arm-none-eabi/7.2.1/thumb/v7e-m/fpv4-sp/hard/crtn.o
 *(.bss.*)
 .bss.pui32Stack
                0x0000000020000c1c      0x200 ./tm4c123gh6pm_startup_ccs_gcc.o
 .bss._PathLocale
                0x0000000020000e1c        0x4 /home/yashash/ti/ccs1020/ccs/tools/compiler/gcc-arm-none-eabi-7-2017-q4-major/bin/../lib/gcc/arm-none-eabi/7.2.1/../../../../arm-none-eabi/lib/thumb/v7e-m/fpv4-sp/hard/libg.a(lib_a-locale.o)
                0x0000000020000e1c                _PathLocale
 *(COMMON)
 COMMON         0x0000000020000e20        0x4 ./switch_blink.o
                0x0000000020000e20                value
 COMMON         0x0000000020000e24       0x21 /home/yashash/ti/ccs1020/ccs/tools/compiler/gcc-arm-none-eabi-7-2017-q4-major/bin/../lib/gcc/arm-none-eabi/7.2.1/../../../../arm-none-eabi/lib/thumb/v7e-m/fpv4-sp/hard/libg.a(lib_a-lock.o)
                0x0000000020000e24                __lock___atexit_recursive_mutex
                0x0000000020000e28                __lock___arc4random_mutex
                0x0000000020000e2c                __lock___env_recursive_mutex
                0x0000000020000e30                __lock___sinit_recursive_mutex
                0x0000000020000e34                __lock___malloc_recursive_mutex
                0x0000000020000e38                __lock___at_quick_exit_mutex
                0x0000000020000e3c                __lock___dd_hash_mutex
                0x0000000020000e40                __lock___tz_mutex
                0x0000000020000e44                __lock___sfp_recursive_mutex
                0x0000000020000e48                . = ALIGN (0x4)
 *fill*         0x0000000020000e45        0x3 
                0x0000000020000e48                __bss_end__ = .

.heap           0x0000000020000e48        0x0
                0x0000000020000e48                __heap_start__ = .
                0x0000000020000e48                end = __heap_start__
                0x0000000020000e48                _end = end
                0x0000000020000e48                __end = end
 *(.heap)
                0x0000000020000e48                __heap_end__ = .
                0x0000000020000e48                __HeapLimit = __heap_end__

.stack          0x0000000020000e48        0x0
                0x0000000020000e48                _stack = .
                0x0000000020000e48                __stack = .
 *(.stack)
START GROUP
LOAD /home/yashash/ti/TivaWare_C_Series-2.1.4.178/driverlib/gcc/libdriver.a
END GROUP
START GROUP
LOAD /home/yashash/ti/ccs1020/ccs/tools/compiler/gcc-arm-none-eabi-7-2017-q4-major/bin/../lib/gcc/arm-none-eabi/7.2.1/thumb/v7e-m/fpv4-sp/hard/libgcc.a
LOAD /home/yashash/ti/ccs1020/ccs/tools/compiler/gcc-arm-none-eabi-7-2017-q4-major/bin/../lib/gcc/arm-none-eabi/7.2.1/../../../../arm-none-eabi/lib/thumb/v7e-m/fpv4-sp/hard/libg.a
LOAD /home/yashash/ti/ccs1020/ccs/tools/compiler/gcc-arm-none-eabi-7-2017-q4-major/bin/../lib/gcc/arm-none-eabi/7.2.1/../../../../arm-none-eabi/lib/thumb/v7e-m/fpv4-sp/hard/libc.a
END GROUP
START GROUP
LOAD /home/yashash/ti/ccs1020/ccs/tools/compiler/gcc-arm-none-eabi-7-2017-q4-major/bin/../lib/gcc/arm-none-eabi/7.2.1/thumb/v7e-m/fpv4-sp/hard/libgcc.a
LOAD /home/yashash/ti/ccs1020/ccs/tools/compiler/gcc-arm-none-eabi-7-2017-q4-major/bin/../lib/gcc/arm-none-eabi/7.2.1/../../../../arm-none-eabi/lib/thumb/v7e-m/fpv4-sp/hard/libc.a
LOAD /home/yashash/ti/ccs1020/ccs/tools/compiler/gcc-arm-none-eabi-7-2017-q4-major/bin/../lib/gcc/arm-none-eabi/7.2.1/../../../../arm-none-eabi/lib/thumb/v7e-m/fpv4-sp/hard/libnosys.a
END GROUP
LOAD /home/yashash/ti/ccs1020/ccs/tools/compiler/gcc-arm-none-eabi-7-2017-q4-major/bin/../lib/gcc/arm-none-eabi/7.2.1/thumb/v7e-m/fpv4-sp/hard/crtend.o
LOAD /home/yashash/ti/ccs1020/ccs/tools/compiler/gcc-arm-none-eabi-7-2017-q4-major/bin/../lib/gcc/arm-none-eabi/7.2.1/thumb/v7e-m/fpv4-sp/hard/crtn.o
OUTPUT(yash_lab3_uart.out elf32-littlearm)

.ARM.attributes
                0x0000000000000000       0x30
 .ARM.attributes
                0x0000000000000000       0x22 /home/yashash/ti/ccs1020/ccs/tools/compiler/gcc-arm-none-eabi-7-2017-q4-major/bin/../lib/gcc/arm-none-eabi/7.2.1/thumb/v7e-m/fpv4-sp/hard/crti.o
 .ARM.attributes
                0x0000000000000022       0x34 /home/yashash/ti/ccs1020/ccs/tools/compiler/gcc-arm-none-eabi-7-2017-q4-major/bin/../lib/gcc/arm-none-eabi/7.2.1/thumb/v7e-m/fpv4-sp/hard/crtbegin.o
 .ARM.attributes
                0x0000000000000056       0x20 /home/yashash/ti/ccs1020/ccs/tools/compiler/gcc-arm-none-eabi-7-2017-q4-major/bin/../lib/gcc/arm-none-eabi/7.2.1/../../../../arm-none-eabi/lib/thumb/v7e-m/fpv4-sp/hard/crt0.o
 .ARM.attributes
                0x0000000000000076       0x39 ./switch_blink.o
 .ARM.attributes
                0x00000000000000af       0x39 ./tm4c123gh6pm_startup_ccs_gcc.o
 .ARM.attributes
                0x00000000000000e8       0x3b /home/yashash/ti/TivaWare_C_Series-2.1.4.178/driverlib/gcc/libdriver.a(gpio.o)
 .ARM.attributes
                0x0000000000000123       0x3b /home/yashash/ti/TivaWare_C_Series-2.1.4.178/driverlib/gcc/libdriver.a(interrupt.o)
 .ARM.attributes
                0x000000000000015e       0x3b /home/yashash/ti/TivaWare_C_Series-2.1.4.178/driverlib/gcc/libdriver.a(sysctl.o)
 .ARM.attributes
                0x0000000000000199       0x3b /home/yashash/ti/TivaWare_C_Series-2.1.4.178/driverlib/gcc/libdriver.a(uart.o)
 .ARM.attributes
                0x00000000000001d4       0x3b /home/yashash/ti/TivaWare_C_Series-2.1.4.178/driverlib/gcc/libdriver.a(cpu.o)
 .ARM.attributes
                0x000000000000020f       0x34 /home/yashash/ti/ccs1020/ccs/tools/compiler/gcc-arm-none-eabi-7-2017-q4-major/bin/../lib/gcc/arm-none-eabi/7.2.1/../../../../arm-none-eabi/lib/thumb/v7e-m/fpv4-sp/hard/libg.a(lib_a-atoi.o)
 .ARM.attributes
                0x0000000000000243       0x34 /home/yashash/ti/ccs1020/ccs/tools/compiler/gcc-arm-none-eabi-7-2017-q4-major/bin/../lib/gcc/arm-none-eabi/7.2.1/../../../../arm-none-eabi/lib/thumb/v7e-m/fpv4-sp/hard/libg.a(lib_a-exit.o)
 .ARM.attributes
                0x0000000000000277       0x34 /home/yashash/ti/ccs1020/ccs/tools/compiler/gcc-arm-none-eabi-7-2017-q4-major/bin/../lib/gcc/arm-none-eabi/7.2.1/../../../../arm-none-eabi/lib/thumb/v7e-m/fpv4-sp/hard/libg.a(lib_a-impure.o)
 .ARM.attributes
                0x00000000000002ab       0x34 /home/yashash/ti/ccs1020/ccs/tools/compiler/gcc-arm-none-eabi-7-2017-q4-major/bin/../lib/gcc/arm-none-eabi/7.2.1/../../../../arm-none-eabi/lib/thumb/v7e-m/fpv4-sp/hard/libg.a(lib_a-init.o)
 .ARM.attributes
                0x00000000000002df       0x34 /home/yashash/ti/ccs1020/ccs/tools/compiler/gcc-arm-none-eabi-7-2017-q4-major/bin/../lib/gcc/arm-none-eabi/7.2.1/../../../../arm-none-eabi/lib/thumb/v7e-m/fpv4-sp/hard/libg.a(lib_a-memset.o)
 .ARM.attributes
                0x0000000000000313       0x34 /home/yashash/ti/ccs1020/ccs/tools/compiler/gcc-arm-none-eabi-7-2017-q4-major/bin/../lib/gcc/arm-none-eabi/7.2.1/../../../../arm-none-eabi/lib/thumb/v7e-m/fpv4-sp/hard/libg.a(lib_a-strcpy.o)
 .ARM.attributes
                0x0000000000000347       0x34 /home/yashash/ti/ccs1020/ccs/tools/compiler/gcc-arm-none-eabi-7-2017-q4-major/bin/../lib/gcc/arm-none-eabi/7.2.1/../../../../arm-none-eabi/lib/thumb/v7e-m/fpv4-sp/hard/libg.a(lib_a-strstr.o)
 .ARM.attributes
                0x000000000000037b       0x34 /home/yashash/ti/ccs1020/ccs/tools/compiler/gcc-arm-none-eabi-7-2017-q4-major/bin/../lib/gcc/arm-none-eabi/7.2.1/../../../../arm-none-eabi/lib/thumb/v7e-m/fpv4-sp/hard/libg.a(lib_a-strtok.o)
 .ARM.attributes